RECEIVED347 guard_B0 18492 steps
RECEIVED347 D3_33531_original 18495 steps
RECEIVED347 D3_33531_half 18492 steps
RECEIVED347 D3_33531_reflection 18492 steps
RECEIVED347 V6_33531_original 18472 steps
RECEIVED347 V6_33531_half 18480 steps
RECEIVED347 V6_33531_reflection 18481 steps
RECEIVED347 D3_33532_original 18515 steps
RECEIVED347 D3_33532_half 18503 steps
RECEIVED347 D3_33532_reflection 18500 steps
RECEIVED347 V6_33532_original 18494 steps
RECEIVED347 V6_33532_half 18497 steps
RECEIVED347 V6_33532_reflection 18504 steps
RECEIVED347 D3_33533_original 18492 steps
RECEIVED347 D3_33533_half 18492 steps
RECEIVED347 D3_33533_reflection 18492 steps
RECEIVED347 V6_33533_original 18482 steps
RECEIVED347 V6_33533_half 18485 steps
RECEIVED347 V6_33533_reflection 18480 steps
DONE34719independent receipts;reproduction True primaryyawbetterthanhalf True
