reduction {"order": 6, "method": "modal", "vmc_condition": 1.3782055460660536, "projection_condition": 20.20539014108477, "omitted_radius": 0.9935566191757785, "max_relative_frf_error": 0.0028123571312865282, "reduced_closed_radius": 0.9989507930323593, "full_closed_radius": 0.9989516950214622, "linear_pass": true}
reduction {"order": 6, "method": "modal", "vmc_condition": 1.4999430560359601, "projection_condition": 20.316571278155383, "omitted_radius": 0.9870654971676265, "max_relative_frf_error": 0.002604862399465738, "reduced_closed_radius": 0.9989220534129091, "full_closed_radius": 0.9989229385579487, "linear_pass": true}
reduction {"order": 6, "method": "modal", "vmc_condition": 1.1692020288503353, "projection_condition": 24.928412986500543, "omitted_radius": 0.986525386712174, "max_relative_frf_error": 0.0028457372278306503, "reduced_closed_radius": 0.998875960691861, "full_closed_radius": 0.9988769768204375, "linear_pass": true}
reduction {"order": 6, "method": "modal", "vmc_condition": 1.0703721088466125, "projection_condition": 26.96332831445564, "omitted_radius": 0.9865003916921553, "max_relative_frf_error": 0.0029245363631001517, "reduced_closed_radius": 0.9988613177526111, "full_closed_radius": 0.9988623451106616, "linear_pass": true}
reduction {"order": 6, "method": "modal", "vmc_condition": 1.898231218528725, "projection_condition": 29.632941238874096, "omitted_radius": 0.9900192987081642, "max_relative_frf_error": 0.003472138238343771, "reduced_closed_radius": 0.9988501522974549, "full_closed_radius": 0.998851314107305, "linear_pass": true}
Warp 1.17.0 initialized:
   CUDA Toolkit 12.9, Driver 13.0
   Devices:
     "cpu"      : "x86_64"
     "cuda:0"   : "NVIDIA GeForce RTX 5060 Laptop GPU" (8 GiB, sm_120, mempool enabled)
   Kernel cache:
     /home/wmt/.cache/warp/1.17.0
reduction {"order": 6, "method": "modal", "vmc_condition": 1.3782055460660536, "projection_condition": 22.807120144044745, "omitted_radius": 0.9935578112614408, "max_relative_frf_error": 0.002848389025117791, "reduced_closed_radius": 0.9989510591868617, "full_closed_radius": 0.998951972942502, "linear_pass": true}
reduction {"order": 6, "method": "modal", "vmc_condition": 1.4999430560359601, "projection_condition": 20.927270009449636, "omitted_radius": 0.9870748210524375, "max_relative_frf_error": 0.0025988345424261435, "reduced_closed_radius": 0.9989220057139586, "full_closed_radius": 0.9989229199995769, "linear_pass": true}
reduction {"order": 6, "method": "modal", "vmc_condition": 1.1692020288503353, "projection_condition": 24.77954529917417, "omitted_radius": 0.9865248329640839, "max_relative_frf_error": 0.0028353847996350056, "reduced_closed_radius": 0.998875822776472, "full_closed_radius": 0.9988768546432709, "linear_pass": true}
reduction {"order": 6, "method": "modal", "vmc_condition": 1.0703721088466125, "projection_condition": 26.86518990156714, "omitted_radius": 0.9865208575083134, "max_relative_frf_error": 0.0029161310892778748, "reduced_closed_radius": 0.9988611909147412, "full_closed_radius": 0.9988622275746445, "linear_pass": true}
reduction {"order": 6, "method": "modal", "vmc_condition": 1.898231218528725, "projection_condition": 30.430514512924493, "omitted_radius": 0.9900095341205083, "max_relative_frf_error": 0.003464656240716812, "reduced_closed_radius": 0.9988503518062063, "full_closed_radius": 0.9988515290564789, "linear_pass": true}
Module native.environment 50f2948 load on device 'cuda:0' took 5.61 ms  (cached)
Module mujoco_warp._src.smooth d04e5a7 load on device 'cuda:0' took 3.25 ms  (cached)
Module _nxn_broadphase__locals__kernel_e53c1aaf e53c1aa load on device 'cuda:0' took 0.49 ms  (cached)
Module ccd_kernel_builder__locals__ccd_kernel_dc932c87 dc932c8 load on device 'cuda:0' took 1.53 ms  (cached)
Module ccd_kernel_builder__locals__ccd_kernel_dc932c87 0536302 load on device 'cuda:0' took 1.21 ms  (cached)
Module ccd_kernel_builder__locals__ccd_kernel_77faf322 77faf32 load on device 'cuda:0' took 1.13 ms  (cached)
Module ccd_kernel_builder__locals__ccd_kernel_77faf322 6ee6343 load on device 'cuda:0' took 1.13 ms  (cached)
Module ccd_kernel_builder__locals__ccd_kernel_9b00dbf3 9b00dbf load on device 'cuda:0' took 1.21 ms  (cached)
Module ccd_kernel_builder__locals__ccd_kernel_9b00dbf3 4b7a81d load on device 'cuda:0' took 1.13 ms  (cached)
Module _primitive_narrowphase__locals__primitive_narrowphase_29711bf2 29711bf load on device 'cuda:0' took 2.95 ms  (cached)
Module mujoco_warp._src.constraint 8d4d513 load on device 'cuda:0' took 0.28 ms  (cached)
Module _equality_connect__locals__kernel_95a1902a 95a1902 load on device 'cuda:0' took 0.56 ms  (cached)
Module _friction_dof__locals__kernel_22ded5f6 22ded5f load on device 'cuda:0' took 0.42 ms  (cached)
Module _limit_slide_hinge__locals__kernel_24a318de 24a318d load on device 'cuda:0' took 0.45 ms  (cached)
Module _efc_contact_init__locals__kernel_6bd38bb8 6bd38bb load on device 'cuda:0' took 0.48 ms  (cached)
Module _efc_contact_jac_dense__locals__kernel_b0c1fdf8 5fcbd59 load on device 'cuda:0' took 0.40 ms  (cached)
Module _efc_contact_update__locals__kernel_0221ea98 0221ea9 load on device 'cuda:0' took 0.44 ms  (cached)
Module mujoco_warp._src.sensor 830d16a load on device 'cuda:0' took 1.62 ms  (cached)
Module mujoco_warp._src.forward 4b55789 load on device 'cuda:0' took 2.01 ms  (cached)
Module mujoco_warp._src.passive 80f3681 load on device 'cuda:0' took 0.98 ms  (cached)
Module mujoco_warp._src.support a59a7bc load on device 'cuda:0' took 0.42 ms  (cached)
Module mujoco_warp._src.forward a1745d1 load on device 'cuda:0' took 0.93 ms  (cached)
Module _qfrc_smooth__locals__kernel_8b823980 8b82398 load on device 'cuda:0' took 0.34 ms  (cached)
Module _tile_cholesky_factorize_solve_block__locals__kernel_b2df853c 8e521d6 load on device 'cuda:0' took 20.21 ms  (cached)
Module _solve_init_dof__locals__kernel_021c7a0e 021c7a0 load on device 'cuda:0' took 0.49 ms  (cached)
Module mujoco_warp._src.solver 357f443 load on device 'cuda:0' took 1.00 ms  (cached)
Module _solve_init_jaref_kernel__locals__kernel_2eec593e 2eec593 load on device 'cuda:0' took 0.36 ms  (cached)
Module mul_m_kernel__locals___mul_m_f3de1cc7 f3de1cc load on device 'cuda:0' took 0.45 ms  (cached)
Module _update_constraint_efc__locals__kernel_0539aa50 0539aa5 load on device 'cuda:0' took 0.44 ms  (cached)
Module _update_constraint_init_qfrc_constraint_dense__locals__kernel_bd7ca2ec bd7ca2e load on device 'cuda:0' took 0.28 ms  (cached)
Module _update_gradient_zero_grad_dot__locals__kernel_b20934d7 b20934d load on device 'cuda:0' took 0.32 ms  (cached)
Module _update_gradient_grad__locals__kernel_c876081d c876081 load on device 'cuda:0' took 0.32 ms  (cached)
Module _update_gradient_JTDAJ_dense_tiled__locals__kernel_5c94f5d4 f88e687 load on device 'cuda:0' took 0.50 ms  (cached)
Module _update_gradient_cholesky__locals__kernel_6c06c3f2 efb5dd3 load on device 'cuda:0' took 21.00 ms  (cached)
Module _linesearch_iterative_kernel__locals__kernel_7b6ae456 37b92b5 load on device 'cuda:0' took 0.63 ms  (cached)
Module _update_constraint_efc__locals__kernel_e953547e e953547 load on device 'cuda:0' took 0.45 ms  (cached)
Module _update_constraint_init_qfrc_constraint_dense__locals__kernel_d92a3413 d92a341 load on device 'cuda:0' took 0.35 ms  (cached)
Module _update_gradient_zero_grad_dot__locals__kernel_e9f8c963 e9f8c96 load on device 'cuda:0' took 0.34 ms  (cached)
Module _update_gradient_grad__locals__kernel_87959044 8795904 load on device 'cuda:0' took 0.32 ms  (cached)
Module _update_gradient_cholesky__locals__kernel_835d0b9f fc3b546 load on device 'cuda:0' took 21.92 ms  (cached)
Module _solve_done__locals__kernel_0c4a4b4d 0c4a4b4 load on device 'cuda:0' took 0.38 ms  (cached)
Module native.shared_reference ad9d38f load on device 'cuda:0' took 2.27 ms  (cached)
Module native.controller 7b55bc9 load on device 'cuda:0' took 28.72 ms  (cached)
Module mujoco_warp._src.derivative 8222a58 load on device 'cuda:0' took 0.88 ms  (cached)
Module _next_time_builder__locals___next_time_f604e0b3 f604e0b load on device 'cuda:0' took 0.31 ms  (cached)
Module native.environment 7a50645 load on device 'cuda:0' took 4.33 ms  (cached)
COLLECT 888 same-state snapshots; failures 1
CALIBRATE diff3 {'std': [0.4880876804459757, 0.4840345341516637, 0.2504962971999982], 'log_std': [-0.717260216223226, -0.7255990232578822, -1.3843111402032007], 'nfev': 10, 'all_objective_calls': 28, 'optimizer_success': True, 'optimizer_message': '`xtol` termination condition is satisfied.', 'pilot_rms': [0.002207844176671328, 0.0021880681157015304, 0.002208775036124269, 0.002189031754139072, 0.015107148642203172, 0.01466160143800926], 'calibrated_rms': [0.0030265505820266598, 0.0029727258693317336, 0.0030278208631200026, 0.0029740271088623885, 0.01512327663860238, 0.014677254058063633], 'relative_error_to_target': [0.004950112985623534, -0.00024298849007409196, 0.02072523554698158, -0.025882574179687534, -0.004875292026985223, 0.004997244083643215]}
CALIBRATE virtual6 {'std': [0.3489081843551093, 0.3767165598777854, 0.5406448146235712, 0.44491027786648873, 0.2486265500433748, 0.2508601870658814], 'log_std': [-1.052946473468921, -0.9762622048633645, -0.6149927506408, -0.8098826399164358, -1.391803307364389, -1.382859518687563], 'nfev': 9, 'all_objective_calls': 51, 'optimizer_success': True, 'optimizer_message': '`xtol` termination condition is satisfied.', 'pilot_rms': [0.002231937396505766, 0.0022083638909712448, 0.0022797258600863643, 0.002328577281291679, 0.015242679894677669, 0.014575692808428051], 'calibrated_rms': [0.0030196822691329196, 0.002952815395775148, 0.0029770963764452754, 0.0030321811762469295, 0.015197526785734373, 0.014604183566709754], 'relative_error_to_target': [0.0026695260165590096, -0.006939077001307803, 0.0036252266793139754, -0.006834701262591225, 1.0431996145809919e-05, -6.1197706562321486e-06]}
CALIBRATE torque6 {'std': [0.12548380463016834, 0.12680404349840907, 0.13511735394318347, 0.12586263763217279, 0.24862636155921958, 0.2508601598284543], 'log_std': [-2.0755785755091165, -2.065112348698733, -2.001611589688082, -2.072564144228853, -1.391804065466155, -1.3828596272636944], 'nfev': 4, 'all_objective_calls': 28, 'optimizer_success': True, 'optimizer_message': '`xtol` termination condition is satisfied.', 'pilot_rms': [0.0055431913654951735, 0.005440636822618981, 0.00518358070328181, 0.0055828776962899935, 0.015242679894677669, 0.014575692808428051], 'calibrated_rms': [0.0030139063615884083, 0.0029753534991410987, 0.002968156495475834, 0.003055500293552326, 0.01519752055467053, 0.01460418266845359], 'relative_error_to_target': [0.0007516664658475669, 0.0006407093149158882, 0.0006114545571112018, 0.0008032783826663614, 1.0021986745600842e-05, -6.1812770500990766e-06]}
PASS CONDITIONAL INITIAL ACTION AUDIT {'states': 12, 'draws_per_state': 16, 'substeps': 40, 'modes': 3, 'checked_ticks': [1, 10, 40], 'native_host_command_max_difference_Nm': 2.384185791015625e-07, 'cpu_direct_motor_force_max_error_Nm': 0.0}
