reduction {"order": 6, "vmc_condition": 1.4999430554205029, "frequencies_hz": [0.2, 0.5, 1.0, 2.0, 5.0], "relative_frf_errors": [0.0769583732969054, 0.06874310315613191, 0.20023878128302755, 0.13389618300866507, 0.14886978474950466], "omitted_radius": 0.9870763227800186, "reduced_closed_radius": 0.9989113868108487, "full_closed_radius": 0.9989705681350578, "linear_pass": false}
reduction {"order": 6, "vmc_condition": 1.1692020298128338, "frequencies_hz": [0.2, 0.5, 1.0, 2.0, 5.0], "relative_frf_errors": [0.07571433046228947, 0.062107635319373126, 0.11518196393987802, 0.15986276742124975, 0.19034658924296807], "omitted_radius": 0.9865966622827597, "reduced_closed_radius": 0.9988674541175939, "full_closed_radius": 0.9989085297949815, "linear_pass": false}
reduction {"order": 6, "vmc_condition": 1.0703721091732656, "frequencies_hz": [0.2, 0.5, 1.0, 2.0, 5.0], "relative_frf_errors": [0.07508768760101057, 0.08349961597658327, 0.12655022735699742, 0.18549514110526158, 0.2183616657593417], "omitted_radius": 0.986591652665862, "reduced_closed_radius": 0.9988549455918622, "full_closed_radius": 0.9988884770613842, "linear_pass": false}
reduction {"order": 6, "vmc_condition": 1.8982312193313793, "frequencies_hz": [0.2, 0.5, 1.0, 2.0, 5.0], "relative_frf_errors": [0.11452724930454021, 0.14324103012004527, 0.20528218558468397, 0.2806384572765043, 0.3216091179699638], "omitted_radius": 0.9900142345330282, "reduced_closed_radius": 0.9988526135546935, "full_closed_radius": 0.9988716944786835, "linear_pass": false}
jb t= 4.00 z=0.3489 roll=+0.000 pitch=-0.001 vx=-1.00 bx=-2.75
jb t= 4.25 z=0.3436 roll=+0.000 pitch=-0.001 vx=-1.00 bx=-3.00
jb t= 4.50 z=0.3349 roll=+0.000 pitch=-0.001 vx=-1.00 bx=-3.25
jb t= 4.75 z=0.3261 roll=+0.000 pitch=-0.001 vx=-1.00 bx=-3.50
jb t= 5.00 z=0.3174 roll=+0.000 pitch=-0.001 vx=-1.00 bx=-3.75
jb t= 5.25 z=0.3086 roll=+0.000 pitch=-0.001 vx=-1.00 bx=-4.00
jb t= 5.50 z=0.2998 roll=+0.000 pitch=-0.001 vx=-1.00 bx=-4.25
jb t= 5.75 z=0.2981 roll=+0.000 pitch=-0.001 vx=-1.00 bx=-4.50
jb t= 6.00 z=0.2957 roll=+0.000 pitch=-0.001 vx=-1.00 bx=-4.75
jb t= 6.25 z=0.2899 roll=+0.000 pitch=-0.001 vx=-1.00 bx=-5.00
jb t= 6.50 z=0.2756 roll=-0.000 pitch=-0.001 vx=-1.00 bx=-5.25
jb t= 6.75 z=0.2345 roll=-0.000 pitch=-0.001 vx=-1.00 bx=-5.50
jb t= 7.00 z=0.2177 roll=+0.000 pitch=-0.000 vx=-1.00 bx=-5.75
jb t= 7.25 z=0.2174 roll=+0.000 pitch=-0.000 vx=-1.00 bx=-6.00
jb t= 7.50 z=0.2168 roll=+0.000 pitch=-0.000 vx=-1.00 bx=-6.25
jb t= 7.75 z=0.2160 roll=+0.001 pitch=-0.000 vx=-1.00 bx=-6.50
jb t= 8.00 z=0.2147 roll=+0.001 pitch=-0.000 vx=-1.00 bx=-6.75
jb t= 8.25 z=0.2132 roll=+0.001 pitch=-0.000 vx=-1.00 bx=-7.00
jb t= 8.50 z=0.2113 roll=+0.001 pitch=-0.000 vx=-1.00 bx=-7.25
jb t= 8.75 z=0.2091 roll=+0.001 pitch=-0.000 vx=-1.00 bx=-7.50
jb t= 9.00 z=0.2065 roll=+0.001 pitch=-0.000 vx=-1.00 bx=-7.75
jb t= 9.25 z=0.2059 roll=+0.001 pitch=-0.000 vx=-1.00 bx=-8.00
jb t= 9.50 z=0.2059 roll=+0.001 pitch=-0.000 vx=-1.00 bx=-8.25
jb t= 9.75 z=0.2059 roll=+0.000 pitch=-0.000 vx=-1.00 bx=-8.50
jb t=10.00 z=0.2059 roll=+0.001 pitch=-0.000 vx=-1.00 bx=-8.75
jb t=10.25 z=0.2059 roll=+0.001 pitch=-0.000 vx=-1.00 bx=-9.00
jb t=10.50 z=0.2059 roll=+0.001 pitch=-0.000 vx=-1.00 bx=-9.25
jb t=10.75 z=0.2059 roll=+0.001 pitch=-0.000 vx=-1.00 bx=-9.50
jb t=11.00 z=0.2059 roll=+0.001 pitch=-0.000 vx=-1.00 bx=-9.75
jb t=11.25 z=0.2059 roll=+0.001 pitch=-0.000 vx=-1.00 bx=-10.00
jb t=11.50 z=0.2059 roll=+0.001 pitch=-0.000 vx=-1.00 bx=-10.25
jb t=11.75 z=0.2059 roll=+0.001 pitch=-0.000 vx=-1.00 bx=-10.50
jb t=12.00 z=0.2059 roll=+0.001 pitch=-0.000 vx=-1.00 bx=-10.75
jb t=12.25 z=0.2059 roll=+0.001 pitch=-0.000 vx=-1.00 bx=-11.00
jb t=12.50 z=0.2059 roll=+0.001 pitch=-0.000 vx=-1.00 bx=-11.25
jb t=12.75 z=0.2059 roll=+0.001 pitch=-0.000 vx=-1.00 bx=-11.50
jb t=13.00 z=0.2059 roll=+0.001 pitch=-0.000 vx=-1.00 bx=-11.75
jb t=13.25 z=0.2059 roll=+0.001 pitch=-0.000 vx=-1.00 bx=-12.00
jb t=13.50 z=0.2059 roll=+0.001 pitch=-0.000 vx=-1.00 bx=-12.25
jb t=13.75 z=0.2059 roll=+0.001 pitch=-0.000 vx=-1.00 bx=-12.50
jb t=14.00 z=0.2059 roll=+0.001 pitch=-0.000 vx=-1.00 bx=-12.75
jb t=14.25 z=0.2059 roll=+0.001 pitch=-0.000 vx=-1.00 bx=-13.00
jb t=14.50 z=0.2059 roll=+0.001 pitch=-0.000 vx=-1.00 bx=-13.25
jb t=14.75 z=0.2059 roll=+0.001 pitch=-0.000 vx=-1.00 bx=-13.50
jb t=15.00 z=0.2059 roll=+0.001 pitch=-0.000 vx=-1.00 bx=-13.75
jb t=15.25 z=0.2059 roll=+0.001 pitch=-0.000 vx=-1.00 bx=-14.00
jb t=15.50 z=0.2059 roll=+0.001 pitch=-0.000 vx=-1.00 bx=-14.25
jb t=15.75 z=0.2059 roll=+0.001 pitch=-0.000 vx=-1.00 bx=-14.50
jb t=16.00 z=0.2059 roll=+0.001 pitch=-0.000 vx=-1.00 bx=-14.75
jb t=16.25 z=0.2059 roll=+0.001 pitch=-0.000 vx=-1.00 bx=-15.00
jb t=16.50 z=0.2059 roll=+0.001 pitch=-0.000 vx=-1.00 bx=-15.25
jb t=16.75 z=0.2059 roll=+0.001 pitch=-0.000 vx=-1.00 bx=-15.50
jb t=17.00 z=0.2059 roll=+0.001 pitch=-0.000 vx=-1.00 bx=-15.75
jb t=17.25 z=0.2059 roll=+0.001 pitch=-0.000 vx=-1.00 bx=-16.00
jb t=17.50 z=0.2059 roll=+0.001 pitch=-0.000 vx=-1.00 bx=-16.25
jb t=17.75 z=0.2059 roll=+0.001 pitch=-0.000 vx=-1.00 bx=-16.50
后退跳: 失败 (起跳速度=0.00m/s, COM跳高=0.000m, 最大横滚=0.02°, 最大平台俯仰=0.07°, 最大偏航=5.62°, bx=-16.75)
输出/状态有效=True 非轮碰撞=False roll峰值=0.021°
