reduction {"order": 6, "vmc_condition": 1.4999430554205029, "frequencies_hz": [0.2, 0.5, 1.0, 2.0, 5.0], "relative_frf_errors": [0.0769583732969054, 0.06874310315613191, 0.20023878128302755, 0.13389618300866507, 0.14886978474950466], "omitted_radius": 0.9870763227800186, "reduced_closed_radius": 0.9989113868108487, "full_closed_radius": 0.9989705681350578, "linear_pass": false}
reduction {"order": 6, "vmc_condition": 1.1692020298128338, "frequencies_hz": [0.2, 0.5, 1.0, 2.0, 5.0], "relative_frf_errors": [0.07571433046228947, 0.062107635319373126, 0.11518196393987802, 0.15986276742124975, 0.19034658924296807], "omitted_radius": 0.9865966622827597, "reduced_closed_radius": 0.9988674541175939, "full_closed_radius": 0.9989085297949815, "linear_pass": false}
reduction {"order": 6, "vmc_condition": 1.0703721091732656, "frequencies_hz": [0.2, 0.5, 1.0, 2.0, 5.0], "relative_frf_errors": [0.07508768760101057, 0.08349961597658327, 0.12655022735699742, 0.18549514110526158, 0.2183616657593417], "omitted_radius": 0.986591652665862, "reduced_closed_radius": 0.9988549455918622, "full_closed_radius": 0.9988884770613842, "linear_pass": false}
reduction {"order": 6, "vmc_condition": 1.8982312193313793, "frequencies_hz": [0.2, 0.5, 1.0, 2.0, 5.0], "relative_frf_errors": [0.11452724930454021, 0.14324103012004527, 0.20528218558468397, 0.2806384572765043, 0.3216091179699638], "omitted_radius": 0.9900142345330282, "reduced_closed_radius": 0.9988526135546935, "full_closed_radius": 0.9988716944786835, "linear_pass": false}
jf t= 4.00 z=0.3490 pitch=+0.001 vx=1.00 bx=2.75
jf t= 4.25 z=0.3438 pitch=+0.001 vx=1.00 bx=3.00
jf t= 4.50 z=0.3350 pitch=+0.001 vx=1.00 bx=3.25
jf t= 4.75 z=0.3263 pitch=+0.001 vx=1.00 bx=3.50
jf t= 5.00 z=0.3175 pitch=+0.001 vx=1.00 bx=3.75
jf t= 5.25 z=0.3088 pitch=+0.001 vx=1.00 bx=4.00
jf t= 5.50 z=0.3000 pitch=+0.001 vx=1.00 bx=4.25
jf t= 5.75 z=0.2986 pitch=+0.001 vx=1.00 bx=4.50
jf t= 6.00 z=0.2970 pitch=+0.001 vx=1.00 bx=4.75
jf t= 6.25 z=0.2927 pitch=+0.001 vx=1.00 bx=5.01
jf t= 6.50 z=0.2824 pitch=+0.001 vx=1.00 bx=5.26
jf t= 6.75 z=0.2542 pitch=+0.001 vx=1.00 bx=5.51
jf t= 7.00 z=0.2174 pitch=+0.000 vx=1.00 bx=5.76
jf t= 7.25 z=0.2175 pitch=+0.001 vx=1.00 bx=6.01
jf t= 7.50 z=0.2169 pitch=+0.001 vx=1.00 bx=6.26
jf t= 7.75 z=0.2160 pitch=+0.001 vx=1.00 bx=6.51
jf t= 8.00 z=0.2148 pitch=+0.001 vx=1.00 bx=6.76
jf t= 8.25 z=0.2133 pitch=+0.000 vx=1.00 bx=7.00
jf t= 8.50 z=0.2114 pitch=+0.000 vx=1.00 bx=7.25
jf t= 8.75 z=0.2091 pitch=+0.000 vx=1.00 bx=7.50
jf t= 9.00 z=0.2066 pitch=+0.000 vx=1.00 bx=7.75
jf t= 9.25 z=0.2059 pitch=+0.000 vx=1.00 bx=8.00
jf t= 9.50 z=0.2059 pitch=+0.000 vx=1.00 bx=8.25
jf t= 9.75 z=0.2059 pitch=+0.000 vx=1.00 bx=8.50
jf t=10.00 z=0.2059 pitch=+0.000 vx=1.00 bx=8.75
jf t=10.25 z=0.2059 pitch=+0.000 vx=1.00 bx=9.00
jf t=10.50 z=0.2059 pitch=+0.000 vx=1.00 bx=9.25
jf t=10.75 z=0.2059 pitch=+0.000 vx=1.00 bx=9.50
jf t=11.00 z=0.2059 pitch=+0.000 vx=1.00 bx=9.75
jf t=11.25 z=0.2059 pitch=+0.000 vx=1.00 bx=10.00
jf t=11.50 z=0.2059 pitch=+0.000 vx=1.00 bx=10.25
jf t=11.75 z=0.2059 pitch=+0.000 vx=1.00 bx=10.50
jf t=12.00 z=0.2059 pitch=+0.000 vx=1.00 bx=10.75
jf t=12.25 z=0.2059 pitch=+0.000 vx=1.00 bx=11.00
jf t=12.50 z=0.2059 pitch=+0.000 vx=1.00 bx=11.25
jf t=12.75 z=0.2059 pitch=+0.000 vx=1.00 bx=11.50
jf t=13.00 z=0.2059 pitch=+0.000 vx=1.00 bx=11.75
jf t=13.25 z=0.2059 pitch=+0.000 vx=1.00 bx=12.00
jf t=13.50 z=0.2059 pitch=+0.000 vx=1.00 bx=12.25
jf t=13.75 z=0.2059 pitch=+0.000 vx=1.00 bx=12.50
jf t=14.00 z=0.2059 pitch=+0.000 vx=1.00 bx=12.75
jf t=14.25 z=0.2059 pitch=+0.000 vx=1.00 bx=13.00
jf t=14.50 z=0.2059 pitch=+0.000 vx=1.00 bx=13.25
jf t=14.75 z=0.2059 pitch=+0.000 vx=1.00 bx=13.50
jf t=15.00 z=0.2059 pitch=+0.000 vx=1.00 bx=13.75
jf t=15.25 z=0.2059 pitch=+0.000 vx=1.00 bx=14.00
jf t=15.50 z=0.2059 pitch=+0.000 vx=1.00 bx=14.25
jf t=15.75 z=0.2059 pitch=+0.000 vx=1.00 bx=14.50
jf t=16.00 z=0.2059 pitch=+0.000 vx=1.00 bx=14.75
jf t=16.25 z=0.2059 pitch=+0.000 vx=1.00 bx=15.00
jf t=16.50 z=0.2059 pitch=+0.000 vx=1.00 bx=15.25
jf t=16.75 z=0.2059 pitch=+0.000 vx=1.00 bx=15.50
jf t=17.00 z=0.2059 pitch=+0.000 vx=1.00 bx=15.75
jf t=17.25 z=0.2059 pitch=+0.000 vx=1.00 bx=16.00
jf t=17.50 z=0.2059 pitch=+0.000 vx=1.00 bx=16.25
jf t=17.75 z=0.2059 pitch=+0.000 vx=1.00 bx=16.50
前进跳: 失败 (起跳速度=0.00m/s, COM跳高=0.000m, 最大平台俯仰=0.08°, 最大偏航=5.61°, bx=16.75)
输出/状态有效=True 非轮碰撞=False roll峰值=0.017°
