reduction {"order": 6, "vmc_condition": 1.0870864545946082, "frequencies_hz": [0.2, 0.5, 1.0, 2.0, 5.0], "relative_frf_errors": [0.04859047876918722, 0.060309292519856894, 0.1347312645381431, 0.335135822471975, 0.20624564762026054], "omitted_radius": 0.9910973794616357, "reduced_closed_radius": 0.999087369621593, "full_closed_radius": 0.9991517448327458, "linear_pass": false}
reduction {"order": 6, "vmc_condition": 1.0651435835855856, "frequencies_hz": [0.2, 0.5, 1.0, 2.0, 5.0], "relative_frf_errors": [0.04618935778459076, 0.04982594469126966, 0.14832812897683048, 0.2945065752163264, 0.24328527538582415], "omitted_radius": 0.9856769258556081, "reduced_closed_radius": 0.9989891431861591, "full_closed_radius": 0.9990415039969722, "linear_pass": false}
reduction {"order": 6, "vmc_condition": 1.1683748387929387, "frequencies_hz": [0.2, 0.5, 1.0, 2.0, 5.0], "relative_frf_errors": [0.0578548162960518, 0.10585902846607603, 0.3011939284696688, 0.3151372205630646, 0.2894693436965099], "omitted_radius": 0.985650124485686, "reduced_closed_radius": 0.9989515141054848, "full_closed_radius": 0.9989982656241906, "linear_pass": false}
reduction {"order": 6, "vmc_condition": 1.7090388359207327, "frequencies_hz": [0.2, 0.5, 1.0, 2.0, 5.0], "relative_frf_errors": [0.25631344409801327, 0.37607336674672326, 0.4120537140502303, 0.4070921176666064, 0.4128368977106159], "omitted_radius": 0.989751304055136, "reduced_closed_radius": 0.9989247191170593, "full_closed_radius": 0.9989657523812464, "linear_pass": false}
v=+1.0: PASS jumps=3/3 roll/pitch/yaw=0.65/0.79/1.66° takeoff=(np.float64(1.01), np.float64(1.01), np.float64(1.01))m/s height=(0.234, 0.234, 0.234)m plateau=(0.03, 0.0, 0.048)s vmin=0.96m/s@7.61/PREP
  valid=True nonwheel=False fell_at=None startup_r/p/y=(np.float64(0.015), np.float64(0.314), np.float64(0.593))
  PREP=(0.0, 0.1, 1.1) SQUAT=(0.0, 0.7, 0.7) JUMP=(0.2, 0.8, 0.8) FLY=(0.6, 0.7, 1.6) LAND=(0.6, 0.5, 1.7) DRIVE=(0.1, 0.1, 0.6)
reduction {"order": 6, "vmc_condition": 1.0870864545946082, "frequencies_hz": [0.2, 0.5, 1.0, 2.0, 5.0], "relative_frf_errors": [0.04859047876918722, 0.060309292519856894, 0.1347312645381431, 0.335135822471975, 0.20624564762026054], "omitted_radius": 0.9910973794616357, "reduced_closed_radius": 0.999087369621593, "full_closed_radius": 0.9991517448327458, "linear_pass": false}
reduction {"order": 6, "vmc_condition": 1.0651435835855856, "frequencies_hz": [0.2, 0.5, 1.0, 2.0, 5.0], "relative_frf_errors": [0.04618935778459076, 0.04982594469126966, 0.14832812897683048, 0.2945065752163264, 0.24328527538582415], "omitted_radius": 0.9856769258556081, "reduced_closed_radius": 0.9989891431861591, "full_closed_radius": 0.9990415039969722, "linear_pass": false}
reduction {"order": 6, "vmc_condition": 1.1683748387929387, "frequencies_hz": [0.2, 0.5, 1.0, 2.0, 5.0], "relative_frf_errors": [0.0578548162960518, 0.10585902846607603, 0.3011939284696688, 0.3151372205630646, 0.2894693436965099], "omitted_radius": 0.985650124485686, "reduced_closed_radius": 0.9989515141054848, "full_closed_radius": 0.9989982656241906, "linear_pass": false}
reduction {"order": 6, "vmc_condition": 1.7090388359207327, "frequencies_hz": [0.2, 0.5, 1.0, 2.0, 5.0], "relative_frf_errors": [0.25631344409801327, 0.37607336674672326, 0.4120537140502303, 0.4070921176666064, 0.4128368977106159], "omitted_radius": 0.989751304055136, "reduced_closed_radius": 0.9989247191170593, "full_closed_radius": 0.9989657523812464, "linear_pass": false}
v=-1.0: PASS jumps=3/3 roll/pitch/yaw=1.03/1.08/1.43° takeoff=(np.float64(-1.01), np.float64(-1.01), np.float64(-1.01))m/s height=(0.227, 0.227, 0.228)m plateau=(0.0, 0.06, 0.0)s vmin=0.96m/s@3.86/PREP
  valid=True nonwheel=False fell_at=None startup_r/p/y=(np.float64(0.015), np.float64(0.275), np.float64(0.58))
  PREP=(0.0, 0.1, 1.1) SQUAT=(0.0, 0.7, 0.7) JUMP=(0.2, 1.0, 0.8) FLY=(1.0, 1.1, 1.4) LAND=(1.0, 0.7, 1.4) DRIVE=(0.2, 0.1, 0.5)
reduction {"order": 6, "vmc_condition": 1.0870864545946082, "frequencies_hz": [0.2, 0.5, 1.0, 2.0, 5.0], "relative_frf_errors": [0.04859047876918722, 0.060309292519856894, 0.1347312645381431, 0.335135822471975, 0.20624564762026054], "omitted_radius": 0.9910973794616357, "reduced_closed_radius": 0.999087369621593, "full_closed_radius": 0.9991517448327458, "linear_pass": false}
reduction {"order": 6, "vmc_condition": 1.0651435835855856, "frequencies_hz": [0.2, 0.5, 1.0, 2.0, 5.0], "relative_frf_errors": [0.04618935778459076, 0.04982594469126966, 0.14832812897683048, 0.2945065752163264, 0.24328527538582415], "omitted_radius": 0.9856769258556081, "reduced_closed_radius": 0.9989891431861591, "full_closed_radius": 0.9990415039969722, "linear_pass": false}
reduction {"order": 6, "vmc_condition": 1.1683748387929387, "frequencies_hz": [0.2, 0.5, 1.0, 2.0, 5.0], "relative_frf_errors": [0.0578548162960518, 0.10585902846607603, 0.3011939284696688, 0.3151372205630646, 0.2894693436965099], "omitted_radius": 0.985650124485686, "reduced_closed_radius": 0.9989515141054848, "full_closed_radius": 0.9989982656241906, "linear_pass": false}
reduction {"order": 6, "vmc_condition": 1.7090388359207327, "frequencies_hz": [0.2, 0.5, 1.0, 2.0, 5.0], "relative_frf_errors": [0.25631344409801327, 0.37607336674672326, 0.4120537140502303, 0.4070921176666064, 0.4128368977106159], "omitted_radius": 0.989751304055136, "reduced_closed_radius": 0.9989247191170593, "full_closed_radius": 0.9989657523812464, "linear_pass": false}
v=+0.0: PASS jumps=3/3 roll/pitch/yaw=2.63/0.19/1.15° takeoff=(np.float64(-0.0), np.float64(-0.0), np.float64(0.0))m/s height=(0.225, 0.225, 0.225)m plateau=(0.053, 0.053, 0.053)s vmin=0.00m/s@0.00/DRIVE
  valid=True nonwheel=False fell_at=None startup_r/p/y=(np.float64(0.014), np.float64(0.002), np.float64(0.004))
  PREP=(0.2, 0.0, 1.1) SQUAT=(0.0, 0.2, 0.5) JUMP=(0.2, 0.2, 0.5) FLY=(2.1, 0.1, 0.5) LAND=(2.6, 0.1, 0.5) DRIVE=(1.1, 0.0, 0.4)
