reduction {"order": 6, "vmc_condition": 1.0870864545946082, "frequencies_hz": [0.2, 0.5, 1.0, 2.0, 5.0], "relative_frf_errors": [0.04859047876918722, 0.060309292519856894, 0.1347312645381431, 0.335135822471975, 0.20624564762026054], "omitted_radius": 0.9910973794616357, "reduced_closed_radius": 0.999087369621593, "full_closed_radius": 0.9991517448327458, "linear_pass": false}
reduction {"order": 6, "vmc_condition": 1.0651435835855856, "frequencies_hz": [0.2, 0.5, 1.0, 2.0, 5.0], "relative_frf_errors": [0.04618935778459076, 0.04982594469126966, 0.14832812897683048, 0.2945065752163264, 0.24328527538582415], "omitted_radius": 0.9856769258556081, "reduced_closed_radius": 0.9989891431861591, "full_closed_radius": 0.9990415039969722, "linear_pass": false}
reduction {"order": 6, "vmc_condition": 1.1683748389161588, "frequencies_hz": [0.2, 0.5, 1.0, 2.0, 5.0], "relative_frf_errors": [0.0578548160769273, 0.10585902466282332, 0.3011939185021124, 0.31513721384550825, 0.2894693423496319], "omitted_radius": 0.9856501244371181, "reduced_closed_radius": 0.998951514105763, "full_closed_radius": 0.9989982656244921, "linear_pass": false}
reduction {"order": 6, "vmc_condition": 1.7090388359207327, "frequencies_hz": [0.2, 0.5, 1.0, 2.0, 5.0], "relative_frf_errors": [0.25631344409801327, 0.37607336674672326, 0.4120537140502303, 0.4070921176666064, 0.4128368977106159], "omitted_radius": 0.989751304055136, "reduced_closed_radius": 0.9989247191170593, "full_closed_radius": 0.9989657523812464, "linear_pass": false}
jump t= 2.00 z=0.1607 pitch=+0.000 vx=-0.00
jump t= 2.25 z=0.1607 pitch=+0.000 vx=-0.00
jump t= 2.50 z=0.1539 pitch=+0.000 vx=0.00
jump t= 2.75 z=0.1451 pitch=+0.000 vx=0.00
jump t= 3.00 z=0.1286 pitch=+0.002 vx=0.00
jump t= 3.25 z=0.3162 pitch=-0.002 vx=0.01
jump t= 3.50 z=0.3113 pitch=-0.002 vx=0.01
jump t= 3.75 z=0.1606 pitch=-0.000 vx=-0.00
jump t= 4.00 z=0.1607 pitch=-0.000 vx=-0.00
jump t= 4.25 z=0.1607 pitch=-0.000 vx=0.00
jump t= 4.50 z=0.1607 pitch=-0.000 vx=0.00
jump t= 4.75 z=0.1607 pitch=-0.000 vx=0.00
jump t= 5.00 z=0.1607 pitch=-0.000 vx=0.00
jump t= 5.25 z=0.1607 pitch=+0.000 vx=0.00
jump t= 5.50 z=0.1607 pitch=+0.000 vx=0.00
jump t= 5.75 z=0.1607 pitch=+0.000 vx=-0.00
jump t= 6.00 z=0.1607 pitch=+0.000 vx=-0.00
jump t= 6.25 z=0.1607 pitch=+0.000 vx=-0.00
jump t= 6.50 z=0.1607 pitch=+0.000 vx=-0.00
jump t= 6.75 z=0.1607 pitch=-0.000 vx=-0.00
jump t= 7.00 z=0.1607 pitch=-0.000 vx=0.00
jump t= 7.25 z=0.1607 pitch=-0.000 vx=0.00
jump t= 7.50 z=0.1607 pitch=-0.000 vx=0.00
jump t= 7.75 z=0.1607 pitch=-0.000 vx=0.00
jump t= 8.00 z=0.1607 pitch=+0.000 vx=0.00
jump t= 8.25 z=0.1607 pitch=+0.000 vx=0.00
jump t= 8.50 z=0.1607 pitch=+0.000 vx=-0.00
jump t= 8.75 z=0.1607 pitch=+0.000 vx=-0.00
jump t= 9.00 z=0.1607 pitch=+0.000 vx=-0.00
jump t= 9.25 z=0.1607 pitch=+0.000 vx=-0.00
jump t= 9.50 z=0.1607 pitch=-0.000 vx=-0.00
jump t= 9.75 z=0.1607 pitch=-0.000 vx=0.00
jump t=10.00 z=0.1607 pitch=-0.000 vx=0.00
jump t=10.25 z=0.1607 pitch=-0.000 vx=0.00
jump t=10.50 z=0.1607 pitch=-0.000 vx=0.00
jump t=10.75 z=0.1607 pitch=-0.000 vx=0.00
jump t=11.00 z=0.1607 pitch=+0.000 vx=0.00
jump t=11.25 z=0.1607 pitch=+0.000 vx=-0.00
jump t=11.50 z=0.1607 pitch=+0.000 vx=-0.00
jump t=11.75 z=0.1607 pitch=+0.000 vx=-0.00
静止跳: 通过 (COM跳高=0.225m, 最大平台俯仰=0.18°, 最大偏航=0.00°, 落点 bx=0.00)
输出/状态有效=True 非轮碰撞=False roll峰值=0.000°
