reduction {"order": 6, "vmc_condition": 1.0870864545946082, "frequencies_hz": [0.2, 0.5, 1.0, 2.0, 5.0], "relative_frf_errors": [0.04859047876918722, 0.060309292519856894, 0.1347312645381431, 0.335135822471975, 0.20624564762026054], "omitted_radius": 0.9910973794616357, "reduced_closed_radius": 0.999087369621593, "full_closed_radius": 0.9991517448327458, "linear_pass": false}
reduction {"order": 6, "vmc_condition": 1.0651435835855856, "frequencies_hz": [0.2, 0.5, 1.0, 2.0, 5.0], "relative_frf_errors": [0.04618935778459076, 0.04982594469126966, 0.14832812897683048, 0.2945065752163264, 0.24328527538582415], "omitted_radius": 0.9856769258556081, "reduced_closed_radius": 0.9989891431861591, "full_closed_radius": 0.9990415039969722, "linear_pass": false}
reduction {"order": 6, "vmc_condition": 1.1683748389161588, "frequencies_hz": [0.2, 0.5, 1.0, 2.0, 5.0], "relative_frf_errors": [0.0578548160769273, 0.10585902466282332, 0.3011939185021124, 0.31513721384550825, 0.2894693423496319], "omitted_radius": 0.9856501244371181, "reduced_closed_radius": 0.998951514105763, "full_closed_radius": 0.9989982656244921, "linear_pass": false}
reduction {"order": 6, "vmc_condition": 1.7090388359207327, "frequencies_hz": [0.2, 0.5, 1.0, 2.0, 5.0], "relative_frf_errors": [0.25631344409801327, 0.37607336674672326, 0.4120537140502303, 0.4070921176666064, 0.4128368977106159], "omitted_radius": 0.989751304055136, "reduced_closed_radius": 0.9989247191170593, "full_closed_radius": 0.9989657523812464, "linear_pass": false}
v=+1.0: FAIL jumps=0/3 roll/pitch/yaw=0.00/0.00/0.00° takeoff=()m/s height=()m plateau=()s vmin=0.00m/s@0.00/DRIVE
  valid=True nonwheel=True
  PREP=(0.0, 0.0, 0.0) SQUAT=(0.0, 0.0, 0.0) JUMP=(0.0, 0.0, 0.0) FLY=(0.0, 0.0, 0.0) LAND=(0.0, 0.0, 0.0) DRIVE=(0.0, 0.0, 0.0)
  blocked gyro=(4.5058, 6.3244, 3.497) qdiff=0.00420/0.00239 qddiff=0.0084/-0.0875
reduction {"order": 6, "vmc_condition": 1.0870864545946082, "frequencies_hz": [0.2, 0.5, 1.0, 2.0, 5.0], "relative_frf_errors": [0.04859047876918722, 0.060309292519856894, 0.1347312645381431, 0.335135822471975, 0.20624564762026054], "omitted_radius": 0.9910973794616357, "reduced_closed_radius": 0.999087369621593, "full_closed_radius": 0.9991517448327458, "linear_pass": false}
reduction {"order": 6, "vmc_condition": 1.0651435835855856, "frequencies_hz": [0.2, 0.5, 1.0, 2.0, 5.0], "relative_frf_errors": [0.04618935778459076, 0.04982594469126966, 0.14832812897683048, 0.2945065752163264, 0.24328527538582415], "omitted_radius": 0.9856769258556081, "reduced_closed_radius": 0.9989891431861591, "full_closed_radius": 0.9990415039969722, "linear_pass": false}
reduction {"order": 6, "vmc_condition": 1.1683748389161588, "frequencies_hz": [0.2, 0.5, 1.0, 2.0, 5.0], "relative_frf_errors": [0.0578548160769273, 0.10585902466282332, 0.3011939185021124, 0.31513721384550825, 0.2894693423496319], "omitted_radius": 0.9856501244371181, "reduced_closed_radius": 0.998951514105763, "full_closed_radius": 0.9989982656244921, "linear_pass": false}
reduction {"order": 6, "vmc_condition": 1.7090388359207327, "frequencies_hz": [0.2, 0.5, 1.0, 2.0, 5.0], "relative_frf_errors": [0.25631344409801327, 0.37607336674672326, 0.4120537140502303, 0.4070921176666064, 0.4128368977106159], "omitted_radius": 0.989751304055136, "reduced_closed_radius": 0.9989247191170593, "full_closed_radius": 0.9989657523812464, "linear_pass": false}
  t=3.750 DRIVE->PREP r/p/y=(-0.05, -0.12, -0.53) gyro=(0.009, 0.001, 0.02) vx/vy=-1.00/0.01 wdiff=7.01 qdiff=-0.0052/0.0014
  t=4.933 PREP->SQUAT r/p/y=(0.01, -0.14, 0.5) gyro=(0.0, -0.001, 0.001) vx/vy=-1.01/-0.01 wdiff=0.01 qdiff=0.0002/-0.0005
  t=5.133 SQUAT->JUMP r/p/y=(0.02, -0.71, 0.73) gyro=(-0.005, -0.014, 0.038) vx/vy=-1.02/-0.01 wdiff=0.15 qdiff=0.0014/-0.0017
  t=5.163 JUMP->FLY r/p/y=(0.21, -1.05, 0.8) gyro=(0.111, -0.069, 0.036) vx/vy=-1.05/-0.04 wdiff=0.97 qdiff=0.0110/-0.0106
  t=5.580 FLY->LAND r/p/y=(-1.03, -0.74, 1.46) gyro=(0.103, 0.169, 0.168) vx/vy=-1.04/-0.08 wdiff=-2.24 qdiff=-0.0043/0.0025
  t=6.081 LAND->DRIVE r/p/y=(-0.03, -0.13, 0.5) gyro=(0.002, 0.001, -0.017) vx/vy=-1.02/-0.01 wdiff=-0.05 qdiff=-0.0011/0.0017
  t=7.750 DRIVE->PREP r/p/y=(-0.01, -0.12, 1.1) gyro=(-0.016, -0.001, 0.343) vx/vy=-1.00/-0.02 wdiff=-4.98 qdiff=-0.0220/-0.0225
  t=8.885 PREP->SQUAT r/p/y=(0.01, -0.14, 0.36) gyro=(-0.0, -0.001, 0.001) vx/vy=-1.01/-0.01 wdiff=0.01 qdiff=0.0008/-0.0005
  t=9.085 SQUAT->JUMP r/p/y=(0.02, -0.71, 0.59) gyro=(-0.004, -0.014, 0.038) vx/vy=-1.02/-0.01 wdiff=0.14 qdiff=0.0015/-0.0018
  t=9.116 JUMP->FLY r/p/y=(0.22, -1.05, 0.66) gyro=(0.111, -0.069, 0.036) vx/vy=-1.05/-0.04 wdiff=0.97 qdiff=0.0111/-0.0107
  t=9.533 FLY->LAND r/p/y=(-1.02, -0.74, 1.32) gyro=(0.101, 0.17, 0.169) vx/vy=-1.04/-0.08 wdiff=-2.26 qdiff=-0.0044/0.0025
  t=10.033 LAND->DRIVE r/p/y=(-0.03, -0.13, 0.47) gyro=(0.002, 0.001, -0.01) vx/vy=-1.02/-0.01 wdiff=-0.01 qdiff=-0.0013/0.0014
  t=11.750 DRIVE->PREP r/p/y=(0.02, -0.12, 0.24) gyro=(-0.047, 0.0, 1.051) vx/vy=-1.00/-0.02 wdiff=2.62 qdiff=-0.0618/-0.0630
  t=13.104 PREP->SQUAT r/p/y=(0.01, -0.14, 0.5) gyro=(-0.0, -0.001, 0.001) vx/vy=-1.01/-0.01 wdiff=0.01 qdiff=0.0005/-0.0008
  t=13.303 SQUAT->JUMP r/p/y=(0.02, -0.71, 0.73) gyro=(-0.004, -0.014, 0.038) vx/vy=-1.02/-0.01 wdiff=0.14 qdiff=0.0015/-0.0018
  t=13.334 JUMP->FLY r/p/y=(0.22, -1.05, 0.8) gyro=(0.111, -0.069, 0.036) vx/vy=-1.05/-0.04 wdiff=0.97 qdiff=0.0111/-0.0107
  t=13.751 FLY->LAND r/p/y=(-1.02, -0.74, 1.46) gyro=(0.112, 0.164, 0.163) vx/vy=-1.04/-0.08 wdiff=-2.16 qdiff=-0.0042/0.0024
  t=14.251 LAND->DRIVE r/p/y=(0.05, -0.13, 0.49) gyro=(-0.001, 0.0, -0.017) vx/vy=-1.02/-0.01 wdiff=-0.05 qdiff=0.0028/-0.0023
v=-1.0: PASS jumps=3/3 roll/pitch/yaw=1.04/1.08/1.49° takeoff=(np.float64(-1.01), np.float64(-1.01), np.float64(-1.01))m/s height=(0.227, 0.228, 0.227)m plateau=(0.003, 0.0, 0.0)s vmin=0.95m/s@11.85/PREP
  valid=True nonwheel=False
  PREP=(0.1, 0.1, 1.5) SQUAT=(0.0, 0.7, 0.7) JUMP=(0.2, 1.0, 0.8) FLY=(1.0, 1.1, 1.5) LAND=(1.0, 0.7, 1.5) DRIVE=(0.1, 0.1, 1.2)
reduction {"order": 6, "vmc_condition": 1.0870864545946082, "frequencies_hz": [0.2, 0.5, 1.0, 2.0, 5.0], "relative_frf_errors": [0.04859047876918722, 0.060309292519856894, 0.1347312645381431, 0.335135822471975, 0.20624564762026054], "omitted_radius": 0.9910973794616357, "reduced_closed_radius": 0.999087369621593, "full_closed_radius": 0.9991517448327458, "linear_pass": false}
reduction {"order": 6, "vmc_condition": 1.0651435835855856, "frequencies_hz": [0.2, 0.5, 1.0, 2.0, 5.0], "relative_frf_errors": [0.04618935778459076, 0.04982594469126966, 0.14832812897683048, 0.2945065752163264, 0.24328527538582415], "omitted_radius": 0.9856769258556081, "reduced_closed_radius": 0.9989891431861591, "full_closed_radius": 0.9990415039969722, "linear_pass": false}
reduction {"order": 6, "vmc_condition": 1.1683748389161588, "frequencies_hz": [0.2, 0.5, 1.0, 2.0, 5.0], "relative_frf_errors": [0.0578548160769273, 0.10585902466282332, 0.3011939185021124, 0.31513721384550825, 0.2894693423496319], "omitted_radius": 0.9856501244371181, "reduced_closed_radius": 0.998951514105763, "full_closed_radius": 0.9989982656244921, "linear_pass": false}
reduction {"order": 6, "vmc_condition": 1.7090388359207327, "frequencies_hz": [0.2, 0.5, 1.0, 2.0, 5.0], "relative_frf_errors": [0.25631344409801327, 0.37607336674672326, 0.4120537140502303, 0.4070921176666064, 0.4128368977106159], "omitted_radius": 0.989751304055136, "reduced_closed_radius": 0.9989247191170593, "full_closed_radius": 0.9989657523812464, "linear_pass": false}
  t=4.000 DRIVE->PREP r/p/y=(0.01, 0.0, -0.0) gyro=(0.0, 0.0, -0.0) vx/vy=0.00/0.00 wdiff=-0.00 qdiff=0.0006/-0.0007
  t=5.897 PREP->SQUAT r/p/y=(0.01, 0.0, 0.4) gyro=(0.0, -0.0, 0.0) vx/vy=-0.00/0.00 wdiff=-0.00 qdiff=0.0006/-0.0006
  t=6.097 SQUAT->JUMP r/p/y=(0.01, 0.07, 0.39) gyro=(-0.0, 0.003, -0.0) vx/vy=0.00/-0.00 wdiff=-0.00 qdiff=0.0009/-0.0009
  t=6.128 JUMP->FLY r/p/y=(0.22, -0.12, 0.39) gyro=(0.162, 0.159, 0.003) vx/vy=0.00/-0.03 wdiff=0.36 qdiff=0.0102/-0.0098
  t=6.542 FLY->LAND r/p/y=(2.1, -0.1, 0.42) gyro=(-0.034, 0.175, -0.152) vx/vy=0.01/0.02 wdiff=2.66 qdiff=0.0045/-0.0032
  t=7.043 LAND->DRIVE r/p/y=(0.6, -0.0, 0.48) gyro=(-0.025, 0.0, -0.002) vx/vy=-0.00/0.00 wdiff=-0.03 qdiff=0.0286/-0.0288
  t=8.000 DRIVE->PREP r/p/y=(0.08, -0.0, 0.43) gyro=(-0.002, 0.0, -0.003) vx/vy=0.00/0.00 wdiff=-0.01 qdiff=0.0037/-0.0037
  t=10.227 PREP->SQUAT r/p/y=(0.01, 0.0, -0.5) gyro=(0.0, -0.0, -0.001) vx/vy=-0.00/0.00 wdiff=-0.00 qdiff=0.0006/-0.0007
  t=10.427 SQUAT->JUMP r/p/y=(0.01, 0.06, -0.51) gyro=(-0.0, 0.003, -0.001) vx/vy=0.00/-0.00 wdiff=-0.00 qdiff=0.0009/-0.0009
  t=10.458 JUMP->FLY r/p/y=(0.22, -0.13, -0.51) gyro=(0.162, 0.159, 0.002) vx/vy=0.00/-0.03 wdiff=0.35 qdiff=0.0102/-0.0098
  t=10.872 FLY->LAND r/p/y=(2.1, -0.1, -0.49) gyro=(-0.036, 0.173, -0.151) vx/vy=0.01/0.02 wdiff=2.64 qdiff=0.0044/-0.0032
  t=11.372 LAND->DRIVE r/p/y=(0.61, -0.0, -0.1) gyro=(-0.025, 0.0, 0.014) vx/vy=-0.00/0.00 wdiff=0.02 qdiff=0.0286/-0.0290
  t=12.000 DRIVE->PREP r/p/y=(0.15, -0.0, 0.24) gyro=(-0.005, 0.0, 0.006) vx/vy=0.00/0.00 wdiff=0.02 qdiff=0.0071/-0.0069
  t=14.168 PREP->SQUAT r/p/y=(0.01, 0.0, 0.25) gyro=(-0.0, -0.0, -0.002) vx/vy=0.00/0.00 wdiff=-0.01 qdiff=0.0006/-0.0007
  t=14.368 SQUAT->JUMP r/p/y=(0.01, 0.08, 0.23) gyro=(-0.0, 0.004, -0.002) vx/vy=0.00/-0.00 wdiff=-0.01 qdiff=0.0009/-0.0009
  t=14.399 JUMP->FLY r/p/y=(0.22, -0.11, 0.23) gyro=(0.162, 0.16, 0.001) vx/vy=0.00/-0.03 wdiff=0.35 qdiff=0.0102/-0.0098
  t=14.813 FLY->LAND r/p/y=(2.1, -0.1, 0.23) gyro=(-0.035, 0.174, -0.152) vx/vy=0.01/0.02 wdiff=2.65 qdiff=0.0044/-0.0032
  t=15.313 LAND->DRIVE r/p/y=(0.61, -0.0, 0.39) gyro=(-0.025, 0.0, 0.007) vx/vy=-0.00/0.00 wdiff=-0.01 qdiff=0.0285/-0.0291
v=+0.0: PASS jumps=3/3 roll/pitch/yaw=2.11/0.19/1.11° takeoff=(np.float64(-0.0), np.float64(-0.0), np.float64(0.0))m/s height=(0.225, 0.225, 0.225)m plateau=(0.053, 0.053, 0.053)s vmin=0.00m/s@0.00/DRIVE
  valid=True nonwheel=False
  PREP=(0.1, 0.0, 1.1) SQUAT=(0.0, 0.2, 0.5) JUMP=(0.2, 0.2, 0.5) FLY=(2.1, 0.1, 0.5) LAND=(2.1, 0.1, 0.5) DRIVE=(0.6, 0.0, 0.5)
