reduction {"order": 6, "vmc_condition": 1.0870865382371138, "frequencies_hz": [0.2, 0.5, 1.0, 2.0, 5.0], "relative_frf_errors": [0.04050022416501507, 0.08200257938090359, 0.18918782931914793, 0.4195713292628756, 0.219028899881124], "omitted_radius": 0.991125050817281, "reduced_closed_radius": 0.998945364177801, "full_closed_radius": 0.99902973971526, "linear_pass": false}
reduction {"order": 6, "vmc_condition": 1.065143583875427, "frequencies_hz": [0.2, 0.5, 1.0, 2.0, 5.0], "relative_frf_errors": [0.045719046370705695, 0.0764981711711535, 0.21045385909805644, 0.36122233310356716, 0.2506617187523018], "omitted_radius": 0.9856587083826848, "reduced_closed_radius": 0.9988731397729749, "full_closed_radius": 0.9989347371032706, "linear_pass": false}
reduction {"order": 6, "vmc_condition": 1.1683748391120024, "frequencies_hz": [0.2, 0.5, 1.0, 2.0, 5.0], "relative_frf_errors": [0.06731066614174817, 0.1332008039207966, 0.3708647652031587, 0.3789855641603544, 0.28681936383366335], "omitted_radius": 0.9855330431509799, "reduced_closed_radius": 0.9988471702984903, "full_closed_radius": 0.9989003491039244, "linear_pass": false}
reduction {"order": 6, "vmc_condition": 1.7090388366247105, "frequencies_hz": [0.2, 0.5, 1.0, 2.0, 5.0], "relative_frf_errors": [0.2510207561334763, 0.41209049188090385, 0.5012833168770686, 0.4709711327152928, 0.38156512049525887], "omitted_radius": 0.9897796943528324, "reduced_closed_radius": 0.99882959453652, "full_closed_radius": 0.9988761089404105, "linear_pass": false}
jf t= 4.00 z=0.1367 pitch=+0.005 vx=1.02 bx=2.79
jf t= 4.25 z=0.1316 pitch=+0.006 vx=1.02 bx=3.04
jf t= 4.50 z=0.1229 pitch=+0.006 vx=1.02 bx=3.30
jf t= 4.75 z=0.0929 pitch=+0.020 vx=1.03 bx=3.55
jf t= 5.00 z=0.3361 pitch=+0.019 vx=1.13 bx=3.82
jf t= 5.25 z=0.2658 pitch=+0.013 vx=1.13 bx=4.11
jf t= 5.50 z=0.1369 pitch=+0.006 vx=1.09 bx=4.39
jf t= 5.75 z=0.1367 pitch=+0.006 vx=1.04 bx=4.65
jf t= 6.00 z=0.1367 pitch=+0.005 vx=1.02 bx=4.91
jf t= 6.25 z=0.1367 pitch=+0.005 vx=1.02 bx=5.16
jf t= 6.50 z=0.1367 pitch=+0.005 vx=1.02 bx=5.42
jf t= 6.75 z=0.1367 pitch=+0.005 vx=1.02 bx=5.67
jf t= 7.00 z=0.1367 pitch=+0.005 vx=1.02 bx=5.93
jf t= 7.25 z=0.1367 pitch=+0.005 vx=1.02 bx=6.18
jf t= 7.50 z=0.1367 pitch=+0.005 vx=1.02 bx=6.44
jf t= 7.75 z=0.1367 pitch=+0.005 vx=1.02 bx=6.69
jf t= 8.00 z=0.1367 pitch=+0.005 vx=1.02 bx=6.94
jf t= 8.25 z=0.1367 pitch=+0.005 vx=1.02 bx=7.20
jf t= 8.50 z=0.1367 pitch=+0.005 vx=1.02 bx=7.45
jf t= 8.75 z=0.1367 pitch=+0.005 vx=1.02 bx=7.71
jf t= 9.00 z=0.1367 pitch=+0.005 vx=1.02 bx=7.96
jf t= 9.25 z=0.1367 pitch=+0.005 vx=1.02 bx=8.22
jf t= 9.50 z=0.1367 pitch=+0.005 vx=1.02 bx=8.47
jf t= 9.75 z=0.1367 pitch=+0.005 vx=1.02 bx=8.73
jf t=10.00 z=0.1367 pitch=+0.005 vx=1.02 bx=8.98
jf t=10.25 z=0.1367 pitch=+0.005 vx=1.02 bx=9.24
jf t=10.50 z=0.1367 pitch=+0.005 vx=1.02 bx=9.49
jf t=10.75 z=0.1367 pitch=+0.005 vx=1.02 bx=9.74
jf t=11.00 z=0.1367 pitch=+0.005 vx=1.02 bx=10.00
jf t=11.25 z=0.1367 pitch=+0.005 vx=1.02 bx=10.25
jf t=11.50 z=0.1367 pitch=+0.005 vx=1.02 bx=10.51
jf t=11.75 z=0.1367 pitch=+0.005 vx=1.02 bx=10.76
jf t=12.00 z=0.1367 pitch=+0.005 vx=1.02 bx=11.02
jf t=12.25 z=0.1367 pitch=+0.005 vx=1.02 bx=11.27
jf t=12.50 z=0.1367 pitch=+0.005 vx=1.02 bx=11.53
jf t=12.75 z=0.1367 pitch=+0.005 vx=1.02 bx=11.78
jf t=13.00 z=0.1367 pitch=+0.005 vx=1.02 bx=12.04
jf t=13.25 z=0.1367 pitch=+0.005 vx=1.02 bx=12.29
jf t=13.50 z=0.1367 pitch=+0.005 vx=1.02 bx=12.54
jf t=13.75 z=0.1367 pitch=+0.005 vx=1.02 bx=12.80
jf t=14.00 z=0.1367 pitch=+0.005 vx=1.02 bx=13.05
jf t=14.25 z=0.1367 pitch=+0.005 vx=1.02 bx=13.31
jf t=14.50 z=0.1367 pitch=+0.005 vx=1.02 bx=13.56
jf t=14.75 z=0.1367 pitch=+0.005 vx=1.02 bx=13.82
jf t=15.00 z=0.1367 pitch=+0.005 vx=1.02 bx=14.07
jf t=15.25 z=0.1367 pitch=+0.005 vx=1.02 bx=14.33
jf t=15.50 z=0.1367 pitch=+0.005 vx=1.02 bx=14.58
jf t=15.75 z=0.1367 pitch=+0.005 vx=1.02 bx=14.84
jf t=16.00 z=0.1367 pitch=+0.005 vx=1.02 bx=15.09
jf t=16.25 z=0.1367 pitch=+0.005 vx=1.02 bx=15.34
jf t=16.50 z=0.1367 pitch=+0.005 vx=1.02 bx=15.60
jf t=16.75 z=0.1367 pitch=+0.005 vx=1.02 bx=15.85
jf t=17.00 z=0.1367 pitch=+0.005 vx=1.02 bx=16.11
jf t=17.25 z=0.1367 pitch=+0.005 vx=1.02 bx=16.36
jf t=17.50 z=0.1367 pitch=+0.005 vx=1.02 bx=16.62
jf t=17.75 z=0.1367 pitch=+0.005 vx=1.02 bx=16.87
前进跳: 通过 (起跳速度=1.02m/s, COM跳高=0.203m, 最大平台俯仰=1.50°, 最大偏航=0.00°, bx=17.13)
输出/状态有效=True 非轮碰撞=False roll峰值=0.000°
