reduction {"order": 6, "vmc_condition": 1.0870865382371138, "frequencies_hz": [0.2, 0.5, 1.0, 2.0, 5.0], "relative_frf_errors": [0.04050022416501507, 0.08200257938090359, 0.18918782931914793, 0.4195713292628756, 0.219028899881124], "omitted_radius": 0.991125050817281, "reduced_closed_radius": 0.998945364177801, "full_closed_radius": 0.99902973971526, "linear_pass": false}
reduction {"order": 6, "vmc_condition": 1.065143583875427, "frequencies_hz": [0.2, 0.5, 1.0, 2.0, 5.0], "relative_frf_errors": [0.045719046370705695, 0.0764981711711535, 0.21045385909805644, 0.36122233310356716, 0.2506617187523018], "omitted_radius": 0.9856587083826848, "reduced_closed_radius": 0.9988731397729749, "full_closed_radius": 0.9989347371032706, "linear_pass": false}
reduction {"order": 6, "vmc_condition": 1.1683748391120024, "frequencies_hz": [0.2, 0.5, 1.0, 2.0, 5.0], "relative_frf_errors": [0.06731066614174817, 0.1332008039207966, 0.3708647652031587, 0.3789855641603544, 0.28681936383366335], "omitted_radius": 0.9855330431509799, "reduced_closed_radius": 0.9988471702984903, "full_closed_radius": 0.9989003491039244, "linear_pass": false}
reduction {"order": 6, "vmc_condition": 1.7090388366247105, "frequencies_hz": [0.2, 0.5, 1.0, 2.0, 5.0], "relative_frf_errors": [0.2510207561334763, 0.41209049188090385, 0.5012833168770686, 0.4709711327152928, 0.38156512049525887], "omitted_radius": 0.9897796943528324, "reduced_closed_radius": 0.99882959453652, "full_closed_radius": 0.9988761089404105, "linear_pass": false}
v=+1.0: PASS jumps=3/3 roll/pitch/yaw=0.31/1.50/3.45° takeoff=(np.float64(1.02), np.float64(1.02), np.float64(1.02))m/s height=(0.206, 0.206, 0.206)m plateau=(0.0, 0.0, 0.0)s vmin=0.97m/s@7.60/PREP
  valid=True nonwheel=False fell_at=None startup_r/p/y=(np.float64(0.016), np.float64(0.458), np.float64(0.54))
  PREP=(0.0, 0.4, 1.0) SQUAT=(0.0, 1.4, 1.0) JUMP=(0.3, 1.5, 1.2) FLY=(0.3, 1.5, 3.4) LAND=(0.2, 0.7, 3.4) DRIVE=(0.1, 0.3, 1.2)
reduction {"order": 6, "vmc_condition": 1.0870865382371138, "frequencies_hz": [0.2, 0.5, 1.0, 2.0, 5.0], "relative_frf_errors": [0.04050022416501507, 0.08200257938090359, 0.18918782931914793, 0.4195713292628756, 0.219028899881124], "omitted_radius": 0.991125050817281, "reduced_closed_radius": 0.998945364177801, "full_closed_radius": 0.99902973971526, "linear_pass": false}
reduction {"order": 6, "vmc_condition": 1.065143583875427, "frequencies_hz": [0.2, 0.5, 1.0, 2.0, 5.0], "relative_frf_errors": [0.045719046370705695, 0.0764981711711535, 0.21045385909805644, 0.36122233310356716, 0.2506617187523018], "omitted_radius": 0.9856587083826848, "reduced_closed_radius": 0.9988731397729749, "full_closed_radius": 0.9989347371032706, "linear_pass": false}
reduction {"order": 6, "vmc_condition": 1.1683748391120024, "frequencies_hz": [0.2, 0.5, 1.0, 2.0, 5.0], "relative_frf_errors": [0.06731066614174817, 0.1332008039207966, 0.3708647652031587, 0.3789855641603544, 0.28681936383366335], "omitted_radius": 0.9855330431509799, "reduced_closed_radius": 0.9988471702984903, "full_closed_radius": 0.9989003491039244, "linear_pass": false}
reduction {"order": 6, "vmc_condition": 1.7090388366247105, "frequencies_hz": [0.2, 0.5, 1.0, 2.0, 5.0], "relative_frf_errors": [0.2510207561334763, 0.41209049188090385, 0.5012833168770686, 0.4709711327152928, 0.38156512049525887], "omitted_radius": 0.9897796943528324, "reduced_closed_radius": 0.99882959453652, "full_closed_radius": 0.9988761089404105, "linear_pass": false}
v=-1.0: PASS jumps=3/3 roll/pitch/yaw=0.33/2.98/3.16° takeoff=(np.float64(-1.02), np.float64(-1.02), np.float64(-1.02))m/s height=(0.211, 0.211, 0.211)m plateau=(0.0, 0.0, 0.0)s vmin=0.97m/s@3.85/PREP
  valid=True nonwheel=False fell_at=None startup_r/p/y=(np.float64(0.016), np.float64(0.434), np.float64(0.54))
  PREP=(0.0, 0.3, 1.0) SQUAT=(0.0, 1.4, 1.0) JUMP=(0.3, 2.3, 1.2) FLY=(0.3, 3.0, 3.1) LAND=(0.2, 1.9, 3.2) DRIVE=(0.1, 0.3, 1.1)
reduction {"order": 6, "vmc_condition": 1.0870865382371138, "frequencies_hz": [0.2, 0.5, 1.0, 2.0, 5.0], "relative_frf_errors": [0.04050022416501507, 0.08200257938090359, 0.18918782931914793, 0.4195713292628756, 0.219028899881124], "omitted_radius": 0.991125050817281, "reduced_closed_radius": 0.998945364177801, "full_closed_radius": 0.99902973971526, "linear_pass": false}
reduction {"order": 6, "vmc_condition": 1.065143583875427, "frequencies_hz": [0.2, 0.5, 1.0, 2.0, 5.0], "relative_frf_errors": [0.045719046370705695, 0.0764981711711535, 0.21045385909805644, 0.36122233310356716, 0.2506617187523018], "omitted_radius": 0.9856587083826848, "reduced_closed_radius": 0.9988731397729749, "full_closed_radius": 0.9989347371032706, "linear_pass": false}
reduction {"order": 6, "vmc_condition": 1.1683748391120024, "frequencies_hz": [0.2, 0.5, 1.0, 2.0, 5.0], "relative_frf_errors": [0.06731066614174817, 0.1332008039207966, 0.3708647652031587, 0.3789855641603544, 0.28681936383366335], "omitted_radius": 0.9855330431509799, "reduced_closed_radius": 0.9988471702984903, "full_closed_radius": 0.9989003491039244, "linear_pass": false}
reduction {"order": 6, "vmc_condition": 1.7090388366247105, "frequencies_hz": [0.2, 0.5, 1.0, 2.0, 5.0], "relative_frf_errors": [0.2510207561334763, 0.41209049188090385, 0.5012833168770686, 0.4709711327152928, 0.38156512049525887], "omitted_radius": 0.9897796943528324, "reduced_closed_radius": 0.99882959453652, "full_closed_radius": 0.9988761089404105, "linear_pass": false}
v=+0.0: PASS jumps=3/3 roll/pitch/yaw=2.32/0.55/0.77° takeoff=(np.float64(0.0), np.float64(-0.0), np.float64(0.0))m/s height=(0.203, 0.201, 0.203)m plateau=(0.053, 0.053, 0.053)s vmin=0.00m/s@0.00/DRIVE
  valid=True nonwheel=False fell_at=None startup_r/p/y=(np.float64(0.014), np.float64(0.001), np.float64(0.002))
  PREP=(0.0, 0.0, 0.8) SQUAT=(0.0, 0.1, 0.2) JUMP=(0.4, 0.4, 0.2) FLY=(2.3, 0.5, 0.5) LAND=(2.3, 0.5, 0.7) DRIVE=(0.3, 0.0, 0.4)
