PASS357 wrong offset/raw/reference/leg/wheel rejected; 0 physics
RECEIVED357 6301003_zero 14997 steps
RECEIVED357 6301003_plus_radius 14982 steps
RECEIVED357 6301003_minus_radius 15001 steps
RECEIVED357 6301005_zero 14994 steps
RECEIVED357 6301005_plus_radius 14998 steps
RECEIVED357 6301005_minus_radius 14982 steps
RECEIVED357 6301033_zero 14829 steps
RECEIVED357 6301033_plus_radius 14829 steps
RECEIVED357 6301033_minus_radius 14819 steps
RECEIVED357 6301035_zero 14829 steps
RECEIVED357 6301035_plus_radius 14819 steps
RECEIVED357 6301035_minus_radius 14828 steps
RECEIVED357 6301037_zero 14810 steps
RECEIVED357 6301037_plus_radius 14808 steps
RECEIVED357 6301037_minus_radius 14814 steps
RECEIVED357 6301039_zero 14809 steps
RECEIVED357 6301039_plus_radius 14813 steps
RECEIVED357 6301039_minus_radius 14807 steps
DONE357 {'zero': 0, 'plus_radius': 0, 'minus_radius': 0} reproduced True closed True
