reduction {"order": 6, "vmc_condition": 1.0870865382371138, "frequencies_hz": [0.2, 0.5, 1.0, 2.0, 5.0], "relative_frf_errors": [0.04050022416501507, 0.08200257938090359, 0.18918782931914793, 0.4195713292628756, 0.219028899881124], "omitted_radius": 0.991125050817281, "reduced_closed_radius": 0.998945364177801, "full_closed_radius": 0.99902973971526, "linear_pass": false}
reduction {"order": 6, "vmc_condition": 1.065143583875427, "frequencies_hz": [0.2, 0.5, 1.0, 2.0, 5.0], "relative_frf_errors": [0.045719046370705695, 0.0764981711711535, 0.21045385909805644, 0.36122233310356716, 0.2506617187523018], "omitted_radius": 0.9856587083826848, "reduced_closed_radius": 0.9988731397729749, "full_closed_radius": 0.9989347371032706, "linear_pass": false}
reduction {"order": 6, "vmc_condition": 1.1683748391120024, "frequencies_hz": [0.2, 0.5, 1.0, 2.0, 5.0], "relative_frf_errors": [0.06731066614174817, 0.1332008039207966, 0.3708647652031587, 0.3789855641603544, 0.28681936383366335], "omitted_radius": 0.9855330431509799, "reduced_closed_radius": 0.9988471702984903, "full_closed_radius": 0.9989003491039244, "linear_pass": false}
reduction {"order": 6, "vmc_condition": 1.7090388366247105, "frequencies_hz": [0.2, 0.5, 1.0, 2.0, 5.0], "relative_frf_errors": [0.2510207561334763, 0.41209049188090385, 0.5012833168770686, 0.4709711327152928, 0.38156512049525887], "omitted_radius": 0.9897796943528324, "reduced_closed_radius": 0.99882959453652, "full_closed_radius": 0.9988761089404105, "linear_pass": false}
jb t= 4.00 z=0.1363 roll=-0.000 pitch=-0.005 vx=-1.02 bx=-2.79
jb t= 4.25 z=0.1313 roll=-0.000 pitch=-0.006 vx=-1.02 bx=-3.04
jb t= 4.50 z=0.1225 roll=-0.000 pitch=-0.006 vx=-1.02 bx=-3.30
jb t= 4.75 z=0.0917 roll=+0.000 pitch=-0.019 vx=-1.03 bx=-3.55
jb t= 5.00 z=0.3381 roll=+0.000 pitch=-0.041 vx=-1.11 bx=-3.82
jb t= 5.25 z=0.2764 roll=+0.000 pitch=-0.034 vx=-1.11 bx=-4.10
jb t= 5.50 z=0.1365 roll=+0.000 pitch=-0.007 vx=-1.13 bx=-4.39
jb t= 5.75 z=0.1362 roll=+0.000 pitch=-0.006 vx=-1.05 bx=-4.66
jb t= 6.00 z=0.1363 roll=+0.000 pitch=-0.006 vx=-1.02 bx=-4.92
jb t= 6.25 z=0.1363 roll=+0.000 pitch=-0.005 vx=-1.02 bx=-5.17
jb t= 6.50 z=0.1363 roll=+0.000 pitch=-0.005 vx=-1.02 bx=-5.42
jb t= 6.75 z=0.1363 roll=+0.000 pitch=-0.005 vx=-1.02 bx=-5.68
jb t= 7.00 z=0.1363 roll=+0.000 pitch=-0.005 vx=-1.02 bx=-5.93
jb t= 7.25 z=0.1363 roll=+0.000 pitch=-0.005 vx=-1.02 bx=-6.19
jb t= 7.50 z=0.1363 roll=+0.000 pitch=-0.005 vx=-1.02 bx=-6.44
jb t= 7.75 z=0.1363 roll=+0.000 pitch=-0.005 vx=-1.02 bx=-6.70
jb t= 8.00 z=0.1363 roll=+0.000 pitch=-0.005 vx=-1.02 bx=-6.95
jb t= 8.25 z=0.1363 roll=-0.000 pitch=-0.005 vx=-1.02 bx=-7.21
jb t= 8.50 z=0.1363 roll=+0.000 pitch=-0.005 vx=-1.02 bx=-7.46
jb t= 8.75 z=0.1363 roll=+0.000 pitch=-0.005 vx=-1.02 bx=-7.72
jb t= 9.00 z=0.1363 roll=+0.000 pitch=-0.005 vx=-1.02 bx=-7.97
jb t= 9.25 z=0.1363 roll=-0.000 pitch=-0.005 vx=-1.02 bx=-8.22
jb t= 9.50 z=0.1363 roll=-0.000 pitch=-0.005 vx=-1.02 bx=-8.48
jb t= 9.75 z=0.1363 roll=-0.000 pitch=-0.005 vx=-1.02 bx=-8.73
jb t=10.00 z=0.1363 roll=+0.000 pitch=-0.005 vx=-1.02 bx=-8.99
jb t=10.25 z=0.1363 roll=-0.000 pitch=-0.005 vx=-1.02 bx=-9.24
jb t=10.50 z=0.1363 roll=+0.000 pitch=-0.005 vx=-1.02 bx=-9.50
jb t=10.75 z=0.1363 roll=+0.000 pitch=-0.005 vx=-1.02 bx=-9.75
jb t=11.00 z=0.1363 roll=-0.000 pitch=-0.005 vx=-1.02 bx=-10.01
jb t=11.25 z=0.1363 roll=-0.000 pitch=-0.005 vx=-1.02 bx=-10.26
jb t=11.50 z=0.1363 roll=-0.000 pitch=-0.005 vx=-1.02 bx=-10.52
jb t=11.75 z=0.1363 roll=+0.000 pitch=-0.005 vx=-1.02 bx=-10.77
jb t=12.00 z=0.1363 roll=+0.000 pitch=-0.005 vx=-1.02 bx=-11.03
jb t=12.25 z=0.1363 roll=-0.000 pitch=-0.005 vx=-1.02 bx=-11.28
jb t=12.50 z=0.1363 roll=+0.000 pitch=-0.005 vx=-1.02 bx=-11.53
jb t=12.75 z=0.1363 roll=-0.000 pitch=-0.005 vx=-1.02 bx=-11.79
jb t=13.00 z=0.1363 roll=+0.000 pitch=-0.005 vx=-1.02 bx=-12.04
jb t=13.25 z=0.1363 roll=+0.000 pitch=-0.005 vx=-1.02 bx=-12.30
jb t=13.50 z=0.1363 roll=+0.000 pitch=-0.005 vx=-1.02 bx=-12.55
jb t=13.75 z=0.1363 roll=+0.000 pitch=-0.005 vx=-1.02 bx=-12.81
jb t=14.00 z=0.1363 roll=+0.000 pitch=-0.005 vx=-1.02 bx=-13.06
jb t=14.25 z=0.1363 roll=+0.000 pitch=-0.005 vx=-1.02 bx=-13.32
jb t=14.50 z=0.1363 roll=-0.000 pitch=-0.005 vx=-1.02 bx=-13.57
jb t=14.75 z=0.1363 roll=-0.000 pitch=-0.005 vx=-1.02 bx=-13.83
jb t=15.00 z=0.1363 roll=-0.000 pitch=-0.005 vx=-1.02 bx=-14.08
jb t=15.25 z=0.1363 roll=+0.000 pitch=-0.005 vx=-1.02 bx=-14.33
jb t=15.50 z=0.1363 roll=+0.000 pitch=-0.005 vx=-1.02 bx=-14.59
jb t=15.75 z=0.1363 roll=-0.000 pitch=-0.005 vx=-1.02 bx=-14.84
jb t=16.00 z=0.1363 roll=+0.000 pitch=-0.005 vx=-1.02 bx=-15.10
jb t=16.25 z=0.1363 roll=+0.000 pitch=-0.005 vx=-1.02 bx=-15.35
jb t=16.50 z=0.1363 roll=-0.000 pitch=-0.005 vx=-1.02 bx=-15.61
jb t=16.75 z=0.1363 roll=+0.000 pitch=-0.005 vx=-1.02 bx=-15.86
jb t=17.00 z=0.1363 roll=+0.000 pitch=-0.005 vx=-1.02 bx=-16.12
jb t=17.25 z=0.1363 roll=+0.000 pitch=-0.005 vx=-1.02 bx=-16.37
jb t=17.50 z=0.1363 roll=-0.000 pitch=-0.005 vx=-1.02 bx=-16.63
jb t=17.75 z=0.1363 roll=-0.000 pitch=-0.005 vx=-1.02 bx=-16.88
后退跳: 通过 (起跳速度=-1.02m/s, COM跳高=0.207m, 最大横滚=0.00°, 最大平台俯仰=3.16°, 最大偏航=0.00°, bx=-17.13)
输出/状态有效=True 非轮碰撞=False roll峰值=0.000°
