Oct 03 15:22:49 wmt-JIGUANG-Series systemd[896]: Started 轮腿论文注册GPU三方法三种子顺序队列.
Oct 03 15:22:49 wmt-JIGUANG-Series python[120170]: ADOPT existing run {'method': 'M3', 'seed': 1609, 'unit': 'wheelleg-height115-gpu-m3-1609.service'}
Oct 03 15:32:51 wmt-JIGUANG-Series python[120170]: COMPLETE {'method': 'M3', 'seed': 1609} best 820000 {'total': 32, 'success_count': 29, 'complete': True, 'mean_yaw_score_deg': 0.9575918692280827}
Oct 03 15:32:51 wmt-JIGUANG-Series python[120170]: START {'method': 'B2-V', 'seed': 1609, 'unit': 'wheelleg-height115-gpu-b2v-1609.service'}
Oct 03 16:11:14 wmt-JIGUANG-Series python[120170]: COMPLETE {'method': 'B2-V', 'seed': 1609} best 1220000 {'total': 32, 'success_count': 28, 'complete': True, 'mean_yaw_score_deg': 0.7633825599063806}
Oct 03 16:11:14 wmt-JIGUANG-Series python[120170]: START {'method': 'B2', 'seed': 1609, 'unit': 'wheelleg-height115-gpu-b2-1609.service'}
Oct 03 16:45:16 wmt-JIGUANG-Series python[120170]: Traceback (most recent call last):
Oct 03 16:45:16 wmt-JIGUANG-Series python[120170]:   File "/home/wmt/wheel_leg_robot_work/wheelleg_warp/results/registered_gpu_pilots_20261003/run_queue.py", line 85, in <module>
Oct 03 16:45:16 wmt-JIGUANG-Series python[120170]:     if a.dispatch:run()
Oct 03 16:45:16 wmt-JIGUANG-Series python[120170]:   File "/home/wmt/wheel_leg_robot_work/wheelleg_warp/results/registered_gpu_pilots_20261003/run_queue.py", line 75, in run
Oct 03 16:45:16 wmt-JIGUANG-Series python[120170]:     assert state.get('ActiveState')!='failed' and state.get('ExecMainStatus','0')=='0',state
Oct 03 16:45:16 wmt-JIGUANG-Series python[120170]: AssertionError: {'MainPID': '0', 'ExecMainStatus': '1', 'LoadState': 'loaded', 'ActiveState': 'failed'}
Oct 03 16:45:16 wmt-JIGUANG-Series systemd[896]: wheelleg-height115-gpu-registered-queue.service: Main process exited, code=exited, status=1/FAILURE
Oct 03 16:45:16 wmt-JIGUANG-Series systemd[896]: wheelleg-height115-gpu-registered-queue.service: Failed with result 'exit-code'.
Oct 03 16:45:16 wmt-JIGUANG-Series systemd[896]: wheelleg-height115-gpu-registered-queue.service: Consumed 2.500s CPU time.
Oct 03 16:46:40 wmt-JIGUANG-Series systemd[896]: Started 轮腿论文注册GPU顺序队列审计后恢复.
Oct 03 16:46:41 wmt-JIGUANG-Series python[239217]: ADOPT existing run {'method': 'B2', 'seed': 1609, 'unit': 'wheelleg-height115-gpu-b2-1609.service'}
Oct 03 16:51:22 wmt-JIGUANG-Series python[239217]: COMPLETE {'method': 'B2', 'seed': 1609} best 20000 {'total': 32, 'success_count': 26, 'complete': True, 'mean_yaw_score_deg': 0.9125001785170168}
Oct 03 16:51:22 wmt-JIGUANG-Series python[245664]: Running as unit: wheelleg-height115-gpu-m3-1610.service
Oct 03 16:51:22 wmt-JIGUANG-Series python[239217]: START {'method': 'M3', 'seed': 1610, 'unit': 'wheelleg-height115-gpu-m3-1610.service'}
Oct 03 17:29:44 wmt-JIGUANG-Series python[239217]: COMPLETE {'method': 'M3', 'seed': 1610} best 20000 {'total': 32, 'success_count': 31, 'complete': True, 'mean_yaw_score_deg': 0.609470245446116}
Oct 03 17:29:44 wmt-JIGUANG-Series python[300730]: Running as unit: wheelleg-height115-gpu-b2v-1610.service
Oct 03 17:29:44 wmt-JIGUANG-Series python[239217]: START {'method': 'B2-V', 'seed': 1610, 'unit': 'wheelleg-height115-gpu-b2v-1610.service'}
Oct 03 18:08:07 wmt-JIGUANG-Series python[239217]: COMPLETE {'method': 'B2-V', 'seed': 1610} best 20000 {'total': 32, 'success_count': 30, 'complete': True, 'mean_yaw_score_deg': 0.605178533492952}
Oct 03 18:08:07 wmt-JIGUANG-Series python[239217]: START {'method': 'B2', 'seed': 1610, 'unit': 'wheelleg-height115-gpu-b2-1610.service'}
Oct 03 18:46:10 wmt-JIGUANG-Series python[239217]: COMPLETE {'method': 'B2', 'seed': 1610} best 20000 {'total': 32, 'success_count': 30, 'complete': True, 'mean_yaw_score_deg': 0.5435935824621592}
Oct 03 18:46:10 wmt-JIGUANG-Series python[425575]: Running as unit: wheelleg-height115-gpu-m3-1611.service
Oct 03 18:46:10 wmt-JIGUANG-Series python[239217]: START {'method': 'M3', 'seed': 1611, 'unit': 'wheelleg-height115-gpu-m3-1611.service'}
Oct 03 19:24:52 wmt-JIGUANG-Series python[239217]: COMPLETE {'method': 'M3', 'seed': 1611} best 840000 {'total': 32, 'success_count': 29, 'complete': True, 'mean_yaw_score_deg': 0.7894704425093462}
Oct 03 19:24:52 wmt-JIGUANG-Series python[239217]: START {'method': 'B2-V', 'seed': 1611, 'unit': 'wheelleg-height115-gpu-b2v-1611.service'}
Oct 03 19:44:51 wmt-JIGUANG-Series systemd[896]: Stopping 轮腿论文注册GPU顺序队列审计后恢复...
Oct 03 19:44:51 wmt-JIGUANG-Series systemd[896]: Stopped 轮腿论文注册GPU顺序队列审计后恢复.
Oct 03 19:44:51 wmt-JIGUANG-Series systemd[896]: wheelleg-height115-gpu-registered-queue.service: Consumed 3.678s CPU time.
