Oct 03 19:43:47 wmt-JIGUANG-Series python[497705]: TRAIN B2-V 1611 980000 {'total': 32, 'success_count': 24, 'complete': True, 'mean_yaw_score_deg': 1.0256760935255076}
Oct 03 19:43:56 wmt-JIGUANG-Series python[497705]: reduction {"order": 6, "method": "modal", "vmc_condition": 1.3782055460660536, "projection_condition": 20.20539014108477, "omitted_radius": 0.9935566191757785, "max_relative_frf_error": 0.0028123571312865282, "reduced_closed_radius": 0.9989507930323593, "full_closed_radius": 0.9989516950214622, "linear_pass": true}
Oct 03 19:43:56 wmt-JIGUANG-Series python[497705]: reduction {"order": 6, "method": "modal", "vmc_condition": 1.4999430560359601, "projection_condition": 20.316571278155383, "omitted_radius": 0.9870654971676265, "max_relative_frf_error": 0.002604862399465738, "reduced_closed_radius": 0.9989220534129091, "full_closed_radius": 0.9989229385579487, "linear_pass": true}
Oct 03 19:43:56 wmt-JIGUANG-Series python[497705]: reduction {"order": 6, "method": "modal", "vmc_condition": 1.1692020288503353, "projection_condition": 24.928412986500543, "omitted_radius": 0.986525386712174, "max_relative_frf_error": 0.0028457372278306503, "reduced_closed_radius": 0.998875960691861, "full_closed_radius": 0.9988769768204375, "linear_pass": true}
Oct 03 19:43:57 wmt-JIGUANG-Series python[497705]: reduction {"order": 6, "method": "modal", "vmc_condition": 1.0703721088466125, "projection_condition": 26.96332831445564, "omitted_radius": 0.9865003916921553, "max_relative_frf_error": 0.0029245363631001517, "reduced_closed_radius": 0.9988613177526111, "full_closed_radius": 0.9988623451106616, "linear_pass": true}
Oct 03 19:43:57 wmt-JIGUANG-Series python[497705]: reduction {"order": 6, "method": "modal", "vmc_condition": 1.898231218528725, "projection_condition": 29.632941238874096, "omitted_radius": 0.9900192987081642, "max_relative_frf_error": 0.003472138238343771, "reduced_closed_radius": 0.9988501522974549, "full_closed_radius": 0.998851314107305, "linear_pass": true}
Oct 03 19:44:10 wmt-JIGUANG-Series python[497705]: TRAIN B2-V 1611 1000000 {'total': 32, 'success_count': 24, 'complete': True, 'mean_yaw_score_deg': 0.9873998525431018}
Oct 03 19:44:20 wmt-JIGUANG-Series python[497705]: reduction {"order": 6, "method": "modal", "vmc_condition": 1.3782055460660536, "projection_condition": 20.20539014108477, "omitted_radius": 0.9935566191757785, "max_relative_frf_error": 0.0028123571312865282, "reduced_closed_radius": 0.9989507930323593, "full_closed_radius": 0.9989516950214622, "linear_pass": true}
Oct 03 19:44:20 wmt-JIGUANG-Series python[497705]: reduction {"order": 6, "method": "modal", "vmc_condition": 1.4999430560359601, "projection_condition": 20.316571278155383, "omitted_radius": 0.9870654971676265, "max_relative_frf_error": 0.002604862399465738, "reduced_closed_radius": 0.9989220534129091, "full_closed_radius": 0.9989229385579487, "linear_pass": true}
Oct 03 19:44:20 wmt-JIGUANG-Series python[497705]: reduction {"order": 6, "method": "modal", "vmc_condition": 1.1692020288503353, "projection_condition": 24.928412986500543, "omitted_radius": 0.986525386712174, "max_relative_frf_error": 0.0028457372278306503, "reduced_closed_radius": 0.998875960691861, "full_closed_radius": 0.9988769768204375, "linear_pass": true}
Oct 03 19:44:20 wmt-JIGUANG-Series python[497705]: reduction {"order": 6, "method": "modal", "vmc_condition": 1.0703721088466125, "projection_condition": 26.96332831445564, "omitted_radius": 0.9865003916921553, "max_relative_frf_error": 0.0029245363631001517, "reduced_closed_radius": 0.9988613177526111, "full_closed_radius": 0.9988623451106616, "linear_pass": true}
Oct 03 19:44:20 wmt-JIGUANG-Series python[497705]: reduction {"order": 6, "method": "modal", "vmc_condition": 1.898231218528725, "projection_condition": 29.632941238874096, "omitted_radius": 0.9900192987081642, "max_relative_frf_error": 0.003472138238343771, "reduced_closed_radius": 0.9988501522974549, "full_closed_radius": 0.998851314107305, "linear_pass": true}
Oct 03 19:44:33 wmt-JIGUANG-Series python[497705]: TRAIN B2-V 1611 1020000 {'total': 32, 'success_count': 24, 'complete': True, 'mean_yaw_score_deg': 1.0141676989022614}
Oct 03 19:44:43 wmt-JIGUANG-Series python[497705]: reduction {"order": 6, "method": "modal", "vmc_condition": 1.3782055460660536, "projection_condition": 20.20539014108477, "omitted_radius": 0.9935566191757785, "max_relative_frf_error": 0.0028123571312865282, "reduced_closed_radius": 0.9989507930323593, "full_closed_radius": 0.9989516950214622, "linear_pass": true}
Oct 03 19:44:43 wmt-JIGUANG-Series python[497705]: reduction {"order": 6, "method": "modal", "vmc_condition": 1.4999430560359601, "projection_condition": 20.316571278155383, "omitted_radius": 0.9870654971676265, "max_relative_frf_error": 0.002604862399465738, "reduced_closed_radius": 0.9989220534129091, "full_closed_radius": 0.9989229385579487, "linear_pass": true}
Oct 03 19:44:43 wmt-JIGUANG-Series python[497705]: reduction {"order": 6, "method": "modal", "vmc_condition": 1.1692020288503353, "projection_condition": 24.928412986500543, "omitted_radius": 0.986525386712174, "max_relative_frf_error": 0.0028457372278306503, "reduced_closed_radius": 0.998875960691861, "full_closed_radius": 0.9988769768204375, "linear_pass": true}
Oct 03 19:44:43 wmt-JIGUANG-Series python[497705]: reduction {"order": 6, "method": "modal", "vmc_condition": 1.0703721088466125, "projection_condition": 26.96332831445564, "omitted_radius": 0.9865003916921553, "max_relative_frf_error": 0.0029245363631001517, "reduced_closed_radius": 0.9988613177526111, "full_closed_radius": 0.9988623451106616, "linear_pass": true}
Oct 03 19:44:43 wmt-JIGUANG-Series python[497705]: reduction {"order": 6, "method": "modal", "vmc_condition": 1.898231218528725, "projection_condition": 29.632941238874096, "omitted_radius": 0.9900192987081642, "max_relative_frf_error": 0.003472138238343771, "reduced_closed_radius": 0.9988501522974549, "full_closed_radius": 0.998851314107305, "linear_pass": true}
Oct 03 19:44:51 wmt-JIGUANG-Series systemd[896]: Stopping 轮腿论文注册GPU预实验B2-V种子1611...
Oct 03 19:44:51 wmt-JIGUANG-Series python[497705]: Traceback (most recent call last):
Oct 03 19:44:51 wmt-JIGUANG-Series python[497705]:   File "/home/wmt/wheel_leg_robot_work/wheelleg_warp/train_height_comparison.py", line 418, in <module>
Oct 03 19:44:51 wmt-JIGUANG-Series python[497705]:     elif a.command=='train':train(out,a.method,a.seed,a.resume)
Oct 03 19:44:51 wmt-JIGUANG-Series python[497705]:   File "/home/wmt/wheel_leg_robot_work/wheelleg_warp/train_height_comparison.py", line 330, in train
Oct 03 19:44:51 wmt-JIGUANG-Series python[497705]:     runs=evaluate(p['selection'],mode,agent,str(prefix)+'.pkl');record=dict(policy_steps=steps,path=str(prefix),summary=summary(runs),runs=runs,**checkpoint_hashes(prefix))
Oct 03 19:44:51 wmt-JIGUANG-Series python[497705]:   File "/home/wmt/wheel_leg_robot_work/wheelleg_warp/train_height_comparison.py", line 187, in evaluate
Oct 03 19:44:51 wmt-JIGUANG-Series python[497705]:     obs,_,done,infos=env.step(actions)
Oct 03 19:44:51 wmt-JIGUANG-Series python[497705]:   File "/home/wmt/wheel_leg_robot_work/.venv/lib/python3.10/site-packages/stable_baselines3/common/vec_env/base_vec_env.py", line 222, in step
Oct 03 19:44:51 wmt-JIGUANG-Series python[497705]:     return self.step_wait()
Oct 03 19:44:51 wmt-JIGUANG-Series python[497705]:   File "/home/wmt/wheel_leg_robot_work/.venv/lib/python3.10/site-packages/stable_baselines3/common/vec_env/vec_normalize.py", line 181, in step_wait
Oct 03 19:44:51 wmt-JIGUANG-Series python[497705]:     obs, rewards, dones, infos = self.venv.step_wait()
Oct 03 19:44:51 wmt-JIGUANG-Series python[497705]:   File "/home/wmt/wheel_leg_robot_work/.venv/lib/python3.10/site-packages/stable_baselines3/common/vec_env/vec_check_nan.py", line 39, in step_wait
Oct 03 19:44:51 wmt-JIGUANG-Series python[497705]:     observations, rewards, dones, infos = self.venv.step_wait()
Oct 03 19:44:51 wmt-JIGUANG-Series python[497705]:   File "/home/wmt/wheel_leg_robot_work/wheelleg_warp/native/environment.py", line 535, in step_wait
Oct 03 19:44:51 wmt-JIGUANG-Series python[497705]:     obs=self.obs.numpy().copy();reward=self.reward.numpy().copy();reasons=self.done.numpy();done=reasons!=0
Oct 03 19:44:51 wmt-JIGUANG-Series python[497705]:   File "/home/wmt/wheel_leg_robot_work/.venv/lib/python3.10/site-packages/warp/_src/types.py", line 4518, in numpy
Oct 03 19:44:51 wmt-JIGUANG-Series python[497705]:     a = self.to("cpu", requires_grad=False)
Oct 03 19:44:51 wmt-JIGUANG-Series python[497705]:   File "/home/wmt/wheel_leg_robot_work/.venv/lib/python3.10/site-packages/warp/_src/types.py", line 4617, in to
Oct 03 19:44:51 wmt-JIGUANG-Series python[497705]:     return warp.clone(self, device=device, requires_grad=requires_grad)
Oct 03 19:44:51 wmt-JIGUANG-Series python[497705]:   File "/home/wmt/wheel_leg_robot_work/.venv/lib/python3.10/site-packages/warp/_src/context.py", line 9832, in clone
Oct 03 19:44:51 wmt-JIGUANG-Series python[497705]:     warp.copy(arr, src)
Oct 03 19:44:51 wmt-JIGUANG-Series python[497705]:   File "/home/wmt/wheel_leg_robot_work/.venv/lib/python3.10/site-packages/warp/_src/context.py", line 14099, in copy
Oct 03 19:44:51 wmt-JIGUANG-Series python[497705]:     result = runtime.core.wp_memcpy_d2h(
Oct 03 19:44:51 wmt-JIGUANG-Series python[497705]: KeyboardInterrupt
Oct 03 19:44:52 wmt-JIGUANG-Series systemd[896]: Stopped 轮腿论文注册GPU预实验B2-V种子1611.
Oct 03 19:44:52 wmt-JIGUANG-Series systemd[896]: wheelleg-height115-gpu-b2v-1611.service: Consumed 20min 516ms CPU time.
