reduction {"order": 6, "vmc_condition": 1.4999430550681827, "frequencies_hz": [0.2, 0.5, 1.0, 2.0, 5.0], "relative_frf_errors": [0.07695892003396168, 0.06874354789162462, 0.20023893342237142, 0.13389683314974454, 0.14887157766591846], "omitted_radius": 0.98707659942212, "reduced_closed_radius": 0.9989113859580384, "full_closed_radius": 0.9989705675493364, "linear_pass": false}
reduction {"order": 6, "vmc_condition": 1.169202029041124, "frequencies_hz": [0.2, 0.5, 1.0, 2.0, 5.0], "relative_frf_errors": [0.07571499153703995, 0.06210797023438737, 0.1151820694002764, 0.15986352536055196, 0.1903485426106971], "omitted_radius": 0.9865852872688742, "reduced_closed_radius": 0.9988674533809626, "full_closed_radius": 0.9989085293176188, "linear_pass": false}
reduction {"order": 6, "vmc_condition": 1.0703721089931721, "frequencies_hz": [0.2, 0.5, 1.0, 2.0, 5.0], "relative_frf_errors": [0.07508818123834006, 0.08349970431819449, 0.1265503859625531, 0.1854957207892041, 0.21836319126065348], "omitted_radius": 0.9865802614896333, "reduced_closed_radius": 0.9988549449235988, "full_closed_radius": 0.9988884765417387, "linear_pass": false}
reduction {"order": 6, "vmc_condition": 1.898231218325959, "frequencies_hz": [0.2, 0.5, 1.0, 2.0, 5.0], "relative_frf_errors": [0.1145275664410041, 0.14324125030771254, 0.20528236447047168, 0.28063868198889197, 0.3216099180797918], "omitted_radius": 0.9900142969006248, "reduced_closed_radius": 0.9988526128812414, "full_closed_radius": 0.998871693876907, "linear_pass": false}
jf t= 4.00 z=0.3498 pitch=+0.001 vx=1.00 bx=2.75
jf t= 4.25 z=0.3445 pitch=+0.001 vx=1.00 bx=3.00
jf t= 4.50 z=0.3358 pitch=+0.001 vx=1.00 bx=3.25
jf t= 4.75 z=0.3270 pitch=+0.001 vx=1.00 bx=3.50
jf t= 5.00 z=0.3183 pitch=+0.001 vx=1.00 bx=3.75
jf t= 5.25 z=0.3095 pitch=+0.001 vx=1.00 bx=4.00
jf t= 5.50 z=0.2947 pitch=+0.004 vx=1.01 bx=4.25
jf t= 5.75 z=0.2324 pitch=+0.018 vx=1.05 bx=4.51
jf t= 6.00 z=0.6960 pitch=+0.017 vx=1.10 bx=4.78
jf t= 6.25 z=0.5802 pitch=+0.013 vx=1.10 bx=5.05
jf t= 6.50 z=0.2077 pitch=+0.004 vx=1.03 bx=5.32
jf t= 6.75 z=0.2979 pitch=+0.002 vx=1.01 bx=5.58
jf t= 7.00 z=0.3461 pitch=+0.001 vx=1.00 bx=5.83
jf t= 7.25 z=0.3498 pitch=+0.001 vx=1.00 bx=6.08
jf t= 7.50 z=0.3498 pitch=+0.001 vx=1.00 bx=6.33
jf t= 7.75 z=0.3498 pitch=+0.001 vx=1.00 bx=6.58
jf t= 8.00 z=0.3498 pitch=+0.001 vx=1.00 bx=6.83
jf t= 8.25 z=0.3498 pitch=+0.001 vx=1.00 bx=7.08
jf t= 8.50 z=0.3498 pitch=+0.001 vx=1.00 bx=7.33
jf t= 8.75 z=0.3498 pitch=+0.001 vx=1.00 bx=7.58
jf t= 9.00 z=0.3498 pitch=+0.001 vx=1.00 bx=7.83
jf t= 9.25 z=0.3498 pitch=+0.001 vx=1.00 bx=8.08
jf t= 9.50 z=0.3498 pitch=+0.001 vx=1.00 bx=8.34
jf t= 9.75 z=0.3498 pitch=+0.001 vx=1.00 bx=8.59
jf t=10.00 z=0.3498 pitch=+0.001 vx=1.00 bx=8.84
jf t=10.25 z=0.3498 pitch=+0.001 vx=1.00 bx=9.09
jf t=10.50 z=0.3498 pitch=+0.001 vx=1.00 bx=9.34
jf t=10.75 z=0.3498 pitch=+0.001 vx=1.00 bx=9.59
jf t=11.00 z=0.3498 pitch=+0.001 vx=1.00 bx=9.84
jf t=11.25 z=0.3498 pitch=+0.001 vx=1.00 bx=10.09
jf t=11.50 z=0.3498 pitch=+0.001 vx=1.00 bx=10.34
jf t=11.75 z=0.3498 pitch=+0.001 vx=1.00 bx=10.59
jf t=12.00 z=0.3498 pitch=+0.001 vx=1.00 bx=10.84
jf t=12.25 z=0.3498 pitch=+0.001 vx=1.00 bx=11.09
jf t=12.50 z=0.3498 pitch=+0.001 vx=1.00 bx=11.34
jf t=12.75 z=0.3498 pitch=+0.001 vx=1.00 bx=11.59
jf t=13.00 z=0.3498 pitch=+0.001 vx=1.00 bx=11.84
jf t=13.25 z=0.3498 pitch=+0.001 vx=1.00 bx=12.09
jf t=13.50 z=0.3498 pitch=+0.001 vx=1.00 bx=12.34
jf t=13.75 z=0.3498 pitch=+0.001 vx=1.00 bx=12.59
jf t=14.00 z=0.3498 pitch=+0.001 vx=1.00 bx=12.85
jf t=14.25 z=0.3498 pitch=+0.001 vx=1.00 bx=13.10
jf t=14.50 z=0.3498 pitch=+0.001 vx=1.00 bx=13.35
jf t=14.75 z=0.3498 pitch=+0.001 vx=1.00 bx=13.60
jf t=15.00 z=0.3498 pitch=+0.001 vx=1.00 bx=13.85
jf t=15.25 z=0.3498 pitch=+0.001 vx=1.00 bx=14.10
jf t=15.50 z=0.3498 pitch=+0.001 vx=1.00 bx=14.35
jf t=15.75 z=0.3498 pitch=+0.001 vx=1.00 bx=14.60
jf t=16.00 z=0.3498 pitch=+0.001 vx=1.00 bx=14.85
jf t=16.25 z=0.3498 pitch=+0.001 vx=1.00 bx=15.10
jf t=16.50 z=0.3498 pitch=+0.001 vx=1.00 bx=15.35
jf t=16.75 z=0.3498 pitch=+0.001 vx=1.00 bx=15.60
jf t=17.00 z=0.3498 pitch=+0.001 vx=1.00 bx=15.85
jf t=17.25 z=0.3498 pitch=+0.001 vx=1.00 bx=16.10
jf t=17.50 z=0.3498 pitch=+0.001 vx=1.00 bx=16.35
jf t=17.75 z=0.3498 pitch=+0.001 vx=1.00 bx=16.60
前进跳: 通过 (起跳速度=1.00m/s, COM跳高=0.377m, 最大平台俯仰=1.35°, 最大偏航=0.00°, bx=16.85)
输出/状态有效=True 非轮碰撞=False roll峰值=0.000°
