reduction {"order": 6, "vmc_condition": 1.4999430550681827, "frequencies_hz": [0.2, 0.5, 1.0, 2.0, 5.0], "relative_frf_errors": [0.07695892003396168, 0.06874354789162462, 0.20023893342237142, 0.13389683314974454, 0.14887157766591846], "omitted_radius": 0.98707659942212, "reduced_closed_radius": 0.9989113859580384, "full_closed_radius": 0.9989705675493364, "linear_pass": false}
reduction {"order": 6, "vmc_condition": 1.169202029041124, "frequencies_hz": [0.2, 0.5, 1.0, 2.0, 5.0], "relative_frf_errors": [0.07571499153703995, 0.06210797023438737, 0.1151820694002764, 0.15986352536055196, 0.1903485426106971], "omitted_radius": 0.9865852872688742, "reduced_closed_radius": 0.9988674533809626, "full_closed_radius": 0.9989085293176188, "linear_pass": false}
reduction {"order": 6, "vmc_condition": 1.0703721089931721, "frequencies_hz": [0.2, 0.5, 1.0, 2.0, 5.0], "relative_frf_errors": [0.07508818123834006, 0.08349970431819449, 0.1265503859625531, 0.1854957207892041, 0.21836319126065348], "omitted_radius": 0.9865802614896333, "reduced_closed_radius": 0.9988549449235988, "full_closed_radius": 0.9988884765417387, "linear_pass": false}
reduction {"order": 6, "vmc_condition": 1.898231218325959, "frequencies_hz": [0.2, 0.5, 1.0, 2.0, 5.0], "relative_frf_errors": [0.1145275664410041, 0.14324125030771254, 0.20528236447047168, 0.28063868198889197, 0.3216099180797918], "omitted_radius": 0.9900142969006248, "reduced_closed_radius": 0.9988526128812414, "full_closed_radius": 0.998871693876907, "linear_pass": false}
jump t= 2.00 z=0.3497 pitch=+0.000 vx=-0.00
jump t= 2.25 z=0.3497 pitch=+0.000 vx=-0.00
jump t= 2.50 z=0.3427 pitch=+0.000 vx=0.00
jump t= 2.75 z=0.3339 pitch=+0.000 vx=0.00
jump t= 3.00 z=0.3252 pitch=+0.000 vx=-0.00
jump t= 3.25 z=0.3164 pitch=+0.000 vx=-0.00
jump t= 3.50 z=0.3077 pitch=+0.000 vx=-0.00
jump t= 3.75 z=0.2992 pitch=+0.000 vx=0.00
jump t= 4.00 z=0.2329 pitch=+0.006 vx=0.01
jump t= 4.25 z=0.6785 pitch=-0.002 vx=0.05
jump t= 4.50 z=0.6527 pitch=-0.004 vx=0.05
jump t= 4.75 z=0.1971 pitch=-0.001 vx=0.00
jump t= 5.00 z=0.2824 pitch=-0.000 vx=-0.00
jump t= 5.25 z=0.3448 pitch=-0.000 vx=-0.00
jump t= 5.50 z=0.3497 pitch=-0.000 vx=0.00
jump t= 5.75 z=0.3497 pitch=-0.000 vx=0.00
jump t= 6.00 z=0.3497 pitch=-0.000 vx=0.00
jump t= 6.25 z=0.3497 pitch=+0.000 vx=0.00
jump t= 6.50 z=0.3497 pitch=+0.000 vx=0.00
jump t= 6.75 z=0.3497 pitch=+0.000 vx=-0.00
jump t= 7.00 z=0.3497 pitch=+0.000 vx=-0.00
jump t= 7.25 z=0.3497 pitch=+0.000 vx=-0.00
jump t= 7.50 z=0.3497 pitch=-0.000 vx=-0.00
jump t= 7.75 z=0.3497 pitch=-0.000 vx=-0.00
jump t= 8.00 z=0.3497 pitch=-0.000 vx=0.00
jump t= 8.25 z=0.3497 pitch=-0.000 vx=0.00
jump t= 8.50 z=0.3497 pitch=-0.000 vx=0.00
jump t= 8.75 z=0.3497 pitch=+0.000 vx=0.00
jump t= 9.00 z=0.3497 pitch=+0.000 vx=0.00
jump t= 9.25 z=0.3497 pitch=+0.000 vx=-0.00
jump t= 9.50 z=0.3497 pitch=+0.000 vx=-0.00
jump t= 9.75 z=0.3497 pitch=+0.000 vx=-0.00
jump t=10.00 z=0.3497 pitch=-0.000 vx=-0.00
jump t=10.25 z=0.3497 pitch=-0.000 vx=-0.00
jump t=10.50 z=0.3497 pitch=-0.000 vx=0.00
jump t=10.75 z=0.3497 pitch=-0.000 vx=0.00
jump t=11.00 z=0.3497 pitch=-0.000 vx=0.00
jump t=11.25 z=0.3497 pitch=+0.000 vx=0.00
jump t=11.50 z=0.3497 pitch=+0.000 vx=0.00
jump t=11.75 z=0.3497 pitch=+0.000 vx=-0.00
静止跳: 通过 (COM跳高=0.395m, 最大平台俯仰=0.40°, 最大偏航=0.00°, 落点 bx=0.03)
输出/状态有效=True 非轮碰撞=False roll峰值=0.000°
