reduction {"order": 6, "vmc_condition": 1.4999430550681827, "frequencies_hz": [0.2, 0.5, 1.0, 2.0, 5.0], "relative_frf_errors": [0.07695892003396168, 0.06874354789162462, 0.20023893342237142, 0.13389683314974454, 0.14887157766591846], "omitted_radius": 0.98707659942212, "reduced_closed_radius": 0.9989113859580384, "full_closed_radius": 0.9989705675493364, "linear_pass": false}
reduction {"order": 6, "vmc_condition": 1.169202029041124, "frequencies_hz": [0.2, 0.5, 1.0, 2.0, 5.0], "relative_frf_errors": [0.07571499153703995, 0.06210797023438737, 0.1151820694002764, 0.15986352536055196, 0.1903485426106971], "omitted_radius": 0.9865852872688742, "reduced_closed_radius": 0.9988674533809626, "full_closed_radius": 0.9989085293176188, "linear_pass": false}
reduction {"order": 6, "vmc_condition": 1.0703721089931721, "frequencies_hz": [0.2, 0.5, 1.0, 2.0, 5.0], "relative_frf_errors": [0.07508818123834006, 0.08349970431819449, 0.1265503859625531, 0.1854957207892041, 0.21836319126065348], "omitted_radius": 0.9865802614896333, "reduced_closed_radius": 0.9988549449235988, "full_closed_radius": 0.9988884765417387, "linear_pass": false}
reduction {"order": 6, "vmc_condition": 1.898231218325959, "frequencies_hz": [0.2, 0.5, 1.0, 2.0, 5.0], "relative_frf_errors": [0.1145275664410041, 0.14324125030771254, 0.20528236447047168, 0.28063868198889197, 0.3216099180797918], "omitted_radius": 0.9900142969006248, "reduced_closed_radius": 0.9988526128812414, "full_closed_radius": 0.998871693876907, "linear_pass": false}
jb t= 4.00 z=0.3496 roll=+0.000 pitch=-0.001 vx=-1.00 bx=-2.75
jb t= 4.25 z=0.3444 roll=+0.000 pitch=-0.001 vx=-1.00 bx=-3.00
jb t= 4.50 z=0.3356 roll=-0.000 pitch=-0.001 vx=-1.00 bx=-3.25
jb t= 4.75 z=0.3269 roll=+0.000 pitch=-0.001 vx=-1.00 bx=-3.50
jb t= 5.00 z=0.3181 roll=+0.000 pitch=-0.001 vx=-1.00 bx=-3.75
jb t= 5.25 z=0.3094 roll=-0.000 pitch=-0.001 vx=-1.00 bx=-4.00
jb t= 5.50 z=0.2940 roll=-0.000 pitch=-0.004 vx=-1.00 bx=-4.25
jb t= 5.75 z=0.2297 roll=-0.000 pitch=-0.018 vx=-1.05 bx=-4.50
jb t= 6.00 z=0.6844 roll=-0.000 pitch=-0.025 vx=-1.08 bx=-4.77
jb t= 6.25 z=0.5643 roll=-0.000 pitch=-0.020 vx=-1.08 bx=-5.04
jb t= 6.50 z=0.2091 roll=-0.000 pitch=-0.005 vx=-1.05 bx=-5.31
jb t= 6.75 z=0.2996 roll=-0.000 pitch=-0.002 vx=-1.02 bx=-5.57
jb t= 7.00 z=0.3460 roll=-0.000 pitch=-0.001 vx=-1.00 bx=-5.82
jb t= 7.25 z=0.3496 roll=-0.000 pitch=-0.001 vx=-1.00 bx=-6.07
jb t= 7.50 z=0.3496 roll=-0.000 pitch=-0.001 vx=-1.00 bx=-6.32
jb t= 7.75 z=0.3496 roll=-0.000 pitch=-0.001 vx=-1.00 bx=-6.58
jb t= 8.00 z=0.3496 roll=-0.000 pitch=-0.001 vx=-1.00 bx=-6.83
jb t= 8.25 z=0.3496 roll=+0.000 pitch=-0.001 vx=-1.00 bx=-7.08
jb t= 8.50 z=0.3496 roll=+0.000 pitch=-0.001 vx=-1.00 bx=-7.33
jb t= 8.75 z=0.3496 roll=+0.000 pitch=-0.001 vx=-1.00 bx=-7.58
jb t= 9.00 z=0.3496 roll=+0.000 pitch=-0.001 vx=-1.00 bx=-7.83
jb t= 9.25 z=0.3496 roll=+0.000 pitch=-0.001 vx=-1.00 bx=-8.08
jb t= 9.50 z=0.3496 roll=+0.000 pitch=-0.001 vx=-1.00 bx=-8.33
jb t= 9.75 z=0.3496 roll=+0.000 pitch=-0.001 vx=-1.00 bx=-8.58
jb t=10.00 z=0.3496 roll=+0.000 pitch=-0.001 vx=-1.00 bx=-8.83
jb t=10.25 z=0.3496 roll=+0.000 pitch=-0.001 vx=-1.00 bx=-9.08
jb t=10.50 z=0.3496 roll=+0.000 pitch=-0.001 vx=-1.00 bx=-9.33
jb t=10.75 z=0.3496 roll=-0.000 pitch=-0.001 vx=-1.00 bx=-9.58
jb t=11.00 z=0.3496 roll=-0.000 pitch=-0.001 vx=-1.00 bx=-9.83
jb t=11.25 z=0.3496 roll=+0.000 pitch=-0.001 vx=-1.00 bx=-10.08
jb t=11.50 z=0.3496 roll=+0.000 pitch=-0.001 vx=-1.00 bx=-10.33
jb t=11.75 z=0.3496 roll=+0.000 pitch=-0.001 vx=-1.00 bx=-10.58
jb t=12.00 z=0.3496 roll=+0.000 pitch=-0.001 vx=-1.00 bx=-10.83
jb t=12.25 z=0.3496 roll=-0.000 pitch=-0.001 vx=-1.00 bx=-11.09
jb t=12.50 z=0.3496 roll=+0.000 pitch=-0.001 vx=-1.00 bx=-11.34
jb t=12.75 z=0.3496 roll=+0.000 pitch=-0.001 vx=-1.00 bx=-11.59
jb t=13.00 z=0.3496 roll=+0.000 pitch=-0.001 vx=-1.00 bx=-11.84
jb t=13.25 z=0.3496 roll=-0.000 pitch=-0.001 vx=-1.00 bx=-12.09
jb t=13.50 z=0.3496 roll=+0.000 pitch=-0.001 vx=-1.00 bx=-12.34
jb t=13.75 z=0.3496 roll=+0.000 pitch=-0.001 vx=-1.00 bx=-12.59
jb t=14.00 z=0.3496 roll=-0.000 pitch=-0.001 vx=-1.00 bx=-12.84
jb t=14.25 z=0.3496 roll=+0.000 pitch=-0.001 vx=-1.00 bx=-13.09
jb t=14.50 z=0.3496 roll=+0.000 pitch=-0.001 vx=-1.00 bx=-13.34
jb t=14.75 z=0.3496 roll=-0.000 pitch=-0.001 vx=-1.00 bx=-13.59
jb t=15.00 z=0.3496 roll=-0.000 pitch=-0.001 vx=-1.00 bx=-13.84
jb t=15.25 z=0.3496 roll=+0.000 pitch=-0.001 vx=-1.00 bx=-14.09
jb t=15.50 z=0.3496 roll=+0.000 pitch=-0.001 vx=-1.00 bx=-14.34
jb t=15.75 z=0.3496 roll=+0.000 pitch=-0.001 vx=-1.00 bx=-14.59
jb t=16.00 z=0.3496 roll=+0.000 pitch=-0.001 vx=-1.00 bx=-14.84
jb t=16.25 z=0.3496 roll=-0.000 pitch=-0.001 vx=-1.00 bx=-15.09
jb t=16.50 z=0.3496 roll=-0.000 pitch=-0.001 vx=-1.00 bx=-15.35
jb t=16.75 z=0.3496 roll=-0.000 pitch=-0.001 vx=-1.00 bx=-15.60
jb t=17.00 z=0.3496 roll=-0.000 pitch=-0.001 vx=-1.00 bx=-15.85
jb t=17.25 z=0.3496 roll=-0.000 pitch=-0.001 vx=-1.00 bx=-16.10
jb t=17.50 z=0.3496 roll=+0.000 pitch=-0.001 vx=-1.00 bx=-16.35
jb t=17.75 z=0.3496 roll=+0.000 pitch=-0.001 vx=-1.00 bx=-16.60
后退跳: 通过 (起跳速度=-1.00m/s, COM跳高=0.369m, 最大横滚=0.00°, 最大平台俯仰=1.90°, 最大偏航=0.00°, bx=-16.85)
输出/状态有效=True 非轮碰撞=False roll峰值=0.000°
