RAW AUDIT old_B0 regular 0 files 120
RAW AUDIT old_B0 regular 1 files 240
RAW AUDIT old_B0 regular 2 files 360
RAW AUDIT old_B0 regular 3 files 480
RAW AUDIT old_B0 regular 4 files 576
RAW AUDIT old_B0 controlled 0 files 696
RAW AUDIT old_B0 controlled 1 files 816
RAW AUDIT old_B0 legacy 0 files 936
RAW AUDIT old_B0 legacy 1 files 978
RAW AUDIT old_B0 legacy 2 files 984
RAW AUDIT map_B0 regular 0 files 1124
RAW AUDIT map_B0 regular 1 files 1264
RAW AUDIT map_B0 regular 2 files 1404
RAW AUDIT map_B0 regular 3 files 1544
RAW AUDIT map_B0 regular 4 files 1656
RAW AUDIT map_B0 controlled 0 files 1796
RAW AUDIT map_B0 controlled 1 files 1936
RAW AUDIT map_B0 legacy 0 files 2076
RAW AUDIT map_B0 legacy 1 files 2125
RAW AUDIT map_B0 legacy 2 files 2132
DONE286 full328/rawaudit;engineeringgate False counts {'old_B0/regular': {'total': 96, 'success': 96, 'physical': 96, 'design': 96, 'mean_J': 0.3870998577691893}, 'old_B0/controlled': {'total': 40, 'success': 32, 'physical': 40, 'design': 40, 'mean_J': 1.0602142419637717}, 'old_B0/legacy': {'total': 28, 'success': 28, 'physical': 28, 'design': 28, 'mean_J': 0.5036961700010651}, 'map_B0/regular': {'total': 96, 'success': 96, 'physical': 96, 'design': 96, 'mean_J': 0.385500394947264}, 'map_B0/controlled': {'total': 40, 'success': 32, 'physical': 40, 'design': 40, 'mean_J': 1.0500308511914382}, 'map_B0/legacy': {'total': 28, 'success': 28, 'physical': 28, 'design': 28, 'mean_J': 0.5128039688369231}}
