Oct 03 16:43:28 wmt-JIGUANG-Series python[186824]: reduction {"order": 6, "method": "modal", "vmc_condition": 1.0703721088466125, "projection_condition": 26.96332831445564, "omitted_radius": 0.9865003916921553, "max_relative_frf_error": 0.0029245363631001517, "reduced_closed_radius": 0.9988613177526111, "full_closed_radius": 0.9988623451106616, "linear_pass": true}
Oct 03 16:43:28 wmt-JIGUANG-Series python[186824]: reduction {"order": 6, "method": "modal", "vmc_condition": 1.898231218528725, "projection_condition": 29.632941238874096, "omitted_radius": 0.9900192987081642, "max_relative_frf_error": 0.003472138238343771, "reduced_closed_radius": 0.9988501522974549, "full_closed_radius": 0.998851314107305, "linear_pass": true}
Oct 03 16:43:42 wmt-JIGUANG-Series python[186824]: TRAIN B2 1609 1700000 {'total': 32, 'success_count': 12, 'complete': True, 'mean_yaw_score_deg': 1.1070726984760004}
Oct 03 16:43:50 wmt-JIGUANG-Series python[186824]: reduction {"order": 6, "method": "modal", "vmc_condition": 1.3782055460660536, "projection_condition": 20.20539014108477, "omitted_radius": 0.9935566191757785, "max_relative_frf_error": 0.0028123571312865282, "reduced_closed_radius": 0.9989507930323593, "full_closed_radius": 0.9989516950214622, "linear_pass": true}
Oct 03 16:43:50 wmt-JIGUANG-Series python[186824]: reduction {"order": 6, "method": "modal", "vmc_condition": 1.4999430560359601, "projection_condition": 20.316571278155383, "omitted_radius": 0.9870654971676265, "max_relative_frf_error": 0.002604862399465738, "reduced_closed_radius": 0.9989220534129091, "full_closed_radius": 0.9989229385579487, "linear_pass": true}
Oct 03 16:43:50 wmt-JIGUANG-Series python[186824]: reduction {"order": 6, "method": "modal", "vmc_condition": 1.1692020288503353, "projection_condition": 24.928412986500543, "omitted_radius": 0.986525386712174, "max_relative_frf_error": 0.0028457372278306503, "reduced_closed_radius": 0.998875960691861, "full_closed_radius": 0.9988769768204375, "linear_pass": true}
Oct 03 16:43:50 wmt-JIGUANG-Series python[186824]: reduction {"order": 6, "method": "modal", "vmc_condition": 1.0703721088466125, "projection_condition": 26.96332831445564, "omitted_radius": 0.9865003916921553, "max_relative_frf_error": 0.0029245363631001517, "reduced_closed_radius": 0.9988613177526111, "full_closed_radius": 0.9988623451106616, "linear_pass": true}
Oct 03 16:43:51 wmt-JIGUANG-Series python[186824]: reduction {"order": 6, "method": "modal", "vmc_condition": 1.898231218528725, "projection_condition": 29.632941238874096, "omitted_radius": 0.9900192987081642, "max_relative_frf_error": 0.003472138238343771, "reduced_closed_radius": 0.9988501522974549, "full_closed_radius": 0.998851314107305, "linear_pass": true}
Oct 03 16:44:04 wmt-JIGUANG-Series python[186824]: TRAIN B2 1609 1720000 {'total': 32, 'success_count': 14, 'complete': True, 'mean_yaw_score_deg': 1.0795057550634726}
Oct 03 16:44:13 wmt-JIGUANG-Series python[186824]: reduction {"order": 6, "method": "modal", "vmc_condition": 1.3782055460660536, "projection_condition": 20.20539014108477, "omitted_radius": 0.9935566191757785, "max_relative_frf_error": 0.0028123571312865282, "reduced_closed_radius": 0.9989507930323593, "full_closed_radius": 0.9989516950214622, "linear_pass": true}
Oct 03 16:44:13 wmt-JIGUANG-Series python[186824]: reduction {"order": 6, "method": "modal", "vmc_condition": 1.4999430560359601, "projection_condition": 20.316571278155383, "omitted_radius": 0.9870654971676265, "max_relative_frf_error": 0.002604862399465738, "reduced_closed_radius": 0.9989220534129091, "full_closed_radius": 0.9989229385579487, "linear_pass": true}
Oct 03 16:44:14 wmt-JIGUANG-Series python[186824]: reduction {"order": 6, "method": "modal", "vmc_condition": 1.1692020288503353, "projection_condition": 24.928412986500543, "omitted_radius": 0.986525386712174, "max_relative_frf_error": 0.0028457372278306503, "reduced_closed_radius": 0.998875960691861, "full_closed_radius": 0.9988769768204375, "linear_pass": true}
Oct 03 16:44:14 wmt-JIGUANG-Series python[186824]: reduction {"order": 6, "method": "modal", "vmc_condition": 1.0703721088466125, "projection_condition": 26.96332831445564, "omitted_radius": 0.9865003916921553, "max_relative_frf_error": 0.0029245363631001517, "reduced_closed_radius": 0.9988613177526111, "full_closed_radius": 0.9988623451106616, "linear_pass": true}
Oct 03 16:44:14 wmt-JIGUANG-Series python[186824]: reduction {"order": 6, "method": "modal", "vmc_condition": 1.898231218528725, "projection_condition": 29.632941238874096, "omitted_radius": 0.9900192987081642, "max_relative_frf_error": 0.003472138238343771, "reduced_closed_radius": 0.9988501522974549, "full_closed_radius": 0.998851314107305, "linear_pass": true}
Oct 03 16:44:27 wmt-JIGUANG-Series python[186824]: TRAIN B2 1609 1740000 {'total': 32, 'success_count': 13, 'complete': True, 'mean_yaw_score_deg': 1.0891934883299932}
Oct 03 16:44:36 wmt-JIGUANG-Series python[186824]: reduction {"order": 6, "method": "modal", "vmc_condition": 1.3782055460660536, "projection_condition": 20.20539014108477, "omitted_radius": 0.9935566191757785, "max_relative_frf_error": 0.0028123571312865282, "reduced_closed_radius": 0.9989507930323593, "full_closed_radius": 0.9989516950214622, "linear_pass": true}
Oct 03 16:44:36 wmt-JIGUANG-Series python[186824]: reduction {"order": 6, "method": "modal", "vmc_condition": 1.4999430560359601, "projection_condition": 20.316571278155383, "omitted_radius": 0.9870654971676265, "max_relative_frf_error": 0.002604862399465738, "reduced_closed_radius": 0.9989220534129091, "full_closed_radius": 0.9989229385579487, "linear_pass": true}
Oct 03 16:44:36 wmt-JIGUANG-Series python[186824]: reduction {"order": 6, "method": "modal", "vmc_condition": 1.1692020288503353, "projection_condition": 24.928412986500543, "omitted_radius": 0.986525386712174, "max_relative_frf_error": 0.0028457372278306503, "reduced_closed_radius": 0.998875960691861, "full_closed_radius": 0.9988769768204375, "linear_pass": true}
Oct 03 16:44:36 wmt-JIGUANG-Series python[186824]: reduction {"order": 6, "method": "modal", "vmc_condition": 1.0703721088466125, "projection_condition": 26.96332831445564, "omitted_radius": 0.9865003916921553, "max_relative_frf_error": 0.0029245363631001517, "reduced_closed_radius": 0.9988613177526111, "full_closed_radius": 0.9988623451106616, "linear_pass": true}
Oct 03 16:44:36 wmt-JIGUANG-Series python[186824]: reduction {"order": 6, "method": "modal", "vmc_condition": 1.898231218528725, "projection_condition": 29.632941238874096, "omitted_radius": 0.9900192987081642, "max_relative_frf_error": 0.003472138238343771, "reduced_closed_radius": 0.9988501522974549, "full_closed_radius": 0.998851314107305, "linear_pass": true}
Oct 03 16:44:50 wmt-JIGUANG-Series python[186824]: TRAIN B2 1609 1760000 {'total': 32, 'success_count': 9, 'complete': True, 'mean_yaw_score_deg': 1.1373768911168127}
Oct 03 16:44:59 wmt-JIGUANG-Series python[186824]: reduction {"order": 6, "method": "modal", "vmc_condition": 1.3782055460660536, "projection_condition": 20.20539014108477, "omitted_radius": 0.9935566191757785, "max_relative_frf_error": 0.0028123571312865282, "reduced_closed_radius": 0.9989507930323593, "full_closed_radius": 0.9989516950214622, "linear_pass": true}
Oct 03 16:44:59 wmt-JIGUANG-Series python[186824]: reduction {"order": 6, "method": "modal", "vmc_condition": 1.4999430560359601, "projection_condition": 20.316571278155383, "omitted_radius": 0.9870654971676265, "max_relative_frf_error": 0.002604862399465738, "reduced_closed_radius": 0.9989220534129091, "full_closed_radius": 0.9989229385579487, "linear_pass": true}
Oct 03 16:44:59 wmt-JIGUANG-Series python[186824]: reduction {"order": 6, "method": "modal", "vmc_condition": 1.1692020288503353, "projection_condition": 24.928412986500543, "omitted_radius": 0.986525386712174, "max_relative_frf_error": 0.0028457372278306503, "reduced_closed_radius": 0.998875960691861, "full_closed_radius": 0.9988769768204375, "linear_pass": true}
Oct 03 16:44:59 wmt-JIGUANG-Series python[186824]: reduction {"order": 6, "method": "modal", "vmc_condition": 1.0703721088466125, "projection_condition": 26.96332831445564, "omitted_radius": 0.9865003916921553, "max_relative_frf_error": 0.0029245363631001517, "reduced_closed_radius": 0.9988613177526111, "full_closed_radius": 0.9988623451106616, "linear_pass": true}
Oct 03 16:44:59 wmt-JIGUANG-Series python[186824]: reduction {"order": 6, "method": "modal", "vmc_condition": 1.898231218528725, "projection_condition": 29.632941238874096, "omitted_radius": 0.9900192987081642, "max_relative_frf_error": 0.003472138238343771, "reduced_closed_radius": 0.9988501522974549, "full_closed_radius": 0.998851314107305, "linear_pass": true}
Oct 03 16:45:12 wmt-JIGUANG-Series python[186824]: TRAIN B2 1609 1780000 {'total': 32, 'success_count': 9, 'complete': True, 'mean_yaw_score_deg': 1.1363375693258904}
Oct 03 16:45:13 wmt-JIGUANG-Series python[186824]: Warning: EPA horizon = 24 isn't large enough.
Oct 03 16:45:13 wmt-JIGUANG-Series python[186824]: Traceback (most recent call last):
Oct 03 16:45:13 wmt-JIGUANG-Series python[186824]:   File "/home/wmt/wheel_leg_robot_work/wheelleg_warp/train_height_comparison.py", line 418, in <module>
Oct 03 16:45:13 wmt-JIGUANG-Series python[186824]:     elif a.command=='train':train(out,a.method,a.seed,a.resume)
Oct 03 16:45:13 wmt-JIGUANG-Series python[186824]:   File "/home/wmt/wheel_leg_robot_work/wheelleg_warp/train_height_comparison.py", line 327, in train
Oct 03 16:45:13 wmt-JIGUANG-Series python[186824]:     protocol(out);learn_exact(agent,steps,callback)
Oct 03 16:45:13 wmt-JIGUANG-Series python[186824]:   File "/home/wmt/wheel_leg_robot_work/wheelleg_warp/train_height_comparison.py", line 295, in learn_exact
Oct 03 16:45:13 wmt-JIGUANG-Series python[186824]:     agent.learn(total_timesteps=chunk,reset_num_timesteps=False,callback=callback)
Oct 03 16:45:13 wmt-JIGUANG-Series python[186824]:   File "/home/wmt/wheel_leg_robot_work/.venv/lib/python3.10/site-packages/stable_baselines3/ppo/ppo.py", line 311, in learn
Oct 03 16:45:13 wmt-JIGUANG-Series python[186824]:     return super().learn(
Oct 03 16:45:13 wmt-JIGUANG-Series python[186824]:   File "/home/wmt/wheel_leg_robot_work/.venv/lib/python3.10/site-packages/stable_baselines3/common/on_policy_algorithm.py", line 324, in learn
Oct 03 16:45:13 wmt-JIGUANG-Series python[186824]:     continue_training = self.collect_rollouts(self.env, callback, self.rollout_buffer, n_rollout_steps=self.n_steps)
Oct 03 16:45:13 wmt-JIGUANG-Series python[186824]:   File "/home/wmt/wheel_leg_robot_work/.venv/lib/python3.10/site-packages/stable_baselines3/common/on_policy_algorithm.py", line 218, in collect_rollouts
Oct 03 16:45:13 wmt-JIGUANG-Series python[186824]:     new_obs, rewards, dones, infos = env.step(clipped_actions)
Oct 03 16:45:13 wmt-JIGUANG-Series python[186824]:   File "/home/wmt/wheel_leg_robot_work/.venv/lib/python3.10/site-packages/stable_baselines3/common/vec_env/base_vec_env.py", line 222, in step
Oct 03 16:45:13 wmt-JIGUANG-Series python[186824]:     return self.step_wait()
Oct 03 16:45:13 wmt-JIGUANG-Series python[186824]:   File "/home/wmt/wheel_leg_robot_work/.venv/lib/python3.10/site-packages/stable_baselines3/common/vec_env/vec_normalize.py", line 181, in step_wait
Oct 03 16:45:13 wmt-JIGUANG-Series python[186824]:     obs, rewards, dones, infos = self.venv.step_wait()
Oct 03 16:45:13 wmt-JIGUANG-Series python[186824]:   File "/home/wmt/wheel_leg_robot_work/.venv/lib/python3.10/site-packages/stable_baselines3/common/vec_env/vec_check_nan.py", line 39, in step_wait
Oct 03 16:45:13 wmt-JIGUANG-Series python[186824]:     observations, rewards, dones, infos = self.venv.step_wait()
Oct 03 16:45:13 wmt-JIGUANG-Series python[186824]:   File "/home/wmt/wheel_leg_robot_work/wheelleg_warp/train_height_comparison.py", line 146, in step_wait
Oct 03 16:45:13 wmt-JIGUANG-Series python[186824]:     obs,reward,done,infos=self.venv.step_wait();raw=self.venv
Oct 03 16:45:13 wmt-JIGUANG-Series python[186824]:   File "/home/wmt/wheel_leg_robot_work/wheelleg_warp/native/environment.py", line 536, in step_wait
Oct 03 16:45:13 wmt-JIGUANG-Series python[186824]:     if np.any(self.data.overflow.numpy()):raise RuntimeError('GPU容量溢出')
Oct 03 16:45:13 wmt-JIGUANG-Series python[186824]: RuntimeError: GPU容量溢出
Oct 03 16:45:14 wmt-JIGUANG-Series systemd[896]: wheelleg-height115-gpu-b2-1609.service: Main process exited, code=exited, status=1/FAILURE
Oct 03 16:45:14 wmt-JIGUANG-Series systemd[896]: wheelleg-height115-gpu-b2-1609.service: Failed with result 'exit-code'.
Oct 03 16:45:14 wmt-JIGUANG-Series systemd[896]: wheelleg-height115-gpu-b2-1609.service: Consumed 34min 2.247s CPU time.
