Warp 1.17.0 initialized:
   CUDA Toolkit 12.9, Driver 13.0
   Devices:
     "cpu"      : "x86_64"
     "cuda:0"   : "NVIDIA GeForce RTX 5060 Laptop GPU" (8 GiB, sm_120, mempool enabled)
   Kernel cache:
     /home/wmt/.cache/warp/1.17.0
reduction {"order": 6, "method": "modal", "vmc_condition": 1.3782055460660536, "projection_condition": 20.20539014108477, "omitted_radius": 0.9935566191757785, "max_relative_frf_error": 0.0028123571312865282, "reduced_closed_radius": 0.9989507930323593, "full_closed_radius": 0.9989516950214622, "linear_pass": true}
reduction {"order": 6, "method": "modal", "vmc_condition": 1.4999430560359601, "projection_condition": 20.316571278155383, "omitted_radius": 0.9870654971676265, "max_relative_frf_error": 0.002604862399465738, "reduced_closed_radius": 0.9989220534129091, "full_closed_radius": 0.9989229385579487, "linear_pass": true}
reduction {"order": 6, "method": "modal", "vmc_condition": 1.1692020288503353, "projection_condition": 24.928412986500543, "omitted_radius": 0.986525386712174, "max_relative_frf_error": 0.0028457372278306503, "reduced_closed_radius": 0.998875960691861, "full_closed_radius": 0.9988769768204375, "linear_pass": true}
reduction {"order": 6, "method": "modal", "vmc_condition": 1.0703721088466125, "projection_condition": 26.96332831445564, "omitted_radius": 0.9865003916921553, "max_relative_frf_error": 0.0029245363631001517, "reduced_closed_radius": 0.9988613177526111, "full_closed_radius": 0.9988623451106616, "linear_pass": true}
reduction {"order": 6, "method": "modal", "vmc_condition": 1.898231218528725, "projection_condition": 29.632941238874096, "omitted_radius": 0.9900192987081642, "max_relative_frf_error": 0.003472138238343771, "reduced_closed_radius": 0.9988501522974549, "full_closed_radius": 0.998851314107305, "linear_pass": true}
reduction {"order": 6, "method": "modal", "vmc_condition": 1.3782055460660536, "projection_condition": 22.807120144044745, "omitted_radius": 0.9935578112614408, "max_relative_frf_error": 0.002848389025117791, "reduced_closed_radius": 0.9989510591868617, "full_closed_radius": 0.998951972942502, "linear_pass": true}
reduction {"order": 6, "method": "modal", "vmc_condition": 1.4999430560359601, "projection_condition": 20.927270009449636, "omitted_radius": 0.9870748210524375, "max_relative_frf_error": 0.0025988345424261435, "reduced_closed_radius": 0.9989220057139586, "full_closed_radius": 0.9989229199995769, "linear_pass": true}
reduction {"order": 6, "method": "modal", "vmc_condition": 1.1692020288503353, "projection_condition": 24.77954529917417, "omitted_radius": 0.9865248329640839, "max_relative_frf_error": 0.0028353847996350056, "reduced_closed_radius": 0.998875822776472, "full_closed_radius": 0.9988768546432709, "linear_pass": true}
reduction {"order": 6, "method": "modal", "vmc_condition": 1.0703721088466125, "projection_condition": 26.86518990156714, "omitted_radius": 0.9865208575083134, "max_relative_frf_error": 0.0029161310892778748, "reduced_closed_radius": 0.9988611909147412, "full_closed_radius": 0.9988622275746445, "linear_pass": true}
reduction {"order": 6, "method": "modal", "vmc_condition": 1.898231218528725, "projection_condition": 30.430514512924493, "omitted_radius": 0.9900095341205083, "max_relative_frf_error": 0.003464656240716812, "reduced_closed_radius": 0.9988503518062063, "full_closed_radius": 0.9988515290564789, "linear_pass": true}
Module native.environment 50f2948 load on device 'cuda:0' took 6.32 ms  (cached)
Module mujoco_warp._src.smooth d04e5a7 load on device 'cuda:0' took 3.31 ms  (cached)
Module _nxn_broadphase__locals__kernel_39520aed 39520ae load on device 'cuda:0' took 0.40 ms  (cached)
Module ccd_kernel_builder__locals__ccd_kernel_dc932c87 dc932c8 load on device 'cuda:0' took 1.39 ms  (cached)
Module ccd_kernel_builder__locals__ccd_kernel_dc932c87 0536302 load on device 'cuda:0' took 2.56 ms  (cached)
Module ccd_kernel_builder__locals__ccd_kernel_77faf322 77faf32 load on device 'cuda:0' took 1.94 ms  (cached)
Module ccd_kernel_builder__locals__ccd_kernel_77faf322 6ee6343 load on device 'cuda:0' took 1.17 ms  (cached)
Module ccd_kernel_builder__locals__ccd_kernel_9b00dbf3 9b00dbf load on device 'cuda:0' took 1.14 ms  (cached)
Module ccd_kernel_builder__locals__ccd_kernel_9b00dbf3 4b7a81d load on device 'cuda:0' took 1.18 ms  (cached)
Module _primitive_narrowphase__locals__primitive_narrowphase_29711bf2 29711bf load on device 'cuda:0' took 0.64 ms  (cached)
Module mujoco_warp._src.constraint 8d4d513 load on device 'cuda:0' took 0.23 ms  (cached)
Module _equality_connect__locals__kernel_95a1902a 95a1902 load on device 'cuda:0' took 0.52 ms  (cached)
Module _friction_dof__locals__kernel_22ded5f6 22ded5f load on device 'cuda:0' took 0.52 ms  (cached)
Module _limit_slide_hinge__locals__kernel_24a318de 24a318d load on device 'cuda:0' took 0.51 ms  (cached)
Module _efc_contact_init__locals__kernel_6bd38bb8 6bd38bb load on device 'cuda:0' took 0.46 ms  (cached)
Module _efc_contact_jac_dense__locals__kernel_b0c1fdf8 5fcbd59 load on device 'cuda:0' took 3.25 ms  (cached)
Module _efc_contact_update__locals__kernel_0221ea98 0221ea9 load on device 'cuda:0' took 0.48 ms  (cached)
Module mujoco_warp._src.sensor 830d16a load on device 'cuda:0' took 1.68 ms  (cached)
Module mujoco_warp._src.forward 4b55789 load on device 'cuda:0' took 0.96 ms  (cached)
Module mujoco_warp._src.passive 80f3681 load on device 'cuda:0' took 1.03 ms  (cached)
Module mujoco_warp._src.support a59a7bc load on device 'cuda:0' took 0.37 ms  (cached)
Module mujoco_warp._src.forward a1745d1 load on device 'cuda:0' took 0.84 ms  (cached)
Module _qfrc_smooth__locals__kernel_8b823980 8b82398 load on device 'cuda:0' took 3.52 ms  (cached)
Module _tile_cholesky_factorize_solve_block__locals__kernel_b2df853c 8e521d6 load on device 'cuda:0' took 22.16 ms  (cached)
Module _solve_init_dof__locals__kernel_021c7a0e 021c7a0 load on device 'cuda:0' took 0.46 ms  (cached)
Traceback (most recent call last):
  File "/home/wmt/wheel_leg_robot_work/wheelleg_warp/diagnose_wheel_entry.py", line 103, in <module>
    run(parser.parse_args().output)
  File "/home/wmt/wheel_leg_robot_work/wheelleg_warp/diagnose_wheel_entry.py", line 75, in run
    try:experiment.run(out)
  File "/home/wmt/wheel_leg_robot_work/wheelleg_warp/test_lateral_intervention.py", line 50, in run
    raw=raw_env(cases,'diff3');pending=set(range(len(cases)));rows=[None]*len(cases);traces=[[] for _ in cases]
  File "/home/wmt/wheel_leg_robot_work/wheelleg_warp/diagnose_wheel_entry.py", line 51, in factory
    try:env=original_factory(cases,mode)
  File "/home/wmt/wheel_leg_robot_work/wheelleg_warp/train_height_comparison.py", line 117, in raw_env
    env=NativeEnv.height115_candidate(n=len(cases),scenario=[HeightTerrainScenario(**r['scenario']) for r in cases],residual_mode=mode,shared_reference=True)
  File "/home/wmt/wheel_leg_robot_work/wheelleg_warp/native/environment.py", line 498, in height115_candidate
    env=cls(n=n,stage=stage,seed=seed,scenario=scenario,bank_factory=bank_height_115,
  File "/home/wmt/wheel_leg_robot_work/wheelleg_warp/native/environment.py", line 475, in __init__
    mjw.forward(self.model,self.data)
  File "/home/wmt/wheel_leg_robot_work/.venv/lib/python3.10/site-packages/mujoco_warp/_src/warp_util.py", line 97, in wrapper
    return fn(*args, **kwargs)
  File "/home/wmt/wheel_leg_robot_work/.venv/lib/python3.10/site-packages/mujoco_warp/_src/forward.py", line 1364, in forward
    solver.solve(m, d)
  File "/home/wmt/wheel_leg_robot_work/.venv/lib/python3.10/site-packages/mujoco_warp/_src/warp_util.py", line 97, in wrapper
    return fn(*args, **kwargs)
  File "/home/wmt/wheel_leg_robot_work/.venv/lib/python3.10/site-packages/mujoco_warp/_src/solver.py", line 3686, in solve
    _solve(m, d, ctx)
  File "/home/wmt/wheel_leg_robot_work/.venv/lib/python3.10/site-packages/mujoco_warp/_src/solver.py", line 3700, in _solve
    init_context(m, d, ctx, grad=True, compact=compact)
  File "/home/wmt/wheel_leg_robot_work/.venv/lib/python3.10/site-packages/mujoco_warp/_src/solver.py", line 3624, in init_context
    wp.launch(
  File "/home/wmt/wheel_leg_robot_work/wheelleg_warp/diagnose_wheel_entry.py", line 49, in launch
    return original_launch(kernel,dim,inputs,**kwargs)
  File "/home/wmt/wheel_leg_robot_work/.venv/lib/python3.10/site-packages/warp/_src/context.py", line 11274, in launch
    fwd_args.extend(inputs)
TypeError: 'NoneType' object is not iterable
