nominal_-1.0 True completed [1.3222968734524898e-10, 1.3969141211285017, 4.116312925971938e-09] 0.12826822961978582
nominal_1.0 True completed [1.3222968734524898e-10, 1.6291969702326263, 3.0626146001111564e-09] 0.12830083455308386
nominal_0.5 True completed [1.3222968734524898e-10, 0.1460943859466241, 2.9941669178661322e-09] 0.04816942865892746
nominal_-0.5 True completed [1.3222968734524898e-10, 0.18445377571000818, 2.9431710213999787e-09] 0.04816368881020457
symmetric_-1.0 True completed [0.0005061039983874841, 1.3965077779940733, 0.01172819076098626] 0.1292855346881777
symmetric_1.0 True completed [0.00015651664843595702, 1.6289799273908472, 0.0022578427559407374] 0.12918686324843057
legacy_bump_-1.0_l_0.01 True completed [0.5700109454522887, 1.3925737349246716, 1.6103445102369562] 0.1282643278905094
legacy_bump_-1.0_l_0.015 True completed [0.872324547182222, 1.3771443515295068, 3.69958673566452] 0.12848271973089312
legacy_bump_-1.0_r_0.01 True completed [0.5703523427178897, 1.3925760418847013, 1.6105617328617126] 0.12826432673492663
legacy_bump_-1.0_r_0.015 True completed [0.8730942585830178, 1.3771519603790834, 3.6977744372957373] 0.1284823409008416
legacy_bump_1.0_l_0.015 True completed [0.8624505615895498, 1.6262932931275866, 3.33997654978999] 0.12848101133200943
legacy_bump_1.0_l_0.01 True completed [0.5666568250590527, 1.6312790034409206, 1.5315156864460253] 0.12829327947295524
legacy_bump_1.0_r_0.01 True completed [0.5663127155521709, 1.6312787897114516, 1.531522820727996] 0.12829329067793074
legacy_bump_1.0_r_0.015 True completed [0.8624363308106583, 1.6262925392409624, 3.339182155943887] 0.1284807239160126
validation_1 True completed [0.21044603084711722, 1.6954675949810372, 2.1601775491838815] 0.12548269577523086
validation_0 True completed [0.5829499900229507, 1.352582450623606, 1.0295704707289512] 0.11417831521001161
validation_3 True completed [0.7850639974848916, 1.152805008557407, 4.7977232852296305] 0.1297326584007257
validation_2 True completed [0.17352688621314458, 0.7989820803812174, 0.5476575541107016] 0.1028544164284266
validation_4 True completed [0.9695622316811734, 0.8487521717193973, 3.566364679415593] 0.09170498388326238
validation_5 True completed [0.284611833354637, 0.33821816189049314, 0.5467815016365442] 0.05610174055225995
validation_6 True completed [0.7177619066275741, 0.7579855968510636, 1.6007816577733185] 0.10148821698610268
validation_7 True completed [1.0058808614373769, 0.8888961494788816, 2.7828314246988453] 0.08826564280583532
validation_8 True completed [0.919768756427825, 0.24715126463580395, 1.9368491034909272] 0.06972559826917094
validation_10 True completed [0.7770675607815586, 0.7989615021052291, 2.4745853872302197] 0.10047982642929647
validation_9 True completed [0.665575519638181, 0.25452853074940485, 1.800486316051696] 0.0508799874880729
validation_11 True completed [0.22186431020849323, 0.2726044333345796, 0.7884521158147121] 0.07771746900489451
development_friction True completed [0.07378388046989096, 1.5617888840178187, 0.5462688679867345] 0.1282987056596651
development_solver True completed [0.8624505615895498, 1.6262932931275866, 3.33997654978999] 0.12848101133200943
