development_1002 True completed [0.29693115948140514, 0.6475811746374369, 0.5556431440295504] 0.11154229456782212
development_1003 True completed [0.631341344181889, 1.199220957647559, 1.812888532867994] 0.10814383115533518
development_1001 True completed [0.15927379678682965, 0.3809116202769897, 0.5534514096369811] 0.07967585171770972
development_1000 True completed [0.4290094317905606, 0.1711951834808233, 0.9521975322404004] 0.050843737066945296
development_1005 True completed [0.25094019926807026, 0.8014420527675729, 1.8724830598235125] 0.12158453064395942
development_1004 True completed [0.33483188835189154, 1.2434542236287727, 0.9209899835071922] 0.11134033409012323
development_1006 True completed [1.0338053213032912, 0.25974861197736865, 2.953136401309773] 0.07497026486881428
development_1007 True completed [0.4095743463599195, 0.5961191074812551, 1.1647220859722587] 0.07731618453375506
development_1008 True completed [0.4155162703248888, 1.0053665674329566, 1.1901231281248394] 0.09742340750868682
development_1009 True completed [0.3629158922857846, 0.3196560362621863, 0.7148666040900803] 0.07691461468324104
development_1010 True completed [0.3021934764461126, 0.48079668568127787, 0.7926045774724002] 0.08492164611752939
development_1011 True completed [0.14494040048939016, 1.2777293326988195, 0.7888059672991997] 0.10878189614824907
development_1012 True completed [0.04164032019946831, 0.7571312801194157, 0.55497119030971] 0.0936575008173352
development_1013 True completed [0.4878508292897486, 0.32139946584868506, 2.250621077149203] 0.06915538617610194
development_1014 True completed [0.34767118791148166, 0.156132862198006, 0.6801548331408394] 0.06167921227239632
development_1015 True completed [0.9465054161426828, 0.5823461213261545, 3.1203524762742805] 0.07234268119619369
development_1016 True completed [0.13679805233924183, 0.5523033375958427, 0.5478733807105044] 0.0893074252103434
development_1017 True completed [0.04197771681806446, 0.4183103811538147, 0.5554813417238921] 0.07813690628344386
development_1018 True completed [0.6121465121829532, 1.737782036049036, 1.5051772482812646] 0.13131202033820338
development_1019 True completed [0.4071603985950572, 0.1646343549769784, 0.954956303257526] 0.05227127368934672
development_1020 True completed [0.17853415109592177, 0.14759865549808698, 0.5584846161627266] 0.061667564236330824
development_1021 True completed [0.13889446238972622, 0.8394372104462547, 0.5656769187480505] 0.11532794684113466
development_1022 True completed [0.298221591605923, 1.426711823409736, 1.194571785513302] 0.11939989578738486
development_1023 False completed [1.2731800531951596, 0.48177905424784195, 5.186011162282032] 0.06937798984768996
SUMMARY 23 / 24
