jb t= 4.00 z=0.3496 roll=-0.000 pitch=-0.001 vx=-1.00 bx=-2.75
jb t= 4.25 z=0.3444 roll=-0.000 pitch=-0.001 vx=-1.00 bx=-3.00
jb t= 4.50 z=0.3356 roll=-0.000 pitch=-0.001 vx=-1.00 bx=-3.25
jb t= 4.75 z=0.3268 roll=-0.000 pitch=-0.001 vx=-1.00 bx=-3.50
jb t= 5.00 z=0.3181 roll=-0.000 pitch=-0.001 vx=-1.00 bx=-3.75
jb t= 5.25 z=0.3093 roll=-0.000 pitch=-0.001 vx=-1.00 bx=-4.00
jb t= 5.50 z=0.2940 roll=-0.000 pitch=-0.004 vx=-1.00 bx=-4.25
jb t= 5.75 z=0.2297 roll=+0.000 pitch=-0.018 vx=-1.05 bx=-4.51
jb t= 6.00 z=0.6847 roll=+0.000 pitch=-0.025 vx=-1.08 bx=-4.78
jb t= 6.25 z=0.5650 roll=+0.000 pitch=-0.020 vx=-1.08 bx=-5.05
jb t= 6.50 z=0.2088 roll=+0.000 pitch=-0.005 vx=-1.05 bx=-5.32
jb t= 6.75 z=0.2994 roll=+0.000 pitch=-0.002 vx=-1.02 bx=-5.58
jb t= 7.00 z=0.3460 roll=+0.000 pitch=-0.001 vx=-1.00 bx=-5.83
jb t= 7.25 z=0.3496 roll=+0.000 pitch=-0.001 vx=-1.00 bx=-6.08
jb t= 7.50 z=0.3496 roll=+0.000 pitch=-0.001 vx=-1.00 bx=-6.33
jb t= 7.75 z=0.3496 roll=+0.000 pitch=-0.001 vx=-1.00 bx=-6.58
jb t= 8.00 z=0.3496 roll=-0.000 pitch=-0.001 vx=-1.00 bx=-6.83
jb t= 8.25 z=0.3496 roll=-0.000 pitch=-0.001 vx=-1.00 bx=-7.08
jb t= 8.50 z=0.3496 roll=-0.000 pitch=-0.001 vx=-1.00 bx=-7.33
jb t= 8.75 z=0.3496 roll=-0.000 pitch=-0.001 vx=-1.00 bx=-7.58
jb t= 9.00 z=0.3496 roll=-0.000 pitch=-0.001 vx=-1.00 bx=-7.83
jb t= 9.25 z=0.3496 roll=-0.000 pitch=-0.001 vx=-1.00 bx=-8.08
jb t= 9.50 z=0.3496 roll=-0.000 pitch=-0.001 vx=-1.00 bx=-8.33
jb t= 9.75 z=0.3496 roll=-0.000 pitch=-0.001 vx=-1.00 bx=-8.58
jb t=10.00 z=0.3496 roll=-0.000 pitch=-0.001 vx=-1.00 bx=-8.84
jb t=10.25 z=0.3496 roll=-0.000 pitch=-0.001 vx=-1.00 bx=-9.09
jb t=10.50 z=0.3496 roll=-0.000 pitch=-0.001 vx=-1.00 bx=-9.34
jb t=10.75 z=0.3496 roll=-0.000 pitch=-0.001 vx=-1.00 bx=-9.59
jb t=11.00 z=0.3496 roll=-0.000 pitch=-0.001 vx=-1.00 bx=-9.84
jb t=11.25 z=0.3496 roll=-0.000 pitch=-0.001 vx=-1.00 bx=-10.09
jb t=11.50 z=0.3496 roll=-0.000 pitch=-0.001 vx=-1.00 bx=-10.34
jb t=11.75 z=0.3496 roll=-0.000 pitch=-0.001 vx=-1.00 bx=-10.59
jb t=12.00 z=0.3496 roll=-0.000 pitch=-0.001 vx=-1.00 bx=-10.84
jb t=12.25 z=0.3496 roll=-0.000 pitch=-0.001 vx=-1.00 bx=-11.09
jb t=12.50 z=0.3496 roll=+0.000 pitch=-0.001 vx=-1.00 bx=-11.34
jb t=12.75 z=0.3496 roll=-0.000 pitch=-0.001 vx=-1.00 bx=-11.59
jb t=13.00 z=0.3496 roll=-0.000 pitch=-0.001 vx=-1.00 bx=-11.84
jb t=13.25 z=0.3496 roll=+0.000 pitch=-0.001 vx=-1.00 bx=-12.09
jb t=13.50 z=0.3496 roll=+0.000 pitch=-0.001 vx=-1.00 bx=-12.34
jb t=13.75 z=0.3496 roll=-0.000 pitch=-0.001 vx=-1.00 bx=-12.59
jb t=14.00 z=0.3496 roll=-0.000 pitch=-0.001 vx=-1.00 bx=-12.84
jb t=14.25 z=0.3496 roll=-0.000 pitch=-0.001 vx=-1.00 bx=-13.09
jb t=14.50 z=0.3496 roll=+0.000 pitch=-0.001 vx=-1.00 bx=-13.35
jb t=14.75 z=0.3496 roll=-0.000 pitch=-0.001 vx=-1.00 bx=-13.60
jb t=15.00 z=0.3496 roll=+0.000 pitch=-0.001 vx=-1.00 bx=-13.85
jb t=15.25 z=0.3496 roll=-0.000 pitch=-0.001 vx=-1.00 bx=-14.10
jb t=15.50 z=0.3496 roll=-0.000 pitch=-0.001 vx=-1.00 bx=-14.35
jb t=15.75 z=0.3496 roll=-0.000 pitch=-0.001 vx=-1.00 bx=-14.60
jb t=16.00 z=0.3496 roll=+0.000 pitch=-0.001 vx=-1.00 bx=-14.85
jb t=16.25 z=0.3496 roll=-0.000 pitch=-0.001 vx=-1.00 bx=-15.10
jb t=16.50 z=0.3496 roll=+0.000 pitch=-0.001 vx=-1.00 bx=-15.35
jb t=16.75 z=0.3496 roll=+0.000 pitch=-0.001 vx=-1.00 bx=-15.60
jb t=17.00 z=0.3496 roll=-0.000 pitch=-0.001 vx=-1.00 bx=-15.85
jb t=17.25 z=0.3496 roll=+0.000 pitch=-0.001 vx=-1.00 bx=-16.10
jb t=17.50 z=0.3496 roll=+0.000 pitch=-0.001 vx=-1.00 bx=-16.35
jb t=17.75 z=0.3496 roll=+0.000 pitch=-0.001 vx=-1.00 bx=-16.60
后退跳: 通过 (起跳速度=-1.00m/s, COM跳高=0.369m, 最大横滚=0.00°, 最大平台俯仰=1.91°, 最大偏航=0.00°, bx=-16.85)
输出/状态有效=True 非轮碰撞=False roll峰值=0.000°
