jump t= 2.00 z=0.3497 pitch=+0.000 vx=-0.00
jump t= 2.25 z=0.3497 pitch=+0.000 vx=-0.00
jump t= 2.50 z=0.3427 pitch=+0.000 vx=0.00
jump t= 2.75 z=0.3339 pitch=+0.000 vx=0.00
jump t= 3.00 z=0.3252 pitch=+0.000 vx=-0.00
jump t= 3.25 z=0.3164 pitch=+0.000 vx=-0.00
jump t= 3.50 z=0.3077 pitch=+0.000 vx=-0.00
jump t= 3.75 z=0.2992 pitch=+0.000 vx=0.00
jump t= 4.00 z=0.2329 pitch=+0.006 vx=0.01
jump t= 4.25 z=0.6788 pitch=-0.002 vx=0.05
jump t= 4.50 z=0.6535 pitch=-0.004 vx=0.05
jump t= 4.75 z=0.1971 pitch=-0.001 vx=0.00
jump t= 5.00 z=0.2822 pitch=-0.000 vx=-0.00
jump t= 5.25 z=0.3448 pitch=-0.000 vx=-0.00
jump t= 5.50 z=0.3497 pitch=-0.000 vx=0.00
jump t= 5.75 z=0.3497 pitch=-0.000 vx=0.00
jump t= 6.00 z=0.3497 pitch=-0.000 vx=0.00
jump t= 6.25 z=0.3497 pitch=+0.000 vx=0.00
jump t= 6.50 z=0.3497 pitch=+0.000 vx=0.00
jump t= 6.75 z=0.3497 pitch=+0.000 vx=-0.00
jump t= 7.00 z=0.3497 pitch=+0.000 vx=-0.00
jump t= 7.25 z=0.3497 pitch=+0.000 vx=-0.00
jump t= 7.50 z=0.3497 pitch=-0.000 vx=-0.00
jump t= 7.75 z=0.3497 pitch=-0.000 vx=-0.00
jump t= 8.00 z=0.3497 pitch=-0.000 vx=0.00
jump t= 8.25 z=0.3497 pitch=-0.000 vx=0.00
jump t= 8.50 z=0.3497 pitch=-0.000 vx=0.00
jump t= 8.75 z=0.3497 pitch=+0.000 vx=0.00
jump t= 9.00 z=0.3497 pitch=+0.000 vx=0.00
jump t= 9.25 z=0.3497 pitch=+0.000 vx=-0.00
jump t= 9.50 z=0.3497 pitch=+0.000 vx=-0.00
jump t= 9.75 z=0.3497 pitch=-0.000 vx=-0.00
jump t=10.00 z=0.3497 pitch=-0.000 vx=-0.00
jump t=10.25 z=0.3497 pitch=-0.000 vx=0.00
jump t=10.50 z=0.3497 pitch=-0.000 vx=0.00
jump t=10.75 z=0.3497 pitch=-0.000 vx=0.00
jump t=11.00 z=0.3497 pitch=+0.000 vx=0.00
jump t=11.25 z=0.3497 pitch=+0.000 vx=0.00
jump t=11.50 z=0.3497 pitch=+0.000 vx=-0.00
jump t=11.75 z=0.3497 pitch=+0.000 vx=-0.00
静止跳: 通过 (COM跳高=0.396m, 最大平台俯仰=0.40°, 最大偏航=0.00°, 落点 bx=0.03)
输出/状态有效=True 非轮碰撞=False roll峰值=0.000°
