reduction {"order": 6, "method": "modal", "vmc_condition": 1.3782055460660536, "projection_condition": 20.20539014108477, "omitted_radius": 0.9935566191757785, "max_relative_frf_error": 0.0028123571312865282, "reduced_closed_radius": 0.9989507930323593, "full_closed_radius": 0.9989516950214622, "linear_pass": true}
reduction {"order": 6, "method": "modal", "vmc_condition": 1.4999430560359601, "projection_condition": 20.316571278155383, "omitted_radius": 0.9870654971676265, "max_relative_frf_error": 0.002604862399465738, "reduced_closed_radius": 0.9989220534129091, "full_closed_radius": 0.9989229385579487, "linear_pass": true}
reduction {"order": 6, "method": "modal", "vmc_condition": 1.1692020288503353, "projection_condition": 24.928412986500543, "omitted_radius": 0.986525386712174, "max_relative_frf_error": 0.0028457372278306503, "reduced_closed_radius": 0.998875960691861, "full_closed_radius": 0.9988769768204375, "linear_pass": true}
reduction {"order": 6, "method": "modal", "vmc_condition": 1.0703721088466125, "projection_condition": 26.96332831445564, "omitted_radius": 0.9865003916921553, "max_relative_frf_error": 0.0029245363631001517, "reduced_closed_radius": 0.9988613177526111, "full_closed_radius": 0.9988623451106616, "linear_pass": true}
reduction {"order": 6, "method": "modal", "vmc_condition": 1.898231218528725, "projection_condition": 29.632941238874096, "omitted_radius": 0.9900192987081642, "max_relative_frf_error": 0.003472138238343771, "reduced_closed_radius": 0.9988501522974549, "full_closed_radius": 0.998851314107305, "linear_pass": true}
Warp 1.17.0 initialized:
   CUDA Toolkit 12.9, Driver 13.0
   Devices:
     "cpu"      : "x86_64"
     "cuda:0"   : "NVIDIA GeForce RTX 5060 Laptop GPU" (8 GiB, sm_120, mempool enabled)
   Kernel cache:
     /home/wmt/.cache/warp/1.17.0
reduction {"order": 6, "method": "modal", "vmc_condition": 1.3782055460660536, "projection_condition": 22.807120144044745, "omitted_radius": 0.9935578112614408, "max_relative_frf_error": 0.002848389025117791, "reduced_closed_radius": 0.9989510591868617, "full_closed_radius": 0.998951972942502, "linear_pass": true}
reduction {"order": 6, "method": "modal", "vmc_condition": 1.4999430560359601, "projection_condition": 20.927270009449636, "omitted_radius": 0.9870748210524375, "max_relative_frf_error": 0.0025988345424261435, "reduced_closed_radius": 0.9989220057139586, "full_closed_radius": 0.9989229199995769, "linear_pass": true}
reduction {"order": 6, "method": "modal", "vmc_condition": 1.1692020288503353, "projection_condition": 24.77954529917417, "omitted_radius": 0.9865248329640839, "max_relative_frf_error": 0.0028353847996350056, "reduced_closed_radius": 0.998875822776472, "full_closed_radius": 0.9988768546432709, "linear_pass": true}
reduction {"order": 6, "method": "modal", "vmc_condition": 1.0703721088466125, "projection_condition": 26.86518990156714, "omitted_radius": 0.9865208575083134, "max_relative_frf_error": 0.0029161310892778748, "reduced_closed_radius": 0.9988611909147412, "full_closed_radius": 0.9988622275746445, "linear_pass": true}
reduction {"order": 6, "method": "modal", "vmc_condition": 1.898231218528725, "projection_condition": 30.430514512924493, "omitted_radius": 0.9900095341205083, "max_relative_frf_error": 0.003464656240716812, "reduced_closed_radius": 0.9988503518062063, "full_closed_radius": 0.9988515290564789, "linear_pass": true}
Module native.environment 50f2948 load on device 'cuda:0' took 5.16 ms  (cached)
Module mujoco_warp._src.smooth d04e5a7 load on device 'cuda:0' took 4.33 ms  (cached)
Module _nxn_broadphase__locals__kernel_88838094 8883809 load on device 'cuda:0' took 0.40 ms  (cached)
Module ccd_kernel_builder__locals__ccd_kernel_dc932c87 dc932c8 load on device 'cuda:0' took 1.44 ms  (cached)
Module ccd_kernel_builder__locals__ccd_kernel_dc932c87 0536302 load on device 'cuda:0' took 1.29 ms  (cached)
Module ccd_kernel_builder__locals__ccd_kernel_77faf322 77faf32 load on device 'cuda:0' took 1.23 ms  (cached)
Module ccd_kernel_builder__locals__ccd_kernel_77faf322 6ee6343 load on device 'cuda:0' took 3.60 ms  (cached)
Module ccd_kernel_builder__locals__ccd_kernel_9b00dbf3 9b00dbf load on device 'cuda:0' took 3.19 ms  (cached)
Module ccd_kernel_builder__locals__ccd_kernel_9b00dbf3 4b7a81d load on device 'cuda:0' took 1.17 ms  (cached)
Module _primitive_narrowphase__locals__primitive_narrowphase_29711bf2 29711bf load on device 'cuda:0' took 0.58 ms  (cached)
Module mujoco_warp._src.constraint 8d4d513 load on device 'cuda:0' took 0.23 ms  (cached)
Module _equality_connect__locals__kernel_95a1902a 95a1902 load on device 'cuda:0' took 0.53 ms  (cached)
Module _friction_dof__locals__kernel_22ded5f6 22ded5f load on device 'cuda:0' took 0.38 ms  (cached)
Module _limit_slide_hinge__locals__kernel_24a318de 24a318d load on device 'cuda:0' took 0.39 ms  (cached)
Module _efc_contact_init__locals__kernel_6bd38bb8 6bd38bb load on device 'cuda:0' took 1.14 ms  (cached)
Module _efc_contact_jac_dense__locals__kernel_b0c1fdf8 5fcbd59 load on device 'cuda:0' took 0.47 ms  (cached)
Module _efc_contact_update__locals__kernel_0221ea98 0221ea9 load on device 'cuda:0' took 0.40 ms  (cached)
Module mujoco_warp._src.sensor 830d16a load on device 'cuda:0' took 1.87 ms  (cached)
Module mujoco_warp._src.forward 4b55789 load on device 'cuda:0' took 0.84 ms  (cached)
Module mujoco_warp._src.passive 80f3681 load on device 'cuda:0' took 1.02 ms  (cached)
Module mujoco_warp._src.support a59a7bc load on device 'cuda:0' took 0.27 ms  (cached)
Module mujoco_warp._src.forward a1745d1 load on device 'cuda:0' took 0.96 ms  (cached)
Module _qfrc_smooth__locals__kernel_8b823980 8b82398 load on device 'cuda:0' took 0.24 ms  (cached)
Module _tile_cholesky_factorize_solve_block__locals__kernel_b2df853c 8e521d6 load on device 'cuda:0' took 18.73 ms  (cached)
Module _solve_init_dof__locals__kernel_021c7a0e 021c7a0 load on device 'cuda:0' took 0.36 ms  (cached)
Module mujoco_warp._src.solver 357f443 load on device 'cuda:0' took 0.99 ms  (cached)
Module _solve_init_jaref_kernel__locals__kernel_2eec593e 2eec593 load on device 'cuda:0' took 0.25 ms  (cached)
Module mul_m_kernel__locals___mul_m_f3de1cc7 f3de1cc load on device 'cuda:0' took 0.41 ms  (cached)
Module _update_constraint_efc__locals__kernel_0539aa50 0539aa5 load on device 'cuda:0' took 0.36 ms  (cached)
Module _update_constraint_init_qfrc_constraint_dense__locals__kernel_bd7ca2ec bd7ca2e load on device 'cuda:0' took 0.24 ms  (cached)
Module _update_gradient_zero_grad_dot__locals__kernel_b20934d7 b20934d load on device 'cuda:0' took 0.24 ms  (cached)
Module _update_gradient_grad__locals__kernel_c876081d c876081 load on device 'cuda:0' took 0.24 ms  (cached)
Module _update_gradient_JTDAJ_dense_tiled__locals__kernel_5c94f5d4 f88e687 load on device 'cuda:0' took 0.48 ms  (cached)
Module _update_gradient_cholesky__locals__kernel_6c06c3f2 efb5dd3 load on device 'cuda:0' took 20.27 ms  (cached)
Module _linesearch_iterative_kernel__locals__kernel_7b6ae456 37b92b5 load on device 'cuda:0' took 0.54 ms  (cached)
Module _update_constraint_efc__locals__kernel_e953547e e953547 load on device 'cuda:0' took 0.39 ms  (cached)
Module _update_constraint_init_qfrc_constraint_dense__locals__kernel_d92a3413 d92a341 load on device 'cuda:0' took 0.28 ms  (cached)
Module _update_gradient_zero_grad_dot__locals__kernel_e9f8c963 e9f8c96 load on device 'cuda:0' took 0.25 ms  (cached)
Module _update_gradient_grad__locals__kernel_87959044 8795904 load on device 'cuda:0' took 0.26 ms  (cached)
Module _update_gradient_cholesky__locals__kernel_835d0b9f fc3b546 load on device 'cuda:0' took 24.24 ms  (cached)
Module _solve_done__locals__kernel_0c4a4b4d 0c4a4b4 load on device 'cuda:0' took 0.40 ms  (cached)
Module native.controller 544d106 load on device 'cuda:0' took 20.94 ms  (cached)
Module mujoco_warp._src.derivative 8222a58 load on device 'cuda:0' took 0.91 ms  (cached)
Module _next_time_builder__locals___next_time_f604e0b3 f604e0b load on device 'cuda:0' took 0.45 ms  (cached)
Module native.environment 7a50645 load on device 'cuda:0' took 7.65 ms  (cached)
Module __main__ 1c5e5d1 load on device 'cuda:0' took 3.42 ms  (cached)
PROGRESS clock_full 0
PROGRESS clock_full 500
PROGRESS clock_full 1000
RESULT clock_full 100 70 70 / 100
FAILED [(70, 0.1175, 0.75, 0.3312461344794132, 0.008224201020343233, -0.0010202884674073154), (71, 0.1175, 0.8125, 0.381062414898986, 0.00708325801419333, -0.0011089801788330966), (72, 0.1175, 0.875, 0.43443616698553406, 0.006457020102548524, -0.001199221611023038), (73, 0.1175, 0.9375, 0.4911144138567197, 0.006581890176139151, -0.0012107849121094638), (74, 0.1175, 1.0, 0.5510617478812633, 0.008827523940984332, -0.0010382890701294833), (75, 0.1175, -0.75, 0.3315339750108017, 0.01079836685374949, -0.0004007577896119052), (76, 0.1175, -0.8125, 0.3811473592266453, 0.010626078086282029, -0.0004359245300293857), (77, 0.1175, -0.875, 0.43370054206282466, 0.010813087783266843, -0.0003621339797974521), (78, 0.1175, -0.9375, 0.4904270333349987, 0.010761786858640559, -0.0004064798355103427), (79, 0.1175, -1.0, 0.5498705297630425, 0.013788343442995506, -0.00018439292907723726), (80, 0.11875, 0.75, 0.31992228572344317, 0.00893878431187953, -0.0024906158447266513), (81, 0.11875, 0.8125, 0.36771564733344975, 0.007851368741393878, -0.0025827646255494052), (82, 0.11875, 0.875, 0.4188218777252212, 0.006927531295928182, -0.002669548988342374), (83, 0.11875, 0.9375, 0.4731690194182079, 0.006514769199457796, -0.0027581214904786044), (84, 0.11875, 1.0, 0.5306741307571081, 0.007491046550884783, -0.002689099311828702), (85, 0.11875, -0.75, 0.3202860331146687, 0.010924398035180957, -0.0011837244033814365), (86, 0.11875, -0.8125, 0.36797705136857595, 0.010930855958490008, -0.0013522863388062412), (87, 0.11875, -0.875, 0.418392142661211, 0.010923162495670578, -0.0013526439666748935), (88, 0.11875, -0.9375, 0.4728664280135663, 0.011072311687307565, -0.0015613794326783115), (89, 0.11875, -1.0, 0.5299140724483677, 0.011190188562656963, -0.0013738632202149326), (90, 0.12, 0.75, 0.3096588424316595, 0.009515665389394884, -0.003763890266418546), (91, 0.12, 0.8125, 0.35562182077229265, 0.008563192337249488, -0.0038900136947632724), (92, 0.12, 0.875, 0.4047408248174775, 0.007545643234668703, -0.003972744941711515), (93, 0.12, 0.9375, 0.45693669322875774, 0.007001404692554631, -0.004114365577697843), (94, 0.12, 1.0, 0.5121392327904352, 0.006543101997429293, -0.004166221618652433), (95, 0.12, -0.75, 0.31012532403510973, 0.010961817357180203, -0.0019913673400879794), (96, 0.12, -0.8125, 0.3560291900625625, 0.011083093979386895, -0.0021205902099610263), (97, 0.12, -0.875, 0.4045318783079449, 0.011180264434327602, -0.002081012725830167), (98, 0.12, -0.9375, 0.45688218654671287, 0.011170431487368543, -0.002440547943115323), (99, 0.12, -1.0, 0.5117393750073416, 0.01114323211217246, -0.00244007110595712)]
