PASS339 strictcross/missingevent/projected disjoint-overlap-noapproach;0physics
AUDITED339 controlled 6301000 matched9
AUDITED339 controlled 6301001 matched9
AUDITED339 controlled 6301002 matched9
AUDITED339 controlled 6301003 matched9
AUDITED339 controlled 6301004 matched9
AUDITED339 controlled 6301005 matched9
AUDITED339 controlled 6301006 matched9
AUDITED339 controlled 6301007 matched9
AUDITED339 controlled 6301008 matched9
AUDITED339 controlled 6301009 matched9
AUDITED339 controlled 6301010 matched9
AUDITED339 controlled 6301011 matched9
AUDITED339 controlled 6301012 matched9
AUDITED339 controlled 6301013 matched9
AUDITED339 controlled 6301014 matched9
AUDITED339 controlled 6301015 matched9
AUDITED339 controlled 6301016 matched9
AUDITED339 controlled 6301017 matched9
AUDITED339 controlled 6301018 matched9
AUDITED339 controlled 6301019 matched9
AUDITED339 controlled 6301020 matched9
AUDITED339 controlled 6301021 matched9
AUDITED339 controlled 6301022 matched9
AUDITED339 controlled 6301023 matched9
AUDITED339 controlled 6301024 matched9
AUDITED339 controlled 6301025 matched9
AUDITED339 controlled 6301026 matched9
AUDITED339 controlled 6301027 matched9
AUDITED339 controlled 6301028 matched9
AUDITED339 controlled 6301029 matched9
AUDITED339 controlled 6301030 matched9
AUDITED339 controlled 6301031 matched9
AUDITED339 controlled 6301032 matched9
AUDITED339 controlled 6301033 matched9
AUDITED339 controlled 6301034 matched9
AUDITED339 controlled 6301035 matched9
AUDITED339 controlled 6301036 matched9
AUDITED339 controlled 6301037 matched9
AUDITED339 controlled 6301038 matched9
AUDITED339 controlled 6301039 matched9
AUDITED339 regular 6300002 matched9
AUDITED339 legacy nominal_-0.5 matched9
DONE3391476gate rows/378dense matched witnesses;0physics/learning
