
warning: Can't open file /dev/zero (deleted) during file-backed mapping note processing
[New LWP 27966]
[New LWP 28052]
[New LWP 28051]
[New LWP 28043]
[Thread debugging using libthread_db enabled]
Using host libthread_db library "/lib/x86_64-linux-gnu/libthread_db.so.1".
Core was generated by `.venv/bin/python wheelleg_warp/check_baseline_repeatability.py'.
Program terminated with signal SIGSEGV, Segmentation fault.
#0  0x000071a103621670 in ?? () from /lib/x86_64-linux-gnu/libcuda.so.1
[Current thread is 1 (Thread 0x71a13aafa000 (LWP 27966))]
#0  0x000071a103621670 in ?? () from /lib/x86_64-linux-gnu/libcuda.so.1
#1  0x000071a1036c922a in ?? () from /lib/x86_64-linux-gnu/libcuda.so.1
#2  0x000071a1043b09d4 in ?? () from /lib/x86_64-linux-gnu/libcuda.so.1
#3  0x000071a1035ce74c in ?? () from /lib/x86_64-linux-gnu/libcuda.so.1
#4  0x000071a1035cef3a in ?? () from /lib/x86_64-linux-gnu/libcuda.so.1
#5  0x000071a1035cf8f4 in ?? () from /lib/x86_64-linux-gnu/libcuda.so.1
#6  0x000071a10377f7da in ?? () from /lib/x86_64-linux-gnu/libcuda.so.1
#7  0x000071a10377b5d0 in cuMemcpyDtoHAsync_v2 () from /lib/x86_64-linux-gnu/libcuda.so.1
#8  0x000071a0579980f1 in ?? () from /home/wmt/wheel_leg_robot_work/.venv/lib/python3.10/site-packages/warp/bin/warp.so
#9  0x000071a0579650f8 in ?? () from /home/wmt/wheel_leg_robot_work/.venv/lib/python3.10/site-packages/warp/bin/warp.so
#10 0x000071a0579c7c9c in ?? () from /home/wmt/wheel_leg_robot_work/.venv/lib/python3.10/site-packages/warp/bin/warp.so
#11 0x000071a0579402e1 in wp_memcpy_d2h () from /home/wmt/wheel_leg_robot_work/.venv/lib/python3.10/site-packages/warp/bin/warp.so
#12 0x000071a1398aee2e in ?? () from /lib/x86_64-linux-gnu/libffi.so.8
#13 0x000071a1398ab493 in ?? () from /lib/x86_64-linux-gnu/libffi.so.8
#14 0x000071a1398be5d7 in ?? () from /usr/lib/python3.10/lib-dynload/_ctypes.cpython-310-x86_64-linux-gnu.so
#15 0x000071a1398c72e2 in ?? () from /usr/lib/python3.10/lib-dynload/_ctypes.cpython-310-x86_64-linux-gnu.so
#16 0x0000590752410bab in _PyObject_MakeTpCall ()
#17 0x000059075240a69e in _PyEval_EvalFrameDefault ()
Undefined command: "py-bt".  Try "help".
