reduction {"order": 6, "method": "modal", "vmc_condition": 1.3782055460660536, "projection_condition": 20.20539014108477, "omitted_radius": 0.9935566191757785, "max_relative_frf_error": 0.0028123571312865282, "reduced_closed_radius": 0.9989507930323593, "full_closed_radius": 0.9989516950214622, "linear_pass": true}
reduction {"order": 6, "method": "modal", "vmc_condition": 1.4999430560359601, "projection_condition": 20.316571278155383, "omitted_radius": 0.9870654971676265, "max_relative_frf_error": 0.002604862399465738, "reduced_closed_radius": 0.9989220534129091, "full_closed_radius": 0.9989229385579487, "linear_pass": true}
reduction {"order": 6, "method": "modal", "vmc_condition": 1.1692020288503353, "projection_condition": 24.928412986500543, "omitted_radius": 0.986525386712174, "max_relative_frf_error": 0.0028457372278306503, "reduced_closed_radius": 0.998875960691861, "full_closed_radius": 0.9988769768204375, "linear_pass": true}
reduction {"order": 6, "method": "modal", "vmc_condition": 1.0703721088466125, "projection_condition": 26.96332831445564, "omitted_radius": 0.9865003916921553, "max_relative_frf_error": 0.0029245363631001517, "reduced_closed_radius": 0.9988613177526111, "full_closed_radius": 0.9988623451106616, "linear_pass": true}
reduction {"order": 6, "method": "modal", "vmc_condition": 1.898231218528725, "projection_condition": 29.632941238874096, "omitted_radius": 0.9900192987081642, "max_relative_frf_error": 0.003472138238343771, "reduced_closed_radius": 0.9988501522974549, "full_closed_radius": 0.998851314107305, "linear_pass": true}
Warp 1.17.0 initialized:
   CUDA Toolkit 12.9, Driver 13.0
   Devices:
     "cpu"      : "x86_64"
     "cuda:0"   : "NVIDIA GeForce RTX 5060 Laptop GPU" (8 GiB, sm_120, mempool enabled)
   Kernel cache:
     /home/wmt/.cache/warp/1.17.0
reduction {"order": 6, "method": "modal", "vmc_condition": 1.3782055460660536, "projection_condition": 22.807120144044745, "omitted_radius": 0.9935578112614408, "max_relative_frf_error": 0.002848389025117791, "reduced_closed_radius": 0.9989510591868617, "full_closed_radius": 0.998951972942502, "linear_pass": true}
reduction {"order": 6, "method": "modal", "vmc_condition": 1.4999430560359601, "projection_condition": 20.927270009449636, "omitted_radius": 0.9870748210524375, "max_relative_frf_error": 0.0025988345424261435, "reduced_closed_radius": 0.9989220057139586, "full_closed_radius": 0.9989229199995769, "linear_pass": true}
reduction {"order": 6, "method": "modal", "vmc_condition": 1.1692020288503353, "projection_condition": 24.77954529917417, "omitted_radius": 0.9865248329640839, "max_relative_frf_error": 0.0028353847996350056, "reduced_closed_radius": 0.998875822776472, "full_closed_radius": 0.9988768546432709, "linear_pass": true}
reduction {"order": 6, "method": "modal", "vmc_condition": 1.0703721088466125, "projection_condition": 26.86518990156714, "omitted_radius": 0.9865208575083134, "max_relative_frf_error": 0.0029161310892778748, "reduced_closed_radius": 0.9988611909147412, "full_closed_radius": 0.9988622275746445, "linear_pass": true}
reduction {"order": 6, "method": "modal", "vmc_condition": 1.898231218528725, "projection_condition": 30.430514512924493, "omitted_radius": 0.9900095341205083, "max_relative_frf_error": 0.003464656240716812, "reduced_closed_radius": 0.9988503518062063, "full_closed_radius": 0.9988515290564789, "linear_pass": true}
Module native.environment 50f2948 load on device 'cuda:0' took 7.80 ms  (cached)
Module mujoco_warp._src.smooth d04e5a7 load on device 'cuda:0' took 6.86 ms  (cached)
Module _nxn_broadphase__locals__kernel_76149e54 76149e5 load on device 'cuda:0' took 0.33 ms  (cached)
Module ccd_kernel_builder__locals__ccd_kernel_dc932c87 dc932c8 load on device 'cuda:0' took 1.34 ms  (cached)
Module ccd_kernel_builder__locals__ccd_kernel_dc932c87 0536302 load on device 'cuda:0' took 1.46 ms  (cached)
Module ccd_kernel_builder__locals__ccd_kernel_77faf322 77faf32 load on device 'cuda:0' took 1.03 ms  (cached)
Module ccd_kernel_builder__locals__ccd_kernel_77faf322 6ee6343 load on device 'cuda:0' took 1.15 ms  (cached)
Module ccd_kernel_builder__locals__ccd_kernel_9b00dbf3 9b00dbf load on device 'cuda:0' took 1.06 ms  (cached)
Module ccd_kernel_builder__locals__ccd_kernel_9b00dbf3 4b7a81d load on device 'cuda:0' took 1.30 ms  (cached)
Module _primitive_narrowphase__locals__primitive_narrowphase_29711bf2 29711bf load on device 'cuda:0' took 0.54 ms  (cached)
Module mujoco_warp._src.constraint 8d4d513 load on device 'cuda:0' took 0.29 ms  (cached)
Module _equality_connect__locals__kernel_95a1902a 95a1902 load on device 'cuda:0' took 0.41 ms  (cached)
Module _friction_dof__locals__kernel_22ded5f6 22ded5f load on device 'cuda:0' took 0.50 ms  (cached)
Module _limit_slide_hinge__locals__kernel_24a318de 24a318d load on device 'cuda:0' took 0.48 ms  (cached)
Module _efc_contact_init__locals__kernel_6bd38bb8 6bd38bb load on device 'cuda:0' took 0.38 ms  (cached)
Module _efc_contact_jac_dense__locals__kernel_b0c1fdf8 5fcbd59 load on device 'cuda:0' took 1.33 ms  (cached)
Module _efc_contact_update__locals__kernel_0221ea98 0221ea9 load on device 'cuda:0' took 0.42 ms  (cached)
Module mujoco_warp._src.sensor 830d16a load on device 'cuda:0' took 3.56 ms  (cached)
Module mujoco_warp._src.forward 4b55789 load on device 'cuda:0' took 1.04 ms  (cached)
Module mujoco_warp._src.passive 80f3681 load on device 'cuda:0' took 1.25 ms  (cached)
Module mujoco_warp._src.support a59a7bc load on device 'cuda:0' took 0.32 ms  (cached)
Module mujoco_warp._src.forward a1745d1 load on device 'cuda:0' took 1.97 ms  (cached)
Module _qfrc_smooth__locals__kernel_8b823980 8b82398 load on device 'cuda:0' took 0.26 ms  (cached)
Module _tile_cholesky_factorize_solve_block__locals__kernel_b2df853c 8e521d6 load on device 'cuda:0' took 22.61 ms  (cached)
Module _solve_init_dof__locals__kernel_021c7a0e 021c7a0 load on device 'cuda:0' took 0.46 ms  (cached)
Module mujoco_warp._src.solver 357f443 load on device 'cuda:0' took 1.01 ms  (cached)
Module _solve_init_jaref_kernel__locals__kernel_2eec593e 2eec593 load on device 'cuda:0' took 0.35 ms  (cached)
Module mul_m_kernel__locals___mul_m_f3de1cc7 f3de1cc load on device 'cuda:0' took 0.45 ms  (cached)
Module _update_constraint_efc__locals__kernel_0539aa50 0539aa5 load on device 'cuda:0' took 0.39 ms  (cached)
Module _update_constraint_init_qfrc_constraint_dense__locals__kernel_bd7ca2ec bd7ca2e load on device 'cuda:0' took 0.29 ms  (cached)
Module _update_gradient_zero_grad_dot__locals__kernel_b20934d7 b20934d load on device 'cuda:0' took 0.35 ms  (cached)
Module _update_gradient_grad__locals__kernel_c876081d c876081 load on device 'cuda:0' took 0.33 ms  (cached)
Module _update_gradient_JTDAJ_dense_tiled__locals__kernel_5c94f5d4 f88e687 load on device 'cuda:0' took 0.45 ms  (cached)
Module _update_gradient_cholesky__locals__kernel_6c06c3f2 efb5dd3 load on device 'cuda:0' took 22.00 ms  (cached)
Module _linesearch_iterative_kernel__locals__kernel_7b6ae456 37b92b5 load on device 'cuda:0' took 0.67 ms  (cached)
Module _update_constraint_efc__locals__kernel_e953547e e953547 load on device 'cuda:0' took 0.59 ms  (cached)
Module _update_constraint_init_qfrc_constraint_dense__locals__kernel_d92a3413 d92a341 load on device 'cuda:0' took 0.29 ms  (cached)
Module _update_gradient_zero_grad_dot__locals__kernel_e9f8c963 e9f8c96 load on device 'cuda:0' took 0.27 ms  (cached)
Module _update_gradient_grad__locals__kernel_87959044 8795904 load on device 'cuda:0' took 0.26 ms  (cached)
Module _update_gradient_cholesky__locals__kernel_835d0b9f fc3b546 load on device 'cuda:0' took 22.84 ms  (cached)
Module _solve_done__locals__kernel_0c4a4b4d 0c4a4b4 load on device 'cuda:0' took 0.43 ms  (cached)
Module native.shared_reference ad9d38f load on device 'cuda:0' took 2.36 ms  (cached)
Module native.controller 7b55bc9 load on device 'cuda:0' took 27.55 ms  (cached)
Module mujoco_warp._src.derivative 8222a58 load on device 'cuda:0' took 0.84 ms  (cached)
Module _next_time_builder__locals___next_time_f604e0b3 f604e0b load on device 'cuda:0' took 0.49 ms  (cached)
Module native.environment 7a50645 load on device 'cuda:0' took 4.78 ms  (cached)
PASS289 projection fixtures and30 original-controller static computations;0rollout
{'case': 6301001, 'height_command_m': 0.115, 'synthetic_roll_deg': 5.0, 'variant': 'fixed_mean', 'mean_reference_m': 0.115, 'requested_offset_m': 0.026179938769442232, 'selected_offset_m': 0.00029553393833930963, 'left_target_m': 0.11529553393833931, 'right_target_m': 0.1147044660616607, 'radial_guard_reference_m': 0.115, 'shorter_target_below_guard_reference': True, 'requested_common_guard_N': 0.0, 'applied_common_guard_N': 0.0, 'guard_limited': False, 'pre_final_radial_left_N': 20.96952872062254, 'pre_final_radial_right_N': 18.93737000905558, 'commanded_torque_Nm': [-0.8736024498939514, 0.8772193193435669, -0.7887663245201111, 0.7923831939697266, -0.002893436001613736, -0.002893436001613736]}
{'case': 6301009, 'height_command_m': 0.16, 'synthetic_roll_deg': 5.0, 'variant': 'fixed_mean', 'mean_reference_m': 0.16, 'requested_offset_m': 0.026179938769442232, 'selected_offset_m': 0.026179938769442246, 'left_target_m': 0.18617993876944225, 'right_target_m': 0.13382006123055776, 'radial_guard_reference_m': 0.16, 'shorter_target_below_guard_reference': True, 'requested_common_guard_N': 0.00048403529912165085, 'applied_common_guard_N': 0.00048403529912165085, 'guard_limited': False, 'pre_final_radial_left_N': 111.16014776934443, 'pre_final_radial_right_N': -68.8590775608085, 'commanded_torque_Nm': [-9.168540954589844, 9.171870231628418, 5.682225227355957, -5.678894996643066, -0.0024080616421997547, -0.0024080616421997547]}
{'case': 6301033, 'height_command_m': 0.38, 'synthetic_roll_deg': 5.0, 'variant': 'fixed_mean', 'mean_reference_m': 0.38, 'requested_offset_m': 0.026179938769442232, 'selected_offset_m': 0.0, 'left_target_m': 0.38, 'right_target_m': 0.38, 'radial_guard_reference_m': 0.16, 'shorter_target_below_guard_reference': False, 'requested_common_guard_N': 0.0, 'applied_common_guard_N': 0.0, 'guard_limited': False, 'pre_final_radial_left_N': 21.887219424058333, 'pre_final_radial_right_N': 21.887219424058333, 'commanded_torque_Nm': [-1.3693243265151978, 1.370656967163086, -1.3693243265151978, 1.370656967163086, -0.001351635786704719, -0.001351635786704719]}
{'case': 6301001, 'height_command_m': 0.115, 'synthetic_roll_deg': 5.0, 'variant': 'pair_projected_mean', 'mean_reference_m': 0.12794220241555146, 'requested_offset_m': 0.026179938769442232, 'selected_offset_m': 0.01323773635389077, 'left_target_m': 0.14117993876944224, 'right_target_m': 0.1147044660616607, 'radial_guard_reference_m': 0.12794220241555146, 'shorter_target_below_guard_reference': True, 'requested_common_guard_N': 6547.565163166932, 'applied_common_guard_N': 848.1506989881166, 'guard_limited': True, 'pre_final_radial_left_N': 958.113761018032, 'pre_final_radial_right_N': 867.0880689971722, 'commanded_torque_Nm': [-39.99638366699219, 40.0, -36.19635009765625, 36.19996643066406, -0.002893436001613736, -0.002893436001613736]}
{'case': 6301009, 'height_command_m': 0.16, 'synthetic_roll_deg': 5.0, 'variant': 'pair_projected_mean', 'mean_reference_m': 0.16, 'requested_offset_m': 0.026179938769442232, 'selected_offset_m': 0.026179938769442246, 'left_target_m': 0.18617993876944225, 'right_target_m': 0.13382006123055776, 'radial_guard_reference_m': 0.16, 'shorter_target_below_guard_reference': True, 'requested_common_guard_N': 0.00048403529912165085, 'applied_common_guard_N': 0.00048403529912165085, 'guard_limited': False, 'pre_final_radial_left_N': 111.16014776934443, 'pre_final_radial_right_N': -68.8590775608085, 'commanded_torque_Nm': [-9.168540954589844, 9.171870231628418, 5.682225227355957, -5.678894996643066, -0.0024080616421997547, -0.0024080616421997547]}
{'case': 6301033, 'height_command_m': 0.38, 'synthetic_roll_deg': 5.0, 'variant': 'pair_projected_mean', 'mean_reference_m': 0.3669100306152789, 'requested_offset_m': 0.026179938769442232, 'selected_offset_m': 0.013089969384721123, 'left_target_m': 0.38, 'right_target_m': 0.35382006123055776, 'radial_guard_reference_m': 0.16, 'shorter_target_below_guard_reference': False, 'requested_common_guard_N': 0.0, 'applied_common_guard_N': 0.0, 'guard_limited': False, 'pre_final_radial_left_N': 21.887219424058333, 'pre_final_radial_right_N': -68.12239324101813, 'commanded_torque_Nm': [-1.3693243265151978, 1.370656967163086, 4.2646636962890625, -4.263330936431885, -0.001351635786704719, -0.001351635786704719]}
