jb t= 4.00 z=0.1308 roll=+0.000 pitch=-0.049 vx=-1.04 bx=-2.30
jb t= 4.25 z=0.1263 roll=-0.000 pitch=-0.056 vx=-1.03 bx=-2.56
jb t= 4.50 z=0.1180 roll=-0.000 pitch=-0.049 vx=-1.03 bx=-2.82
jb t= 4.75 z=0.0982 roll=+0.000 pitch=-0.041 vx=-1.04 bx=-3.08
jb t= 5.00 z=0.3092 roll=+0.000 pitch=-0.053 vx=-1.12 bx=-3.35
jb t= 5.25 z=0.3833 roll=+0.000 pitch=-0.055 vx=-1.11 bx=-3.63
jb t= 5.50 z=0.1511 roll=+0.000 pitch=+0.049 vx=-1.35 bx=-3.93
jb t= 5.75 z=0.1365 roll=+0.000 pitch=+0.030 vx=-1.11 bx=-4.24
jb t= 6.00 z=0.1321 roll=+0.000 pitch=-0.028 vx=-0.99 bx=-4.50
jb t= 6.25 z=0.1313 roll=+0.000 pitch=-0.036 vx=-0.99 bx=-4.75
jb t= 6.50 z=0.1315 roll=+0.000 pitch=-0.027 vx=-1.02 bx=-5.00
jb t= 6.75 z=0.1316 roll=+0.000 pitch=-0.022 vx=-1.03 bx=-5.26
jb t= 7.00 z=0.1316 roll=+0.000 pitch=-0.024 vx=-1.02 bx=-5.51
jb t= 7.25 z=0.1316 roll=+0.000 pitch=-0.024 vx=-1.02 bx=-5.77
jb t= 7.50 z=0.1316 roll=+0.000 pitch=-0.024 vx=-1.02 bx=-6.03
jb t= 7.75 z=0.1316 roll=+0.000 pitch=-0.024 vx=-1.02 bx=-6.28
jb t= 8.00 z=0.1316 roll=-0.000 pitch=-0.024 vx=-1.02 bx=-6.54
jb t= 8.25 z=0.1316 roll=-0.000 pitch=-0.024 vx=-1.02 bx=-6.79
jb t= 8.50 z=0.1316 roll=+0.000 pitch=-0.024 vx=-1.02 bx=-7.05
jb t= 8.75 z=0.1316 roll=-0.000 pitch=-0.024 vx=-1.02 bx=-7.31
jb t= 9.00 z=0.1310 roll=+0.000 pitch=-0.042 vx=-1.02 bx=-7.56
jb t= 9.25 z=0.1306 roll=-0.000 pitch=-0.053 vx=-1.01 bx=-7.82
jb t= 9.50 z=0.1309 roll=+0.000 pitch=-0.046 vx=-1.02 bx=-8.07
jb t= 9.75 z=0.1306 roll=+0.000 pitch=-0.054 vx=-1.02 bx=-8.32
jb t=10.00 z=0.1306 roll=-0.000 pitch=-0.054 vx=-1.01 bx=-8.58
jb t=10.25 z=0.1309 roll=-0.000 pitch=-0.046 vx=-1.02 bx=-8.83
jb t=10.50 z=0.1306 roll=-0.000 pitch=-0.055 vx=-1.02 bx=-9.09
jb t=10.75 z=0.1306 roll=+0.000 pitch=-0.053 vx=-1.01 bx=-9.34
jb t=11.00 z=0.1308 roll=-0.000 pitch=-0.047 vx=-1.02 bx=-9.59
jb t=11.25 z=0.1306 roll=+0.000 pitch=-0.056 vx=-1.01 bx=-9.85
jb t=11.50 z=0.1307 roll=+0.000 pitch=-0.052 vx=-1.01 bx=-10.10
jb t=11.75 z=0.1308 roll=+0.000 pitch=-0.047 vx=-1.02 bx=-10.35
jb t=12.00 z=0.1306 roll=+0.000 pitch=-0.056 vx=-1.01 bx=-10.61
jb t=12.25 z=0.1307 roll=+0.000 pitch=-0.050 vx=-1.01 bx=-10.86
jb t=12.50 z=0.1308 roll=+0.000 pitch=-0.049 vx=-1.02 bx=-11.11
jb t=12.75 z=0.1306 roll=-0.000 pitch=-0.056 vx=-1.01 bx=-11.37
jb t=13.00 z=0.1308 roll=-0.000 pitch=-0.049 vx=-1.01 bx=-11.62
jb t=13.25 z=0.1307 roll=-0.000 pitch=-0.050 vx=-1.02 bx=-11.88
jb t=13.50 z=0.1306 roll=-0.000 pitch=-0.056 vx=-1.01 bx=-12.13
jb t=13.75 z=0.1308 roll=-0.000 pitch=-0.048 vx=-1.01 bx=-12.38
jb t=14.00 z=0.1307 roll=+0.000 pitch=-0.052 vx=-1.02 bx=-12.64
jb t=14.25 z=0.1306 roll=-0.000 pitch=-0.055 vx=-1.01 bx=-12.89
jb t=14.50 z=0.1308 roll=+0.000 pitch=-0.047 vx=-1.02 bx=-13.14
jb t=14.75 z=0.1307 roll=-0.000 pitch=-0.053 vx=-1.02 bx=-13.40
jb t=15.00 z=0.1306 roll=-0.000 pitch=-0.055 vx=-1.01 bx=-13.65
jb t=15.25 z=0.1309 roll=+0.000 pitch=-0.046 vx=-1.02 bx=-13.90
jb t=15.50 z=0.1306 roll=-0.000 pitch=-0.054 vx=-1.02 bx=-14.16
jb t=15.75 z=0.1306 roll=-0.000 pitch=-0.054 vx=-1.01 bx=-14.41
jb t=16.00 z=0.1309 roll=-0.000 pitch=-0.046 vx=-1.02 bx=-14.67
jb t=16.25 z=0.1306 roll=-0.000 pitch=-0.055 vx=-1.02 bx=-14.92
jb t=16.50 z=0.1306 roll=+0.000 pitch=-0.053 vx=-1.01 bx=-15.17
jb t=16.75 z=0.1309 roll=-0.000 pitch=-0.046 vx=-1.02 bx=-15.43
jb t=17.00 z=0.1306 roll=-0.000 pitch=-0.055 vx=-1.01 bx=-15.68
jb t=17.25 z=0.1307 roll=+0.000 pitch=-0.052 vx=-1.01 bx=-15.93
jb t=17.50 z=0.1308 roll=+0.000 pitch=-0.047 vx=-1.02 bx=-16.19
jb t=17.75 z=0.1306 roll=+0.000 pitch=-0.056 vx=-1.01 bx=-16.44
后退跳: 通过 (起跳速度=-1.04m/s, COM跳高=0.252m, 最大横滚=0.00°, 最大平台俯仰=4.03°, 最大偏航=0.00°, bx=-16.69)
输出/状态有效=True 非轮碰撞=False roll峰值=0.000°
