L=0.0550 qacc=0.00e+00 pitch=-0.000deg open=1.007041 closed=0.999107
u_eq= [-2.20386926e-01  2.20765277e-01 -2.20386926e-01  2.20765277e-01
 -7.88857361e-29 -7.88857361e-29]
linearization error=0.002% wheel_dvx_dtau=-0.000662
reduction {"order": 8, "vmc_condition": 1.0870861101230795, "frequencies_hz": [0.2, 0.5, 1.0, 2.0, 5.0], "relative_frf_errors": [0.05245340139233908, 0.07210207261862069, 0.1540373729824102, 0.3650728129268341, 1.0392285133957306], "omitted_radius": 0.9858642113958643, "reduced_closed_radius": 0.9990876250922266, "full_closed_radius": 0.9991501600554292, "linear_pass": false}
nonlinear impulse=-0.200Ns r/p/y=[0.   0.03 0.  ]deg peak_x=0.0140 final_x=-0.00001 final_v=-0.00022 recovery=0.21s nonwheel=False
nonlinear impulse=+0.200Ns r/p/y=[0.   0.03 0.  ]deg peak_x=0.0139 final_x=0.00001 final_v=0.00021 recovery=0.21s nonwheel=False
L=0.0900 qacc=0.00e+00 pitch=-0.000deg open=1.006875 closed=0.998888
u_eq= [-4.96933331e-01  4.97014976e-01 -4.96933331e-01  4.97014976e-01
 -4.66012231e-25 -4.66012231e-25]
linearization error=0.002% wheel_dvx_dtau=-0.001429
reduction {"order": 8, "vmc_condition": 1.0651435801963234, "frequencies_hz": [0.2, 0.5, 1.0, 2.0, 5.0], "relative_frf_errors": [0.14663260503874165, 0.3070555032686377, 0.7834644087078307, 3.421939714311276, 5.991397440367929], "omitted_radius": 1.0010953048130107, "reduced_closed_radius": 0.998989258286022, "full_closed_radius": 0.99904007143073, "linear_pass": false}
nonlinear impulse=-0.200Ns r/p/y=[0.    0.018 0.   ]deg peak_x=0.0134 final_x=-0.00005 final_v=0.00002 recovery=0.20s nonwheel=False
nonlinear impulse=+0.200Ns r/p/y=[0.    0.017 0.   ]deg peak_x=0.0134 final_x=0.00005 final_v=-0.00002 recovery=0.21s nonwheel=False
L=0.1119 qacc=0.00e+00 pitch=0.000deg open=1.006548 closed=0.998845
u_eq= [-4.97594070e-01  4.97597224e-01 -4.97594070e-01  4.97597224e-01
  6.12053138e-30  6.12053138e-30]
linearization error=0.003% wheel_dvx_dtau=-0.001444
reduction {"order": 8, "vmc_condition": 1.1683748382731647, "frequencies_hz": [0.2, 0.5, 1.0, 2.0, 5.0], "relative_frf_errors": [0.14658802050753691, 0.22646534561442955, 0.5287054726183857, 1.2306013574282042, 4.511426379744681], "omitted_radius": 0.9972760326746705, "reduced_closed_radius": 0.9989516668624911, "full_closed_radius": 0.9989962521660984, "linear_pass": false}
nonlinear impulse=-0.200Ns r/p/y=[0.    0.019 0.   ]deg peak_x=0.0132 final_x=-0.00004 final_v=0.00006 recovery=0.20s nonwheel=False
nonlinear impulse=+0.200Ns r/p/y=[0.    0.019 0.   ]deg peak_x=0.0132 final_x=0.00004 final_v=-0.00006 recovery=0.20s nonwheel=False
L=0.1350 qacc=0.00e+00 pitch=0.000deg open=1.006200 closed=0.998865
u_eq= [-3.71535246e-01  3.71441156e-01 -3.71535246e-01  3.71441156e-01
  1.59057444e-29  1.59057444e-29]
linearization error=0.003% wheel_dvx_dtau=-0.001342
reduction {"order": 8, "vmc_condition": 1.7090388331285222, "frequencies_hz": [0.2, 0.5, 1.0, 2.0, 5.0], "relative_frf_errors": [0.2581264028435313, 0.38479396885705885, 0.47063252921887827, 0.8100205858659998, 2.738492563981167], "omitted_radius": 0.9855418099313762, "reduced_closed_radius": 0.9989250550924524, "full_closed_radius": 0.998962789611434, "linear_pass": false}
nonlinear impulse=-0.200Ns r/p/y=[0.    0.022 0.   ]deg peak_x=0.0130 final_x=-0.00003 final_v=0.00006 recovery=0.20s nonwheel=False
nonlinear impulse=+0.200Ns r/p/y=[0.    0.021 0.   ]deg peak_x=0.0130 final_x=0.00003 final_v=-0.00006 recovery=0.20s nonwheel=False
interpolated L=0.0725 closed=0.998898
nonlinear impulse=-0.200Ns r/p/y=[0.    0.047 0.   ]deg peak_x=0.0128 final_x=-0.00002 final_v=-0.00000 recovery=0.19s nonwheel=False
nonlinear impulse=+0.200Ns r/p/y=[0.    0.046 0.   ]deg peak_x=0.0127 final_x=0.00002 final_v=0.00000 recovery=0.19s nonwheel=False
interpolated L=0.1009 closed=0.998997
nonlinear impulse=-0.200Ns r/p/y=[0.    0.017 0.   ]deg peak_x=0.0132 final_x=-0.00004 final_v=0.00004 recovery=0.20s nonwheel=False
nonlinear impulse=+0.200Ns r/p/y=[0.    0.017 0.   ]deg peak_x=0.0132 final_x=0.00004 final_v=-0.00004 recovery=0.20s nonwheel=False
interpolated L=0.1235 closed=0.998934
nonlinear impulse=-0.200Ns r/p/y=[0.    0.025 0.   ]deg peak_x=0.0129 final_x=-0.00003 final_v=0.00006 recovery=0.20s nonwheel=False
nonlinear impulse=+0.200Ns r/p/y=[0.    0.024 0.   ]deg peak_x=0.0129 final_x=0.00003 final_v=-0.00006 recovery=0.20s nonwheel=False
nonlinear checks: 14/14 PASS
Traceback (most recent call last):
  File "/home/wmt/wheel_leg_robot_work/mujoco_wheelleg-main/tools/model_lqr.py", line 367, in <module>
    assert all(r.get('linear_pass', True) for r in reports), '降阶误差/被消去动态未过门，不能接入正式控制' 
AssertionError: 降阶误差/被消去动态未过门，不能接入正式控制
