jump t= 2.00 z=0.1614 pitch=+0.001 vx=-0.00
jump t= 2.25 z=0.1614 pitch=+0.001 vx=-0.00
jump t= 2.50 z=0.1549 pitch=+0.004 vx=0.00
jump t= 2.75 z=0.1462 pitch=+0.004 vx=0.00
jump t= 3.00 z=0.1271 pitch=+0.005 vx=0.00
jump t= 3.25 z=0.3215 pitch=-0.002 vx=0.01
jump t= 3.50 z=0.3055 pitch=-0.002 vx=0.01
jump t= 3.75 z=0.1759 pitch=+0.004 vx=-0.00
jump t= 4.00 z=0.1642 pitch=+0.006 vx=0.01
jump t= 4.25 z=0.1619 pitch=-0.001 vx=0.01
jump t= 4.50 z=0.1616 pitch=-0.003 vx=0.00
jump t= 4.75 z=0.1616 pitch=-0.002 vx=-0.00
jump t= 5.00 z=0.1616 pitch=-0.001 vx=-0.00
jump t= 5.25 z=0.1616 pitch=-0.000 vx=-0.00
jump t= 5.50 z=0.1616 pitch=-0.000 vx=-0.00
jump t= 5.75 z=0.1616 pitch=-0.000 vx=-0.00
jump t= 6.00 z=0.1616 pitch=-0.000 vx=-0.00
jump t= 6.25 z=0.1616 pitch=-0.000 vx=-0.00
jump t= 6.50 z=0.1616 pitch=-0.000 vx=-0.00
jump t= 6.75 z=0.1616 pitch=+0.000 vx=-0.00
jump t= 7.00 z=0.1616 pitch=+0.000 vx=-0.00
jump t= 7.25 z=0.1614 pitch=+0.000 vx=-0.00
jump t= 7.50 z=0.1614 pitch=+0.000 vx=-0.00
jump t= 7.75 z=0.1614 pitch=+0.000 vx=-0.00
jump t= 8.00 z=0.1614 pitch=+0.000 vx=-0.00
jump t= 8.25 z=0.1614 pitch=+0.000 vx=-0.00
jump t= 8.50 z=0.1614 pitch=+0.000 vx=-0.00
jump t= 8.75 z=0.1614 pitch=+0.001 vx=-0.00
jump t= 9.00 z=0.1614 pitch=+0.001 vx=-0.00
jump t= 9.25 z=0.1614 pitch=+0.001 vx=-0.00
jump t= 9.50 z=0.1614 pitch=+0.001 vx=-0.00
jump t= 9.75 z=0.1614 pitch=+0.001 vx=-0.00
jump t=10.00 z=0.1614 pitch=+0.001 vx=-0.00
jump t=10.25 z=0.1614 pitch=+0.001 vx=-0.00
jump t=10.50 z=0.1614 pitch=+0.001 vx=-0.00
jump t=10.75 z=0.1614 pitch=+0.001 vx=-0.00
jump t=11.00 z=0.1614 pitch=+0.001 vx=-0.00
jump t=11.25 z=0.1614 pitch=+0.001 vx=-0.00
jump t=11.50 z=0.1614 pitch=+0.001 vx=-0.00
jump t=11.75 z=0.1614 pitch=+0.001 vx=0.00
静止跳: 通过 (COM跳高=0.225m, 最大平台俯仰=0.42°, 最大偏航=0.00°, 落点 bx=0.00)
