jb t= 4.00 z=0.1613 roll=+0.000 pitch=-0.002 vx=-1.02 bx=-2.04
jb t= 4.25 z=0.1565 roll=+0.000 pitch=-0.002 vx=-1.02 bx=-2.30
jb t= 4.50 z=0.1478 roll=+0.000 pitch=-0.002 vx=-1.02 bx=-2.55
jb t= 4.75 z=0.1259 roll=-0.000 pitch=-0.008 vx=-1.02 bx=-2.81
jb t= 5.00 z=0.3228 roll=+0.000 pitch=-0.016 vx=-1.05 bx=-3.07
jb t= 5.25 z=0.3017 roll=+0.000 pitch=-0.013 vx=-1.05 bx=-3.33
jb t= 5.50 z=0.1756 roll=+0.000 pitch=+0.017 vx=-1.07 bx=-3.60
jb t= 5.75 z=0.1637 roll=+0.000 pitch=-0.005 vx=-1.01 bx=-3.86
jb t= 6.00 z=0.1620 roll=+0.000 pitch=-0.002 vx=-1.01 bx=-4.11
jb t= 6.25 z=0.1617 roll=+0.000 pitch=-0.007 vx=-0.98 bx=-4.35
jb t= 6.50 z=0.1619 roll=+0.000 pitch=-0.002 vx=-1.00 bx=-4.61
jb t= 6.75 z=0.1615 roll=+0.000 pitch=-0.005 vx=-0.99 bx=-4.86
jb t= 7.00 z=0.1615 roll=+0.000 pitch=-0.003 vx=-1.00 bx=-5.11
jb t= 7.25 z=0.1616 roll=+0.000 pitch=-0.002 vx=-1.00 bx=-5.36
jb t= 7.50 z=0.1616 roll=+0.000 pitch=-0.001 vx=-1.00 bx=-5.61
jb t= 7.75 z=0.1616 roll=+0.000 pitch=-0.001 vx=-1.00 bx=-5.86
jb t= 8.00 z=0.1616 roll=+0.000 pitch=-0.001 vx=-1.00 bx=-6.11
jb t= 8.25 z=0.1616 roll=+0.000 pitch=-0.001 vx=-1.00 bx=-6.36
jb t= 8.50 z=0.1616 roll=+0.000 pitch=-0.001 vx=-1.00 bx=-6.61
jb t= 8.75 z=0.1616 roll=+0.000 pitch=-0.001 vx=-1.00 bx=-6.86
jb t= 9.00 z=0.1613 roll=-0.000 pitch=-0.002 vx=-1.00 bx=-7.11
jb t= 9.25 z=0.1613 roll=-0.000 pitch=-0.002 vx=-1.00 bx=-7.36
jb t= 9.50 z=0.1613 roll=+0.000 pitch=-0.002 vx=-1.00 bx=-7.61
jb t= 9.75 z=0.1613 roll=+0.000 pitch=-0.002 vx=-1.00 bx=-7.86
jb t=10.00 z=0.1613 roll=+0.000 pitch=-0.002 vx=-1.00 bx=-8.11
jb t=10.25 z=0.1613 roll=+0.000 pitch=-0.002 vx=-1.00 bx=-8.36
jb t=10.50 z=0.1613 roll=+0.000 pitch=-0.002 vx=-1.00 bx=-8.61
jb t=10.75 z=0.1613 roll=-0.000 pitch=-0.002 vx=-1.00 bx=-8.86
jb t=11.00 z=0.1613 roll=-0.000 pitch=-0.002 vx=-1.00 bx=-9.11
jb t=11.25 z=0.1613 roll=-0.000 pitch=-0.002 vx=-1.00 bx=-9.36
jb t=11.50 z=0.1613 roll=+0.000 pitch=-0.002 vx=-1.00 bx=-9.61
jb t=11.75 z=0.1613 roll=+0.000 pitch=-0.002 vx=-1.00 bx=-9.86
jb t=12.00 z=0.1613 roll=-0.000 pitch=-0.002 vx=-1.00 bx=-10.11
jb t=12.25 z=0.1613 roll=+0.000 pitch=-0.002 vx=-1.00 bx=-10.36
jb t=12.50 z=0.1613 roll=+0.000 pitch=-0.002 vx=-1.00 bx=-10.61
jb t=12.75 z=0.1613 roll=-0.000 pitch=-0.002 vx=-1.00 bx=-10.86
jb t=13.00 z=0.1613 roll=+0.000 pitch=-0.002 vx=-1.00 bx=-11.11
jb t=13.25 z=0.1613 roll=-0.000 pitch=-0.002 vx=-1.00 bx=-11.36
jb t=13.50 z=0.1613 roll=+0.000 pitch=-0.002 vx=-1.00 bx=-11.61
jb t=13.75 z=0.1613 roll=+0.000 pitch=-0.002 vx=-1.00 bx=-11.86
jb t=14.00 z=0.1613 roll=+0.000 pitch=-0.002 vx=-1.00 bx=-12.11
jb t=14.25 z=0.1613 roll=-0.000 pitch=-0.002 vx=-1.00 bx=-12.36
jb t=14.50 z=0.1613 roll=-0.000 pitch=-0.002 vx=-1.00 bx=-12.61
jb t=14.75 z=0.1613 roll=-0.000 pitch=-0.002 vx=-1.00 bx=-12.86
jb t=15.00 z=0.1613 roll=+0.000 pitch=-0.002 vx=-1.00 bx=-13.11
jb t=15.25 z=0.1613 roll=-0.000 pitch=-0.002 vx=-1.00 bx=-13.36
jb t=15.50 z=0.1613 roll=-0.000 pitch=-0.002 vx=-1.00 bx=-13.61
jb t=15.75 z=0.1613 roll=+0.000 pitch=-0.002 vx=-1.00 bx=-13.86
jb t=16.00 z=0.1613 roll=-0.000 pitch=-0.002 vx=-1.00 bx=-14.11
jb t=16.25 z=0.1613 roll=+0.000 pitch=-0.002 vx=-1.00 bx=-14.36
jb t=16.50 z=0.1613 roll=+0.000 pitch=-0.002 vx=-1.00 bx=-14.61
jb t=16.75 z=0.1613 roll=-0.000 pitch=-0.002 vx=-1.00 bx=-14.86
jb t=17.00 z=0.1613 roll=+0.000 pitch=-0.002 vx=-1.00 bx=-15.11
jb t=17.25 z=0.1613 roll=-0.000 pitch=-0.002 vx=-1.00 bx=-15.36
jb t=17.50 z=0.1613 roll=+0.000 pitch=-0.002 vx=-1.00 bx=-15.61
jb t=17.75 z=0.1613 roll=+0.000 pitch=-0.002 vx=-1.00 bx=-15.86
后退跳: 通过 (起跳速度=-1.02m/s, COM跳高=0.225m, 最大横滚=0.00°, 最大平台俯仰=1.82°, 最大偏航=0.00°, bx=-16.11)
