reduction {"order": 6, "method": "modal", "vmc_condition": 1.3782055460660536, "projection_condition": 20.20539014108477, "omitted_radius": 0.9935566191757785, "max_relative_frf_error": 0.0028123571312865282, "reduced_closed_radius": 0.9989507930323593, "full_closed_radius": 0.9989516950214622, "linear_pass": true}
reduction {"order": 6, "method": "modal", "vmc_condition": 1.4999430560359601, "projection_condition": 20.316571278155383, "omitted_radius": 0.9870654971676265, "max_relative_frf_error": 0.002604862399465738, "reduced_closed_radius": 0.9989220534129091, "full_closed_radius": 0.9989229385579487, "linear_pass": true}
reduction {"order": 6, "method": "modal", "vmc_condition": 1.1692020288503353, "projection_condition": 24.928412986500543, "omitted_radius": 0.986525386712174, "max_relative_frf_error": 0.0028457372278306503, "reduced_closed_radius": 0.998875960691861, "full_closed_radius": 0.9988769768204375, "linear_pass": true}
reduction {"order": 6, "method": "modal", "vmc_condition": 1.0703721088466125, "projection_condition": 26.96332831445564, "omitted_radius": 0.9865003916921553, "max_relative_frf_error": 0.0029245363631001517, "reduced_closed_radius": 0.9988613177526111, "full_closed_radius": 0.9988623451106616, "linear_pass": true}
reduction {"order": 6, "method": "modal", "vmc_condition": 1.898231218528725, "projection_condition": 29.632941238874096, "omitted_radius": 0.9900192987081642, "max_relative_frf_error": 0.003472138238343771, "reduced_closed_radius": 0.9988501522974549, "full_closed_radius": 0.998851314107305, "linear_pass": true}
Warp 1.17.0 initialized:
   CUDA Toolkit 12.9, Driver 13.0
   Devices:
     "cpu"      : "x86_64"
     "cuda:0"   : "NVIDIA GeForce RTX 5060 Laptop GPU" (8 GiB, sm_120, mempool enabled)
   Kernel cache:
     /home/wmt/.cache/warp/1.17.0
reduction {"order": 6, "method": "modal", "vmc_condition": 1.3782055460660536, "projection_condition": 22.807120144044745, "omitted_radius": 0.9935578112614408, "max_relative_frf_error": 0.002848389025117791, "reduced_closed_radius": 0.9989510591868617, "full_closed_radius": 0.998951972942502, "linear_pass": true}
reduction {"order": 6, "method": "modal", "vmc_condition": 1.4999430560359601, "projection_condition": 20.927270009449636, "omitted_radius": 0.9870748210524375, "max_relative_frf_error": 0.0025988345424261435, "reduced_closed_radius": 0.9989220057139586, "full_closed_radius": 0.9989229199995769, "linear_pass": true}
reduction {"order": 6, "method": "modal", "vmc_condition": 1.1692020288503353, "projection_condition": 24.77954529917417, "omitted_radius": 0.9865248329640839, "max_relative_frf_error": 0.0028353847996350056, "reduced_closed_radius": 0.998875822776472, "full_closed_radius": 0.9988768546432709, "linear_pass": true}
reduction {"order": 6, "method": "modal", "vmc_condition": 1.0703721088466125, "projection_condition": 26.86518990156714, "omitted_radius": 0.9865208575083134, "max_relative_frf_error": 0.0029161310892778748, "reduced_closed_radius": 0.9988611909147412, "full_closed_radius": 0.9988622275746445, "linear_pass": true}
reduction {"order": 6, "method": "modal", "vmc_condition": 1.898231218528725, "projection_condition": 30.430514512924493, "omitted_radius": 0.9900095341205083, "max_relative_frf_error": 0.003464656240716812, "reduced_closed_radius": 0.9988503518062063, "full_closed_radius": 0.9988515290564789, "linear_pass": true}
Module native.environment ed37618 load on device 'cuda:0' took 9.27 ms  (cached)
Module mujoco_warp._src.smooth d04e5a7 load on device 'cuda:0' took 3.44 ms  (cached)
Module _nxn_broadphase__locals__kernel_8eea9f99 8eea9f9 load on device 'cuda:0' took 538.82 ms  (compiled)
Module ccd_kernel_builder__locals__ccd_kernel_dc932c87 dc932c8 load on device 'cuda:0' took 1.31 ms  (cached)
Module ccd_kernel_builder__locals__ccd_kernel_dc932c87 0536302 load on device 'cuda:0' took 5.11 ms  (cached)
Module ccd_kernel_builder__locals__ccd_kernel_77faf322 77faf32 load on device 'cuda:0' took 2.75 ms  (cached)
Module ccd_kernel_builder__locals__ccd_kernel_77faf322 6ee6343 load on device 'cuda:0' took 1.13 ms  (cached)
Module ccd_kernel_builder__locals__ccd_kernel_9b00dbf3 9b00dbf load on device 'cuda:0' took 1.07 ms  (cached)
Module ccd_kernel_builder__locals__ccd_kernel_9b00dbf3 4b7a81d load on device 'cuda:0' took 1.16 ms  (cached)
Module _primitive_narrowphase__locals__primitive_narrowphase_29711bf2 29711bf load on device 'cuda:0' took 0.65 ms  (cached)
Module mujoco_warp._src.constraint 8d4d513 load on device 'cuda:0' took 0.28 ms  (cached)
Module _equality_connect__locals__kernel_95a1902a 95a1902 load on device 'cuda:0' took 0.63 ms  (cached)
Module _friction_dof__locals__kernel_22ded5f6 22ded5f load on device 'cuda:0' took 0.51 ms  (cached)
Module _limit_slide_hinge__locals__kernel_24a318de 24a318d load on device 'cuda:0' took 0.48 ms  (cached)
Module _efc_contact_init__locals__kernel_6bd38bb8 6bd38bb load on device 'cuda:0' took 0.44 ms  (cached)
Module _efc_contact_jac_dense__locals__kernel_b0c1fdf8 5fcbd59 load on device 'cuda:0' took 0.44 ms  (cached)
Module _efc_contact_update__locals__kernel_0221ea98 0221ea9 load on device 'cuda:0' took 0.48 ms  (cached)
Module mujoco_warp._src.sensor 830d16a load on device 'cuda:0' took 1.48 ms  (cached)
Module mujoco_warp._src.forward 4b55789 load on device 'cuda:0' took 1.34 ms  (cached)
Module mujoco_warp._src.passive 80f3681 load on device 'cuda:0' took 0.92 ms  (cached)
Module mujoco_warp._src.support a59a7bc load on device 'cuda:0' took 0.42 ms  (cached)
Module mujoco_warp._src.forward a1745d1 load on device 'cuda:0' took 1.02 ms  (cached)
Module _qfrc_smooth__locals__kernel_8b823980 8b82398 load on device 'cuda:0' took 0.40 ms  (cached)
Module _tile_cholesky_factorize_solve_block__locals__kernel_b2df853c 8e521d6 load on device 'cuda:0' took 19.56 ms  (cached)
Module _solve_init_dof__locals__kernel_021c7a0e 021c7a0 load on device 'cuda:0' took 0.39 ms  (cached)
Module mujoco_warp._src.solver 357f443 load on device 'cuda:0' took 2.82 ms  (cached)
Module _solve_init_jaref_kernel__locals__kernel_2eec593e 2eec593 load on device 'cuda:0' took 0.37 ms  (cached)
Module mul_m_kernel__locals___mul_m_f3de1cc7 f3de1cc load on device 'cuda:0' took 0.42 ms  (cached)
Module _update_constraint_efc__locals__kernel_0539aa50 0539aa5 load on device 'cuda:0' took 0.47 ms  (cached)
Module _update_constraint_init_qfrc_constraint_dense__locals__kernel_bd7ca2ec bd7ca2e load on device 'cuda:0' took 0.36 ms  (cached)
Module _update_gradient_zero_grad_dot__locals__kernel_b20934d7 b20934d load on device 'cuda:0' took 0.33 ms  (cached)
Module _update_gradient_grad__locals__kernel_c876081d c876081 load on device 'cuda:0' took 0.33 ms  (cached)
Module _update_gradient_JTDAJ_dense_tiled__locals__kernel_5c94f5d4 f88e687 load on device 'cuda:0' took 0.45 ms  (cached)
Module _update_gradient_cholesky__locals__kernel_6c06c3f2 efb5dd3 load on device 'cuda:0' took 19.22 ms  (cached)
Module _linesearch_iterative_kernel__locals__kernel_7b6ae456 37b92b5 load on device 'cuda:0' took 0.59 ms  (cached)
Module _update_constraint_efc__locals__kernel_e953547e e953547 load on device 'cuda:0' took 0.49 ms  (cached)
Module _update_constraint_init_qfrc_constraint_dense__locals__kernel_d92a3413 d92a341 load on device 'cuda:0' took 0.36 ms  (cached)
Module _update_gradient_zero_grad_dot__locals__kernel_e9f8c963 e9f8c96 load on device 'cuda:0' took 0.30 ms  (cached)
Module _update_gradient_grad__locals__kernel_87959044 8795904 load on device 'cuda:0' took 0.34 ms  (cached)
Module _update_gradient_cholesky__locals__kernel_835d0b9f fc3b546 load on device 'cuda:0' took 23.92 ms  (cached)
Module _solve_done__locals__kernel_0c4a4b4d 0c4a4b4 load on device 'cuda:0' took 0.39 ms  (cached)
Module native.controller 9f97007 load on device 'cuda:0' took 23.81 ms  (cached)
Module mujoco_warp._src.derivative 8222a58 load on device 'cuda:0' took 0.86 ms  (cached)
Module _next_time_builder__locals___next_time_f604e0b3 f604e0b load on device 'cuda:0' took 0.37 ms  (cached)
Module native.environment 4272fa4 load on device 'cuda:0' took 7.65 ms  (cached)
Module evaluate 17b63aa load on device 'cuda:0' took 971.32 ms  (compiled)
SOLVE 0 1 valid False violation 0.11586998239384352 cost 1590490.611483599 seconds 9.334816330003378
SOLVE 0 2 valid False violation 0.0070608343396868665 cost 1602617.981335577 seconds 9.30791410299571
SOLVE 0 3 valid False violation 0.0023113659449986684 cost 1602122.0424939839 seconds 9.312945749996288
SOLVE 0 4 valid False violation 0.000523652349199631 cost 1601232.3472429933 seconds 9.29353364999406
SOLVE 0 5 valid False violation 0.0004023710929140778 cost 1602449.8303567127 seconds 9.291680736998387
SOLVE 0 6 valid False violation 0.0004288809640067599 cost 1601680.9003512403 seconds 9.282532297998841
SOLVE 0 7 valid False violation 0.00047971521105091445 cost 1601399.0111481962 seconds 9.330330976001278
SOLVE 0 8 valid False violation 0.0005039828164237521 cost 1601294.6597290544 seconds 9.303586709000228
SOLVE 0 9 valid False violation 0.0005068778991699853 cost 1601269.3729995878 seconds 9.308791939998628
SOLVE 0 10 valid False violation 0.000513945307050496 cost 1601253.1685819759 seconds 9.316228837997187
SOLVE 0 11 valid False violation 0.0005182879311698459 cost 1601220.470051495 seconds 9.331463447000715
SOLVE 0 12 valid False violation 2.0901366275527522e-05 cost 1600910.6843772815 seconds 9.297807880000619
SOLVE 0 13 valid False violation 6.369182041776611e-06 cost 1600621.3444046006 seconds 9.296819253999274
SOLVE 0 14 valid False violation 6.895405905593677e-05 cost 1599156.2932469451 seconds 9.311507935002737
SOLVE 0 15 valid False violation 3.77893447876611e-05 cost 1599870.512073876 seconds 9.305262904999836
SOLVE 0 16 valid False violation 2.3739678519176165e-05 cost 1600227.07659244 seconds 9.316470359997766
SOLVE 0 17 valid False violation 1.8290110996854736e-05 cost 1600443.4054427017 seconds 9.294833927000582
SOLVE 0 18 valid False violation 8.92366681786478e-06 cost 1600538.8043178415 seconds 9.323450109994155
SOLVE 0 19 valid False violation 6.965228489530518e-06 cost 1600579.731870061 seconds 9.287579404001008
SOLVE 0 20 valid False violation 6.028584071631522e-06 cost 1600599.7560166565 seconds 9.332681234001939
SOLVE 0 21 valid False violation 6.880078996994246e-06 cost 1600614.5603082273 seconds 9.307254183004261
SOLVE 0 22 valid False violation 3.644398280615897e-06 cost 1600607.484164766 seconds 9.283191211994563
SOLVE 0 23 valid True violation 0.0 cost 1600348.4905771022 seconds 9.33451197600516
SOLVE 0 24 valid False violation 1.4305114746728165e-06 cost 1600308.4479908624 seconds 9.309317511993868
SOLVE 0 25 valid False violation 1.7183167593883197e-05 cost 1599943.2513394724 seconds 9.283879991999129
SOLVE 0 26 valid False violation 0.04379033629825248 cost 1598231.0778825502 seconds 9.356965639999544
SOLVE 0 27 valid False violation 0.019377397499927125 cost 1599442.0073713958 seconds 9.310735056002159
SOLVE 0 28 valid False violation 2.280303410127717e-05 cost 1599806.2806813128 seconds 9.316888194996864
SOLVE 0 29 valid False violation 0.0014267762513577495 cost 1604391.023523362 seconds 9.309028142997704
SOLVE 0 30 valid True violation 0.0 cost 1599622.603439671 seconds 9.282358242002374
SOLVE 0 31 valid True violation 0.0 cost 1599282.122470744 seconds 9.433045452002261
SOLVE 0 32 valid True violation 0.0 cost 1599494.022752404 seconds 9.305589409996173
SOLVE 0 33 valid False violation 0.0012002786009551736 cost 1603900.3764775733 seconds 9.280829902003461
SOLVE 0 34 valid True violation 0.0 cost 1599452.819374931 seconds 9.272921142997802
SOLVE 0 35 valid True violation 0.0 cost 1599291.4722118252 seconds 9.298941910004942
SOLVE 0 36 valid True violation 0.0 cost 1599383.0976340417 seconds 9.300080346998584
SOLVE 0 37 valid True violation 0.0 cost 1599415.6014583823 seconds 9.300504069004091
SOLVE 0 38 valid True violation 0.0 cost 1599447.8103597038 seconds 9.303526723000687
SOLVE 0 39 valid True violation 0.0 cost 1599479.8542537624 seconds 9.328638058999786
SOLVE 0 40 valid True violation 0.0 cost 1599485.253089771 seconds 9.31640788900404
SOLVE 0 41 valid True violation 0.0 cost 1596888.835020294 seconds 9.296740844998567
SOLVE 0 42 valid False violation 0.010943253836315411 cost 1632302.8983770655 seconds 9.350266617999296
SOLVE 0 43 valid False violation 0.0021805763254175345 cost 1606813.844654324 seconds 9.282996016998368
SOLVE 0 44 valid False violation 0.0001888445445470082 cost 1600748.7727403159 seconds 9.27535201000137
SOLVE 0 45 valid False violation 5.541528974266947e-05 cost 1599476.0745061035 seconds 9.336094042002514
SOLVE 0 46 valid True violation 0.0 cost 1599385.1578669345 seconds 9.308052341999428
SOLVE 0 47 valid True violation 0.0 cost 1599443.433501558 seconds 9.288294072001008
SOLVE 0 48 valid True violation 0.0 cost 1599456.3722388134 seconds 9.336802831996465
SOLVE 0 49 valid True violation 0.0 cost 1599488.9744829321 seconds 9.310439040993515
SOLVE 0 50 valid True violation 0.0 cost 1599476.5742741288 seconds 9.30816093100293
SOLVE 0 51 valid True violation 0.0 cost 1599477.3360475665 seconds 9.352078099997016
SOLVE 0 52 valid True violation 0.0 cost 1599493.670171135 seconds 9.274673334999534
SOLVE 0 53 valid False violation 0.007861296337325352 cost 1623266.191795693 seconds 9.313470900000539
SOLVE 0 54 valid False violation 2.467632293707516e-05 cost 1599481.0605101131 seconds 9.320809122000355
SOLVE 0 55 valid True violation 0.0 cost 1599365.3883940766 seconds 9.303266712006007
SOLVE 0 56 valid False violation 0.0011267662085982326 cost 1603803.1493083895 seconds 9.304746271001932
SOLVE 0 57 valid False violation 1.62465231759842e-05 cost 1600314.335400428 seconds 9.299039896999602
SOLVE 0 58 valid True violation 0.0 cost 1599583.7598861626 seconds 9.33057261200156
SOLVE 0 59 valid True violation 0.0 cost 1599419.747719967 seconds 9.294841453003755
SOLVE 0 60 valid True violation 0.0 cost 1599351.9220624478 seconds 9.318384683996555
SOLVE 0 61 valid True violation 0.0 cost 1599366.7269513337 seconds 9.297805488997255
SOLVE 0 62 valid True violation 0.0 cost 1599355.181415442 seconds 9.337958529999014
SOLVE 0 63 valid True violation 0.0 cost 1599349.998330061 seconds 9.273159737997048
SOLVE 0 64 valid False violation 0.02384169896649783 cost 1675684.1566835712 seconds 9.345224866003264
SOLVE 0 65 valid False violation 0.0026327768977677897 cost 1609165.228587633 seconds 9.307918948004954
SOLVE 0 66 valid False violation 0.00022869450705398367 cost 1600526.3020827235 seconds 9.337345193998772
SOLVE 0 67 valid False violation 8.836814335420686e-05 cost 1599746.6186004193 seconds 9.308789905000594
SOLVE 0 68 valid False violation 2.4591173444538888e-05 cost 1599483.5083094728 seconds 9.305235731000721
SOLVE 0 69 valid True violation 0.0 cost 1599383.4853722672 seconds 9.318118765993859
SOLVE 0 70 valid True violation 0.0 cost 1599384.8178992104 seconds 9.325403297996672
SOLVE 0 71 valid True violation 0.0 cost 1599369.7012480865 seconds 9.299658297997667
SOLVE 0 72 valid True violation 0.0 cost 1599370.6222802403 seconds 9.308393295003043
SOLVE 0 73 valid True violation 0.0 cost 1599358.9049890414 seconds 9.312592029004009
SOLVE 0 74 valid True violation 0.0 cost 1599368.0408926962 seconds 9.324511290004011
SOLVE 0 75 valid False violation 0.0020824273441677477 cost 1605834.642533637 seconds 9.321898629998032
SOLVE 0 76 valid True violation 0.0 cost 1599316.956034646 seconds 9.30804513899784
SOLVE 0 77 valid False violation 0.0006877354213170278 cost 1597986.0003850777 seconds 9.324546046998876
SOLVE 0 78 valid False violation 4.938670567738208e-07 cost 1598738.9758100328 seconds 9.287886717997026
SOLVE 0 79 valid False violation 0.03510131894694918 cost 1597368.8859699427 seconds 9.31026597199525
SOLVE 0 80 valid True violation 0.0 cost 1598497.7456432937 seconds 9.319080676003068
SOLVE 0 81 valid False violation 7.493155343826378e-07 cost 1598241.779996497 seconds 9.301237532999949
SOLVE 0 82 valid False violation 0.0002651384898595082 cost 1598084.6621522228 seconds 9.31137798599957
SOLVE 0 83 valid False violation 6.33341925485428e-05 cost 1598171.6513269688 seconds 9.356395614995563
SOLVE 0 84 valid False violation 2.646446228033688e-05 cost 1598170.8417091523 seconds 9.318919809004
SOLVE 0 85 valid False violation 7.551056998122974e-05 cost 1598099.7668897836 seconds 9.314578163997794
SOLVE 0 86 valid True violation 0.0 cost 1598144.9381167474 seconds 9.343947591994947
SOLVE 0 87 valid True violation 0.0 cost 1598112.6501186392 seconds 9.30221985699609
SOLVE 0 88 valid False violation 2.82526016235986e-05 cost 1598087.596843889 seconds 9.299006815999746
SOLVE 0 89 valid False violation 4.613399505621579e-05 cost 1598079.1971238537 seconds 9.347684414002288
SOLVE 0 90 valid False violation 6.256784711571635e-05 cost 1598087.7203653755 seconds 9.313515670997731
SOLVE 0 91 valid False violation 6.358964102615161e-05 cost 1598090.8870068924 seconds 9.290742732999206
SOLVE 0 92 valid False violation 7.363728114543175e-05 cost 1598098.324944098 seconds 9.345883478999895
SOLVE 0 93 valid False violation 7.074219839919849e-05 cost 1598096.2703066953 seconds 9.290692112997931
SOLVE 0 94 valid False violation 7.465907505586702e-05 cost 1598092.172431435 seconds 9.31033265899896
SOLVE 0 95 valid False violation 0.00012251308986125208 cost 1598118.7959143168 seconds 9.345912707001844
SOLVE 0 96 valid False violation 9.722369057797919e-05 cost 1598105.75066396 seconds 9.289201076004247
SOLVE 0 97 valid False violation 8.479186466768342e-05 cost 1598094.972744688 seconds 9.325579312004265
SOLVE 0 98 valid False violation 8.257797786174034e-05 cost 1598088.5131354758 seconds 9.327967235003598
SOLVE 0 99 valid False violation 7.883140019014436e-05 cost 1598089.4054720905 seconds 9.307890207004675
SOLVE 0 100 valid False violation 7.499967302601211e-05 cost 1598082.5175945733 seconds 9.302545085003658
SOLVE 0 101 valid False violation 1.9226755414753732e-05 cost 1598104.914687103 seconds 9.343914214005054
SOLVE 0 102 valid False violation 4.6900340489042236e-05 cost 1598092.3523254842 seconds 9.299654888003715
SOLVE 0 103 valid False violation 6.08648572649909e-05 cost 1598079.4316128818 seconds 9.298304315998394
SOLVE 0 104 valid False violation 8.564335959304614e-05 cost 1598506.7872402947 seconds 9.343945264001377
SOLVE 0 105 valid False violation 5.9843063354555634e-05 cost 1598250.018492959 seconds 9.319410142001288
SOLVE 0 106 valid True violation 0.0 cost 1598148.8812222872 seconds 9.315877840999747
SOLVE 0 107 valid False violation 3.8725989205560095e-05 cost 1598110.5414480974 seconds 9.331040912999015
SOLVE 0 108 valid False violation 2.8678349086279962e-05 cost 1598109.7696188604 seconds 9.328563807001046
SOLVE 0 109 valid False violation 4.800728389201378e-05 cost 1598077.8081457347 seconds 9.325129045995709
SOLVE 0 110 valid False violation 1.8971306937144915e-05 cost 1598107.168066518 seconds 9.29917578700406
SOLVE 0 111 valid False violation 3.0211039951932864e-05 cost 1598083.3509139237 seconds 9.320554302001256
SOLVE 0 112 valid False violation 3.8044793265269915e-05 cost 1598095.237894265 seconds 9.39764421700238
SOLVE 0 113 valid False violation 4.2813164847301165e-05 cost 1598096.9828403566 seconds 9.322591410993482
SOLVE 0 114 valid False violation 5.013602120542059e-05 cost 1598098.46684267 seconds 9.28825714699633
SOLVE 0 115 valid False violation 4.7836984906941235e-05 cost 1598099.0944018513 seconds 9.293166895004106
SOLVE 0 116 valid False violation 4.8688479832303955e-05 cost 1598095.3290331378 seconds 9.321280108997598
SOLVE 0 117 valid False violation 4.8688479832303955e-05 cost 1598101.427423818 seconds 9.341982723999536
SOLVE 0 118 valid False violation 4.7581536429332415e-05 cost 1598094.2979832448 seconds 9.308303272002377
SOLVE 0 119 valid False violation 5.013602120542059e-05 cost 1598084.8692720744 seconds 9.295692298997892
SOLVE 0 120 valid False violation 4.9199376787521594e-05 cost 1598077.8081457347 seconds 9.376955645995622
reduction {"order": 6, "method": "modal", "vmc_condition": 1.3782055460660536, "projection_condition": 20.20539014108477, "omitted_radius": 0.9935566191757785, "max_relative_frf_error": 0.0028123571312865282, "reduced_closed_radius": 0.9989507930323593, "full_closed_radius": 0.9989516950214622, "linear_pass": true}
reduction {"order": 6, "method": "modal", "vmc_condition": 1.4999430560359601, "projection_condition": 20.316571278155383, "omitted_radius": 0.9870654971676265, "max_relative_frf_error": 0.002604862399465738, "reduced_closed_radius": 0.9989220534129091, "full_closed_radius": 0.9989229385579487, "linear_pass": true}
reduction {"order": 6, "method": "modal", "vmc_condition": 1.1692020288503353, "projection_condition": 24.928412986500543, "omitted_radius": 0.986525386712174, "max_relative_frf_error": 0.0028457372278306503, "reduced_closed_radius": 0.998875960691861, "full_closed_radius": 0.9988769768204375, "linear_pass": true}
reduction {"order": 6, "method": "modal", "vmc_condition": 1.0703721088466125, "projection_condition": 26.96332831445564, "omitted_radius": 0.9865003916921553, "max_relative_frf_error": 0.0029245363631001517, "reduced_closed_radius": 0.9988613177526111, "full_closed_radius": 0.9988623451106616, "linear_pass": true}
reduction {"order": 6, "method": "modal", "vmc_condition": 1.898231218528725, "projection_condition": 29.632941238874096, "omitted_radius": 0.9900192987081642, "max_relative_frf_error": 0.003472138238343771, "reduced_closed_radius": 0.9988501522974549, "full_closed_radius": 0.998851314107305, "linear_pass": true}
Module _nxn_broadphase__locals__kernel_76149e54 76149e5 load on device 'cuda:0' took 0.52 ms  (cached)
DIRECTION FINISHED {'direction': 0, 'solver': {'success': False, 'message': 'Registered120 full-batch evaluation budget reached'}, 'evaluations': 120, 'wall_s': 1118.7071268550062, 'best_feasible': True, 'best_scaled_violation': 0.0, 'best_nominal_cost': 1596888.835020294, 'learning': False, 'default_promoted': False, 'full_admission': False, 'source_sha256': {'wheelleg_warp/results/eighteenth_round_robust_reference_20261002/solve.py': 'e3f8abfa8c38d7faa6dd13c8114787bddc865b2ee00e12b716cf007a5288452f', 'wheelleg_warp/results/eighteenth_round_robust_reference_20261002/evaluate.py': '50efe1fbd74ff006315fcb04b38d983ee0e3f14604c98a605caa05eee1b78b2e', 'wheelleg_warp/optimize_braking_trajectory.py': 'c0cc6f395f62397b671a2e6bab3f9834295cba247d0915b24c996401b750f664'}}
reduction {"order": 6, "method": "modal", "vmc_condition": 1.3782055460660536, "projection_condition": 20.20539014108477, "omitted_radius": 0.9935566191757785, "max_relative_frf_error": 0.0028123571312865282, "reduced_closed_radius": 0.9989507930323593, "full_closed_radius": 0.9989516950214622, "linear_pass": true}
reduction {"order": 6, "method": "modal", "vmc_condition": 1.4999430560359601, "projection_condition": 20.316571278155383, "omitted_radius": 0.9870654971676265, "max_relative_frf_error": 0.002604862399465738, "reduced_closed_radius": 0.9989220534129091, "full_closed_radius": 0.9989229385579487, "linear_pass": true}
reduction {"order": 6, "method": "modal", "vmc_condition": 1.1692020288503353, "projection_condition": 24.928412986500543, "omitted_radius": 0.986525386712174, "max_relative_frf_error": 0.0028457372278306503, "reduced_closed_radius": 0.998875960691861, "full_closed_radius": 0.9988769768204375, "linear_pass": true}
reduction {"order": 6, "method": "modal", "vmc_condition": 1.0703721088466125, "projection_condition": 26.96332831445564, "omitted_radius": 0.9865003916921553, "max_relative_frf_error": 0.0029245363631001517, "reduced_closed_radius": 0.9988613177526111, "full_closed_radius": 0.9988623451106616, "linear_pass": true}
reduction {"order": 6, "method": "modal", "vmc_condition": 1.898231218528725, "projection_condition": 29.632941238874096, "omitted_radius": 0.9900192987081642, "max_relative_frf_error": 0.003472138238343771, "reduced_closed_radius": 0.9988501522974549, "full_closed_radius": 0.998851314107305, "linear_pass": true}
SOLVE 1 1 valid False violation 0.013876114572797566 cost 1612446.503358358 seconds 9.283338718996674
SOLVE 1 2 valid False violation 0.008720908846174031 cost 1612496.2076301603 seconds 9.21987592500227
SOLVE 1 3 valid False violation 0.013558421816144734 cost 1604770.3254814711 seconds 9.221582992999174
SOLVE 1 4 valid False violation 0.00809965814862939 cost 1612053.1980390977 seconds 9.220707118001883
SOLVE 1 5 valid False violation 0.0010411909648350942 cost 1612632.3904705802 seconds 9.232992681994801
SOLVE 1 6 valid False violation 0.00022418158394956123 cost 1611830.934457175 seconds 9.235479490002035
SOLVE 1 7 valid False violation 0.0012468269893101919 cost 1611201.919131105 seconds 9.228841010997712
SOLVE 1 8 valid False violation 0.000749724251883434 cost 1611767.0016387333 seconds 9.225160156995116
SOLVE 1 9 valid False violation 0.0006552083151681717 cost 1611825.0871861188 seconds 9.262747767999826
SOLVE 1 10 valid False violation 0.0002506630761283419 cost 1611833.8456832238 seconds 9.232001867996587
SOLVE 1 11 valid False violation 0.0006186791828701109 cost 1611833.3363380013 seconds 9.23288455200236
SOLVE 1 12 valid False violation 0.0005900689533779234 cost 1611831.6825227975 seconds 9.27130709499761
SOLVE 1 13 valid False violation 0.00022307464054658967 cost 1611832.3785587044 seconds 9.24480514699826
SOLVE 1 14 valid False violation 0.0024651459285191762 cost 1609970.7584325937 seconds 9.231974864997028
SOLVE 1 15 valid False violation 0.0008086477007185344 cost 1611643.3691239525 seconds 9.26224280599854
SOLVE 1 16 valid False violation 0.0007034880774362381 cost 1611813.6473223646 seconds 9.22375403699698
SOLVE 1 17 valid False violation 0.0007247754505703062 cost 1611825.5127000967 seconds 9.23150495900336
SOLVE 1 18 valid False violation 0.0002522809164865311 cost 1611832.0961745128 seconds 9.252663113999006
SOLVE 1 19 valid False violation 0.0006186791828701109 cost 1611835.2473619324 seconds 9.227341188001446
SOLVE 1 20 valid False violation 0.0006518874849592571 cost 1611830.6274867854 seconds 9.271864360998734
SOLVE 1 21 valid False violation 0.0006564855575562159 cost 1611832.6816753394 seconds 9.311307559000852
SOLVE 1 22 valid False violation 0.0002269915172032582 cost 1611832.2068731377 seconds 9.243633484999009
SOLVE 1 23 valid False violation 0.00025151457105370464 cost 1611833.0866955852 seconds 9.22915256700071
SOLVE 1 24 valid False violation 0.0006876502718244915 cost 1611829.4331847623 seconds 9.240673259002506
SOLVE 1 25 valid False violation 0.0015753337315151305 cost 1610665.4450585342 seconds 9.278215707992786
SOLVE 1 26 valid False violation 0.0009556157248361405 cost 1611466.9539092295 seconds 9.218285112998274
SOLVE 1 27 valid False violation 0.0006924186434065227 cost 1611724.2819055184 seconds 9.20947763499862
SOLVE 1 28 valid False violation 0.0030617884227208364 cost 1608753.2661783316 seconds 9.216354826996394
SOLVE 1 29 valid False violation 0.001052345548357346 cost 1610818.2935423246 seconds 9.234724000001734
SOLVE 1 30 valid False violation 0.001103690692356718 cost 1611227.1770558942 seconds 9.223306022002362
SOLVE 1 31 valid False violation 0.0008656127112253006 cost 1611573.0695968969 seconds 9.22842735300219
SOLVE 1 32 valid False violation 0.0007768017905099686 cost 1611691.2255980538 seconds 9.256940410996322
SOLVE 1 33 valid False violation 0.0007491282054356801 cost 1611709.7972277782 seconds 9.23248097999749
SOLVE 1 34 valid False violation 0.0008089031491961433 cost 1611721.2256522384 seconds 9.229145664998214
SOLVE 1 35 valid False violation 0.0007799523217338107 cost 1611721.790495269 seconds 9.24625602499873
SOLVE 1 36 valid False violation 0.0003324917384556996 cost 1611715.9016544046 seconds 9.256132228001661
SOLVE 1 37 valid False violation 0.009596160479954374 cost 1601153.3375820867 seconds 9.350352199995541
SOLVE 1 38 valid False violation 0.0024225711822510403 cost 1609423.221332497 seconds 9.220886282993888
SOLVE 1 39 valid False violation 0.0015647751944406327 cost 1610652.2530922703 seconds 9.209216020994063
SOLVE 1 40 valid False violation 0.001013943127223487 cost 1611320.7699239417 seconds 9.208365042999503
SOLVE 1 41 valid False violation 0.0008839198521205992 cost 1611607.3803641172 seconds 9.276586209001835
SOLVE 1 42 valid False violation 0.0007865088326591037 cost 1611713.3017547897 seconds 9.250555459999305
SOLVE 1 43 valid False violation 0.0007822513580322901 cost 1611720.0455059265 seconds 9.247824398000375
SOLVE 1 44 valid False violation 0.0007805483681815646 cost 1611716.039826511 seconds 9.226961100001063
SOLVE 1 45 valid False violation 0.0007806335176741008 cost 1611711.7520038686 seconds 9.238472767996427
SOLVE 1 46 valid False violation 0.0007458925247193018 cost 1611716.5225211126 seconds 9.244249774004857
SOLVE 1 47 valid False violation 0.0007852315902710596 cost 1611717.3103815883 seconds 9.226306200005638
SOLVE 1 48 valid False violation 0.0007818256105696086 cost 1611494.1155313828 seconds 9.225996489003592
SOLVE 1 49 valid False violation 0.0003107786178589502 cost 1611661.0370572526 seconds 9.261970687002758
SOLVE 1 50 valid False violation 0.0002524512154716036 cost 1611510.1095351449 seconds 9.228431479998108
SOLVE 1 51 valid True violation 0.0 cost 1601494.5490880297 seconds 9.264256269001635
SOLVE 1 52 valid False violation 0.002360582351684634 cost 1585915.8948170883 seconds 9.257649489998585
SOLVE 1 53 valid False violation 2.4080276489321255e-05 cost 1585514.3819392172 seconds 9.245708201000525
SOLVE 1 54 valid True violation 0.0 cost 1584715.7175867571 seconds 9.226217147996067
SOLVE 1 55 valid False violation 0.0012499295108697045 cost 1582491.7554872218 seconds 9.211557169997832
SOLVE 1 56 valid False violation 0.0008122398002461303 cost 1582589.7559700278 seconds 9.231947459004004
SOLVE 1 57 valid False violation 7.134645931376749e-05 cost 1582612.3588121198 seconds 9.281603789997462
SOLVE 1 58 valid False violation 0.0007069818781507466 cost 1582573.6505907301 seconds 9.233398739001132
SOLVE 1 59 valid False violation 0.0002486508830864635 cost 1582594.1539439298 seconds 9.25549119799689
SOLVE 1 60 valid False violation 3.9726446446342045e-05 cost 1582607.7968353813 seconds 9.22843518100126
SOLVE 1 61 valid False violation 0.00147653498140272 cost 1581807.025114542 seconds 9.22211141200387
SOLVE 1 62 valid False violation 3.0381338937005408e-05 cost 1579574.799402821 seconds 9.259834138996666
SOLVE 1 63 valid False violation 0.0025327546255929766 cost 1577058.9094089682 seconds 9.22557809400314
SOLVE 1 64 valid False violation 0.0010011718136763762 cost 1578337.2927736565 seconds 9.230608983998536
SOLVE 1 65 valid False violation 0.003569109099251947 cost 1577481.4053524118 seconds 9.251418682004442
SOLVE 1 66 valid False violation 0.0002749860351029809 cost 1578189.3718906427 seconds 9.222986647000653
SOLVE 1 67 valid False violation 4.240444728369803e-06 cost 1578147.7137357423 seconds 9.213480588994571
SOLVE 1 68 valid True violation 0.0 cost 1578033.677702168 seconds 9.242375246001757
SOLVE 1 69 valid False violation 0.0001052940756270567 cost 1578034.996183247 seconds 9.229541882996273
SOLVE 1 70 valid False violation 8.242470877574603e-06 cost 1578031.0655361903 seconds 9.223997551998764
SOLVE 1 71 valid False violation 3.644398280615897e-06 cost 1578032.6194826113 seconds 9.234438038001826
SOLVE 1 72 valid True violation 0.0 cost 1578033.2108831767 seconds 9.237063966997084
SOLVE 1 73 valid False violation 5.67680599997585e-05 cost 1577993.0375964008 seconds 9.236822725004458
SOLVE 1 74 valid False violation 0.00040290538878736315 cost 1577900.3504783786 seconds 9.342617652000627
SOLVE 1 75 valid False violation 0.005769201687404152 cost 1576603.7257638853 seconds 9.225031975998718
SOLVE 1 76 valid False violation 0.0012289455958775747 cost 1577579.8517666864 seconds 9.209109233001072
SOLVE 1 77 valid False violation 0.0003374304090228034 cost 1577819.1739669961 seconds 9.203826570999809
SOLVE 1 78 valid False violation 0.0003987924941701212 cost 1577852.4909381906 seconds 9.26105071100028
SOLVE 1 79 valid False violation 0.0003037030079666483 cost 1577898.0252320329 seconds 9.231496870997944
SOLVE 1 80 valid False violation 0.0002912883060498158 cost 1577852.9723950205 seconds 9.212638942000922
SOLVE 1 81 valid False violation 2.382482801171244e-05 cost 1577746.920413825 seconds 9.241664410998055
SOLVE 1 82 valid False violation 8.49791935518342e-06 cost 1577435.1970703495 seconds 9.224803482997231
SOLVE 1 83 valid False violation 0.00012389785674718953 cost 1577112.4750857307 seconds 9.21078663499793
SOLVE 1 84 valid True violation 0.0 cost 1576982.6500255826 seconds 9.225158351000573
SOLVE 1 85 valid True violation 0.0 cost 1576296.0724199936 seconds 9.249744599001133
SOLVE 1 86 valid False violation 4.0871756423754846e-07 cost 1576031.6403755525 seconds 9.232695209000667
reduction {"order": 6, "method": "modal", "vmc_condition": 1.3782055460660536, "projection_condition": 20.20539014108477, "omitted_radius": 0.9935566191757785, "max_relative_frf_error": 0.0028123571312865282, "reduced_closed_radius": 0.9989507930323593, "full_closed_radius": 0.9989516950214622, "linear_pass": true}
reduction {"order": 6, "method": "modal", "vmc_condition": 1.4999430560359601, "projection_condition": 20.316571278155383, "omitted_radius": 0.9870654971676265, "max_relative_frf_error": 0.002604862399465738, "reduced_closed_radius": 0.9989220534129091, "full_closed_radius": 0.9989229385579487, "linear_pass": true}
reduction {"order": 6, "method": "modal", "vmc_condition": 1.1692020288503353, "projection_condition": 24.928412986500543, "omitted_radius": 0.986525386712174, "max_relative_frf_error": 0.0028457372278306503, "reduced_closed_radius": 0.998875960691861, "full_closed_radius": 0.9988769768204375, "linear_pass": true}
reduction {"order": 6, "method": "modal", "vmc_condition": 1.0703721088466125, "projection_condition": 26.96332831445564, "omitted_radius": 0.9865003916921553, "max_relative_frf_error": 0.0029245363631001517, "reduced_closed_radius": 0.9988613177526111, "full_closed_radius": 0.9988623451106616, "linear_pass": true}
reduction {"order": 6, "method": "modal", "vmc_condition": 1.898231218528725, "projection_condition": 29.632941238874096, "omitted_radius": 0.9900192987081642, "max_relative_frf_error": 0.003472138238343771, "reduced_closed_radius": 0.9988501522974549, "full_closed_radius": 0.998851314107305, "linear_pass": true}
DIRECTION FINISHED {'direction': 1, 'solver': {'success': False, 'message': 'Iteration limit reached', 'iterations': 40}, 'evaluations': 86, 'wall_s': 795.2922292780058, 'best_feasible': True, 'best_scaled_violation': 0.0, 'best_nominal_cost': 1576296.0724199936, 'learning': False, 'default_promoted': False, 'full_admission': False, 'source_sha256': {'wheelleg_warp/results/eighteenth_round_robust_reference_20261002/solve.py': 'e3f8abfa8c38d7faa6dd13c8114787bddc865b2ee00e12b716cf007a5288452f', 'wheelleg_warp/results/eighteenth_round_robust_reference_20261002/evaluate.py': '50efe1fbd74ff006315fcb04b38d983ee0e3f14604c98a605caa05eee1b78b2e', 'wheelleg_warp/optimize_braking_trajectory.py': 'c0cc6f395f62397b671a2e6bab3f9834295cba247d0915b24c996401b750f664'}}
