Warp 1.17.0 initialized:
   CUDA Toolkit 12.9, Driver 13.0
   Devices:
     "cpu"      : "x86_64"
     "cuda:0"   : "NVIDIA GeForce RTX 5060 Laptop GPU" (8 GiB, sm_120, mempool enabled)
   Kernel cache:
     /home/wmt/.cache/warp/1.17.0
Module mujoco_warp._src.smooth d04e5a7 load on device 'cuda:0' took 3.91 ms  (cached)
Module _nxn_broadphase__locals__kernel_faf1de6b faf1de6 load on device 'cuda:0' took 19.52 ms  (cached)
Module ccd_kernel_builder__locals__ccd_kernel_dc932c87 dc932c8 load on device 'cuda:0' took 1.46 ms  (cached)
Module ccd_kernel_builder__locals__ccd_kernel_dc932c87 0536302 load on device 'cuda:0' took 3.46 ms  (cached)
Module ccd_kernel_builder__locals__ccd_kernel_77faf322 77faf32 load on device 'cuda:0' took 3.42 ms  (cached)
Module ccd_kernel_builder__locals__ccd_kernel_77faf322 6ee6343 load on device 'cuda:0' took 1.21 ms  (cached)
Module ccd_kernel_builder__locals__ccd_kernel_9b00dbf3 9b00dbf load on device 'cuda:0' took 1.28 ms  (cached)
Module ccd_kernel_builder__locals__ccd_kernel_9b00dbf3 4b7a81d load on device 'cuda:0' took 1.25 ms  (cached)
Module _primitive_narrowphase__locals__primitive_narrowphase_29711bf2 29711bf load on device 'cuda:0' took 0.65 ms  (cached)
Module mujoco_warp._src.constraint 8d4d513 load on device 'cuda:0' took 0.29 ms  (cached)
Module _equality_connect__locals__kernel_95a1902a 95a1902 load on device 'cuda:0' took 0.58 ms  (cached)
Module _friction_dof__locals__kernel_22ded5f6 22ded5f load on device 'cuda:0' took 0.45 ms  (cached)
Module _limit_slide_hinge__locals__kernel_24a318de 24a318d load on device 'cuda:0' took 0.53 ms  (cached)
Module _efc_contact_init__locals__kernel_6bd38bb8 6bd38bb load on device 'cuda:0' took 1.53 ms  (cached)
Module _efc_contact_jac_dense__locals__kernel_b0c1fdf8 5fcbd59 load on device 'cuda:0' took 0.41 ms  (cached)
Module _efc_contact_update__locals__kernel_0221ea98 0221ea9 load on device 'cuda:0' took 0.39 ms  (cached)
Module mujoco_warp._src.sensor 830d16a load on device 'cuda:0' took 2.11 ms  (cached)
Module mujoco_warp._src.forward 4b55789 load on device 'cuda:0' took 0.99 ms  (cached)
Module mujoco_warp._src.passive 80f3681 load on device 'cuda:0' took 1.30 ms  (cached)
Module mujoco_warp._src.support a59a7bc load on device 'cuda:0' took 0.41 ms  (cached)
Module mujoco_warp._src.forward a1745d1 load on device 'cuda:0' took 1.12 ms  (cached)
Module _qfrc_smooth__locals__kernel_8b823980 8b82398 load on device 'cuda:0' took 0.35 ms  (cached)
Module _tile_cholesky_factorize_solve_block__locals__kernel_b2df853c 8e521d6 load on device 'cuda:0' took 23.28 ms  (cached)
Module _solve_init_dof__locals__kernel_021c7a0e 021c7a0 load on device 'cuda:0' took 0.40 ms  (cached)
Module mujoco_warp._src.solver 357f443 load on device 'cuda:0' took 1.05 ms  (cached)
Module _solve_init_jaref_kernel__locals__kernel_2eec593e 2eec593 load on device 'cuda:0' took 0.29 ms  (cached)
Module mul_m_kernel__locals___mul_m_f3de1cc7 f3de1cc load on device 'cuda:0' took 0.58 ms  (cached)
Module _update_constraint_efc__locals__kernel_0539aa50 0539aa5 load on device 'cuda:0' took 2.03 ms  (cached)
Module _update_constraint_init_qfrc_constraint_dense__locals__kernel_bd7ca2ec bd7ca2e load on device 'cuda:0' took 0.31 ms  (cached)
Module _update_gradient_zero_grad_dot__locals__kernel_b20934d7 b20934d load on device 'cuda:0' took 0.36 ms  (cached)
Module _update_gradient_grad__locals__kernel_c876081d c876081 load on device 'cuda:0' took 0.28 ms  (cached)
Module _update_gradient_JTDAJ_dense_tiled__locals__kernel_5c94f5d4 f88e687 load on device 'cuda:0' took 0.51 ms  (cached)
Module _update_gradient_cholesky__locals__kernel_6c06c3f2 efb5dd3 load on device 'cuda:0' took 23.31 ms  (cached)
Module _linesearch_iterative_kernel__locals__kernel_7b6ae456 37b92b5 load on device 'cuda:0' took 0.57 ms  (cached)
Module _update_constraint_efc__locals__kernel_e953547e e953547 load on device 'cuda:0' took 0.42 ms  (cached)
Module _update_constraint_init_qfrc_constraint_dense__locals__kernel_d92a3413 d92a341 load on device 'cuda:0' took 0.32 ms  (cached)
Module _update_gradient_zero_grad_dot__locals__kernel_e9f8c963 e9f8c96 load on device 'cuda:0' took 0.35 ms  (cached)
Module _update_gradient_grad__locals__kernel_87959044 8795904 load on device 'cuda:0' took 0.28 ms  (cached)
Module _update_gradient_cholesky__locals__kernel_835d0b9f fc3b546 load on device 'cuda:0' took 24.18 ms  (cached)
Module _solve_done__locals__kernel_0c4a4b4d 0c4a4b4 load on device 'cuda:0' took 0.51 ms  (cached)
Module mujoco_warp._src.derivative 8222a58 load on device 'cuda:0' took 0.79 ms  (cached)
Module _next_time_builder__locals___next_time_f604e0b3 f604e0b load on device 'cuda:0' took 0.43 ms  (cached)
Module _nxn_broadphase__locals__kernel_04e59282 04e5928 load on device 'cuda:0' took 0.54 ms  (cached)
PASS {"device": "cuda:0", "expected_meaninertia": [1.3941250294677803, 1.5837901544677802], "actual_meaninertia": [1.394124984741211, 1.5837901830673218], "rejected_options": ["iterations", "tolerance", "jacobian"], "one_step_single_world_errors": [{"qpos": 0.0, "qvel": 0.0}, {"qpos": 0.0, "qvel": 0.0}]}
