0.4 0.6 validation_3 False [0.7720964736878051, 1.1502026497915352, 6.1536134740631]
0.4 0.6 validation_4 False [0.9634217042893347, 0.8639692348653282, 5.071133590685071]
0.4 0.6 validation_8 False [0.8162892473863078, 0.238028561610931, 5.7329074646959555]
0.4 0.6 validation_9 False [0.44064166336135263, 0.3417046189669467, 16.075160288763048]
1.2 0.6 validation_3 False [0.7638808675224581, 1.159587541634477, 5.460166907062397]
1.2 0.6 validation_4 True [0.9572452207146228, 0.8525782353471997, 4.734264055643987]
1.2 0.6 validation_8 True [0.9168944942886541, 0.23815344295633592, 4.775438293200665]
1.2 0.6 validation_9 False [0.4569354901301553, 0.3357327161298071, 17.221986952602986]
0.4 1.2 validation_3 False [0.7790960562590155, 1.1518924458531623, 5.734297267056614]
0.4 1.2 validation_4 True [0.9690238303528548, 0.843913227185543, 4.015116483209942]
0.4 1.2 validation_8 True [0.9010997582703785, 0.23997470781882443, 4.059964936514672]
1.2 1.2 validation_3 False [0.7671539844736076, 1.1625386644802234, 5.220497731254368]
0.4 1.2 validation_9 True [0.6922936179836437, 0.25482835779230717, 4.187607739860123]
1.2 1.2 validation_4 True [0.9657043416954346, 0.8635348015272828, 4.210381819775164]
1.2 1.2 validation_8 True [0.9189744964206376, 0.23879221376216442, 3.383299124093068]
2.0 1.2 validation_3 False [0.7632659500523777, 1.1653479975661796, 5.779577952329165]
1.2 1.2 validation_9 True [0.6781716327659171, 0.2491435742858457, 4.467626905399832]
2.0 1.2 validation_4 True [0.9621729952354415, 0.8504301591729397, 4.288661147261477]
2.0 2.0 validation_3 False [0.7741495658676742, 1.1564593259941227, 5.3314282517459795]
2.0 1.2 validation_8 True [0.914801941205324, 0.24063389712920263, 4.098917080725821]
2.0 1.2 validation_9 True [0.6703069126061596, 0.2537629397470459, 4.832995999531308]
2.0 2.0 validation_4 True [0.9636805229538539, 0.8635476427618509, 4.042429148622814]
2.0 2.0 validation_8 True [0.9172225632979104, 0.2439927039425517, 3.226756379363125]
2.0 2.0 validation_9 True [0.6651769816694504, 0.2495705566387674, 2.3327158473317198]
