Running scope as unit: wheelleg-native-check.scope
Warp 1.17.0 initialized:
   CUDA Toolkit 12.9, Driver 13.0
   Devices:
     "cpu"      : "x86_64"
     "cuda:0"   : "NVIDIA GeForce RTX 5060 Laptop GPU" (8 GiB, sm_120, mempool enabled)
   Kernel cache:
     /home/wmt/.cache/warp/1.17.0
reduction {"order": 6, "method": "modal", "vmc_condition": 1.4999430560359601, "projection_condition": 20.927270009449636, "omitted_radius": 0.9870748210524375, "max_relative_frf_error": 0.0025988345424261435, "reduced_closed_radius": 0.9989220057139586, "full_closed_radius": 0.9989229199995769, "linear_pass": true}
reduction {"order": 6, "method": "modal", "vmc_condition": 1.1692020288503353, "projection_condition": 24.77954529917417, "omitted_radius": 0.9865248329640839, "max_relative_frf_error": 0.0028353847996350056, "reduced_closed_radius": 0.998875822776472, "full_closed_radius": 0.9988768546432709, "linear_pass": true}
reduction {"order": 6, "method": "modal", "vmc_condition": 1.0703721088466125, "projection_condition": 26.86518990156714, "omitted_radius": 0.9865208575083134, "max_relative_frf_error": 0.0029161310892778748, "reduced_closed_radius": 0.9988611909147412, "full_closed_radius": 0.9988622275746445, "linear_pass": true}
reduction {"order": 6, "method": "modal", "vmc_condition": 1.898231218528725, "projection_condition": 30.430514512924493, "omitted_radius": 0.9900095341205083, "max_relative_frf_error": 0.003464656240716812, "reduced_closed_radius": 0.9988503518062063, "full_closed_radius": 0.9988515290564789, "linear_pass": true}
Module native.environment 92ec92d load on device 'cuda:0' took 4546.38 ms  (compiled)
Module mujoco_warp._src.smooth d04e5a7 load on device 'cuda:0' took 3.36 ms  (cached)
Module _nxn_broadphase__locals__kernel_cb010c00 cb010c0 load on device 'cuda:0' took 0.41 ms  (cached)
Module ccd_kernel_builder__locals__ccd_kernel_dc932c87 dc932c8 load on device 'cuda:0' took 1.50 ms  (cached)
Module ccd_kernel_builder__locals__ccd_kernel_dc932c87 0536302 load on device 'cuda:0' took 1.35 ms  (cached)
Module ccd_kernel_builder__locals__ccd_kernel_77faf322 77faf32 load on device 'cuda:0' took 2.62 ms  (cached)
Module ccd_kernel_builder__locals__ccd_kernel_77faf322 6ee6343 load on device 'cuda:0' took 1.28 ms  (cached)
Module ccd_kernel_builder__locals__ccd_kernel_9b00dbf3 9b00dbf load on device 'cuda:0' took 1.21 ms  (cached)
Module ccd_kernel_builder__locals__ccd_kernel_9b00dbf3 4b7a81d load on device 'cuda:0' took 1.17 ms  (cached)
Module _primitive_narrowphase__locals__primitive_narrowphase_29711bf2 29711bf load on device 'cuda:0' took 1.89 ms  (cached)
Module mujoco_warp._src.constraint 8d4d513 load on device 'cuda:0' took 0.35 ms  (cached)
Module _equality_connect__locals__kernel_95a1902a 95a1902 load on device 'cuda:0' took 0.61 ms  (cached)
Module _friction_dof__locals__kernel_22ded5f6 22ded5f load on device 'cuda:0' took 0.48 ms  (cached)
Module _limit_slide_hinge__locals__kernel_24a318de 24a318d load on device 'cuda:0' took 0.56 ms  (cached)
Module _efc_contact_init__locals__kernel_6bd38bb8 6bd38bb load on device 'cuda:0' took 0.51 ms  (cached)
Module _efc_contact_jac_dense__locals__kernel_b0c1fdf8 5fcbd59 load on device 'cuda:0' took 0.97 ms  (cached)
Module _efc_contact_update__locals__kernel_0221ea98 0221ea9 load on device 'cuda:0' took 0.49 ms  (cached)
Module mujoco_warp._src.sensor 830d16a load on device 'cuda:0' took 2.79 ms  (cached)
Module mujoco_warp._src.forward 4b55789 load on device 'cuda:0' took 1.07 ms  (cached)
Module mujoco_warp._src.passive 80f3681 load on device 'cuda:0' took 1.15 ms  (cached)
Module mujoco_warp._src.support a59a7bc load on device 'cuda:0' took 0.39 ms  (cached)
Module mujoco_warp._src.forward a1745d1 load on device 'cuda:0' took 4.05 ms  (cached)
Module _qfrc_smooth__locals__kernel_8b823980 8b82398 load on device 'cuda:0' took 0.38 ms  (cached)
Module _tile_cholesky_factorize_solve_block__locals__kernel_b2df853c 8e521d6 load on device 'cuda:0' took 19.52 ms  (cached)
Module _solve_init_dof__locals__kernel_021c7a0e 021c7a0 load on device 'cuda:0' took 0.45 ms  (cached)
Module mujoco_warp._src.solver 357f443 load on device 'cuda:0' took 0.95 ms  (cached)
Module _solve_init_jaref_kernel__locals__kernel_2eec593e 2eec593 load on device 'cuda:0' took 0.44 ms  (cached)
Module mul_m_kernel__locals___mul_m_f3de1cc7 f3de1cc load on device 'cuda:0' took 0.43 ms  (cached)
Module _update_constraint_efc__locals__kernel_0539aa50 0539aa5 load on device 'cuda:0' took 0.51 ms  (cached)
Module _update_constraint_init_qfrc_constraint_dense__locals__kernel_bd7ca2ec bd7ca2e load on device 'cuda:0' took 0.44 ms  (cached)
Module _update_gradient_zero_grad_dot__locals__kernel_b20934d7 b20934d load on device 'cuda:0' took 0.31 ms  (cached)
Module _update_gradient_grad__locals__kernel_c876081d c876081 load on device 'cuda:0' took 3.72 ms  (cached)
Module _update_gradient_JTDAJ_dense_tiled__locals__kernel_27b5a7af 7483670 load on device 'cuda:0' took 0.54 ms  (cached)
Module _update_gradient_cholesky__locals__kernel_6c06c3f2 efb5dd3 load on device 'cuda:0' took 20.51 ms  (cached)
Module _linesearch_iterative_kernel__locals__kernel_7b6ae456 37b92b5 load on device 'cuda:0' took 0.58 ms  (cached)
Module _update_constraint_efc__locals__kernel_e953547e e953547 load on device 'cuda:0' took 0.50 ms  (cached)
Module _update_constraint_init_qfrc_constraint_dense__locals__kernel_d92a3413 d92a341 load on device 'cuda:0' took 0.43 ms  (cached)
Module _update_gradient_zero_grad_dot__locals__kernel_e9f8c963 e9f8c96 load on device 'cuda:0' took 0.34 ms  (cached)
Module _update_gradient_grad__locals__kernel_87959044 8795904 load on device 'cuda:0' took 0.36 ms  (cached)
Module _update_gradient_cholesky__locals__kernel_835d0b9f fc3b546 load on device 'cuda:0' took 21.29 ms  (cached)
Module _solve_done__locals__kernel_0c4a4b4d 0c4a4b4 load on device 'cuda:0' took 0.41 ms  (cached)
Module native.controller c0f8ea0 load on device 'cuda:0' took 6.39 ms  (cached)
Module mujoco_warp._src.derivative 8222a58 load on device 'cuda:0' took 2.48 ms  (cached)
Module _next_time_builder__locals___next_time_f604e0b3 f604e0b load on device 'cuda:0' took 0.47 ms  (cached)
Module native.environment d4f72b1 load on device 'cuda:0' took 4388.65 ms  (compiled)
{"passed": true, "episodes": [{"world": 2, "step": 312, "reason": "completed", "reward_sum": -5.980036823381972, "reported": -5.980036823381978, "error": -6.217248937900877e-15}, {"world": 7, "step": 313, "reason": "completed", "reward_sum": -6.059661539305083, "reported": -6.0596615393050675, "error": 1.509903313490213e-14}, {"world": 1, "step": 331, "reason": "completed", "reward_sum": -6.050740093789866, "reported": -6.0507400937898606, "error": 5.329070518200751e-15}, {"world": 5, "step": 352, "reason": "completed", "reward_sum": -5.525739450537753, "reported": -5.525739450537798, "error": -4.529709940470639e-14}, {"world": 0, "step": 374, "reason": "completed", "reward_sum": -5.194553232652701, "reported": -5.194553232652676, "error": 2.4868995751603507e-14}, {"world": 3, "step": 377, "reason": "completed", "reward_sum": -5.1207358114151615, "reported": -5.120735811415157, "error": 4.440892098500626e-15}, {"world": 6, "step": 400, "reason": "completed", "reward_sum": -4.93602725227283, "reported": -4.93602725227279, "error": 3.9968028886505635e-14}, {"world": 4, "step": 410, "reason": "completed", "reward_sum": -5.002621551870576, "reported": -5.002621551870594, "error": -1.7763568394002505e-14}]}
