Warp 1.17.0 initialized:
   CUDA Toolkit 12.9, Driver 13.0
   Devices:
     "cpu"      : "x86_64"
     "cuda:0"   : "NVIDIA GeForce RTX 5060 Laptop GPU" (8 GiB, sm_120, mempool enabled)
   Kernel cache:
     /home/wmt/.cache/warp/1.17.0
reduction {"order": 6, "method": "modal", "vmc_condition": 1.4999430560359601, "projection_condition": 20.927270009449636, "omitted_radius": 0.9870748210524375, "max_relative_frf_error": 0.0025988345424261435, "reduced_closed_radius": 0.9989220057139586, "full_closed_radius": 0.9989229199995769, "linear_pass": true}
reduction {"order": 6, "method": "modal", "vmc_condition": 1.1692020288503353, "projection_condition": 24.77954529917417, "omitted_radius": 0.9865248329640839, "max_relative_frf_error": 0.0028353847996350056, "reduced_closed_radius": 0.998875822776472, "full_closed_radius": 0.9988768546432709, "linear_pass": true}
reduction {"order": 6, "method": "modal", "vmc_condition": 1.0703721088466125, "projection_condition": 26.86518990156714, "omitted_radius": 0.9865208575083134, "max_relative_frf_error": 0.0029161310892778748, "reduced_closed_radius": 0.9988611909147412, "full_closed_radius": 0.9988622275746445, "linear_pass": true}
reduction {"order": 6, "method": "modal", "vmc_condition": 1.898231218528725, "projection_condition": 30.430514512924493, "omitted_radius": 0.9900095341205083, "max_relative_frf_error": 0.003464656240716812, "reduced_closed_radius": 0.9988503518062063, "full_closed_radius": 0.9988515290564789, "linear_pass": true}
Module native.environment 4887fb3 load on device 'cuda:0' took 2.97 ms  (cached)
Module mujoco_warp._src.smooth d04e5a7 load on device 'cuda:0' took 4.34 ms  (cached)
Module _nxn_broadphase__locals__kernel_edb1484f edb1484 load on device 'cuda:0' took 0.54 ms  (cached)
Module ccd_kernel_builder__locals__ccd_kernel_dc932c87 dc932c8 load on device 'cuda:0' took 1.48 ms  (cached)
Module ccd_kernel_builder__locals__ccd_kernel_dc932c87 0536302 load on device 'cuda:0' took 1.46 ms  (cached)
Module ccd_kernel_builder__locals__ccd_kernel_77faf322 77faf32 load on device 'cuda:0' took 1.25 ms  (cached)
Module ccd_kernel_builder__locals__ccd_kernel_77faf322 6ee6343 load on device 'cuda:0' took 1.13 ms  (cached)
Module ccd_kernel_builder__locals__ccd_kernel_9b00dbf3 9b00dbf load on device 'cuda:0' took 3.06 ms  (cached)
Module ccd_kernel_builder__locals__ccd_kernel_9b00dbf3 4b7a81d load on device 'cuda:0' took 1.15 ms  (cached)
Module _primitive_narrowphase__locals__primitive_narrowphase_29711bf2 29711bf load on device 'cuda:0' took 0.67 ms  (cached)
Module mujoco_warp._src.constraint 8d4d513 load on device 'cuda:0' took 0.26 ms  (cached)
Module _equality_connect__locals__kernel_95a1902a 95a1902 load on device 'cuda:0' took 0.58 ms  (cached)
Module _friction_dof__locals__kernel_22ded5f6 22ded5f load on device 'cuda:0' took 4.26 ms  (cached)
Module _limit_slide_hinge__locals__kernel_24a318de 24a318d load on device 'cuda:0' took 0.55 ms  (cached)
Module _efc_contact_init__locals__kernel_6bd38bb8 6bd38bb load on device 'cuda:0' took 0.52 ms  (cached)
Module _efc_contact_jac_dense__locals__kernel_b0c1fdf8 5fcbd59 load on device 'cuda:0' took 3.66 ms  (cached)
Module _efc_contact_update__locals__kernel_0221ea98 0221ea9 load on device 'cuda:0' took 0.52 ms  (cached)
Module mujoco_warp._src.sensor 830d16a load on device 'cuda:0' took 3.47 ms  (cached)
Module mujoco_warp._src.forward 4b55789 load on device 'cuda:0' took 0.88 ms  (cached)
Module mujoco_warp._src.passive 80f3681 load on device 'cuda:0' took 1.11 ms  (cached)
Module mujoco_warp._src.support a59a7bc load on device 'cuda:0' took 0.41 ms  (cached)
Module mujoco_warp._src.forward a1745d1 load on device 'cuda:0' took 0.86 ms  (cached)
Module _qfrc_smooth__locals__kernel_8b823980 8b82398 load on device 'cuda:0' took 0.34 ms  (cached)
Module _tile_cholesky_factorize_solve_block__locals__kernel_b2df853c 8e521d6 load on device 'cuda:0' took 20.46 ms  (cached)
Module _solve_init_dof__locals__kernel_021c7a0e 021c7a0 load on device 'cuda:0' took 0.48 ms  (cached)
Module mujoco_warp._src.solver 357f443 load on device 'cuda:0' took 1.00 ms  (cached)
Module _solve_init_jaref_kernel__locals__kernel_2eec593e 2eec593 load on device 'cuda:0' took 0.36 ms  (cached)
Module mul_m_kernel__locals___mul_m_f3de1cc7 f3de1cc load on device 'cuda:0' took 0.40 ms  (cached)
Module _update_constraint_efc__locals__kernel_0539aa50 0539aa5 load on device 'cuda:0' took 0.35 ms  (cached)
Module _update_constraint_init_qfrc_constraint_dense__locals__kernel_bd7ca2ec bd7ca2e load on device 'cuda:0' took 0.35 ms  (cached)
Module _update_gradient_zero_grad_dot__locals__kernel_b20934d7 b20934d load on device 'cuda:0' took 0.35 ms  (cached)
Module _update_gradient_grad__locals__kernel_c876081d c876081 load on device 'cuda:0' took 0.29 ms  (cached)
Module _update_gradient_JTDAJ_dense_tiled__locals__kernel_27b5a7af 7483670 load on device 'cuda:0' took 0.53 ms  (cached)
Module _update_gradient_cholesky__locals__kernel_6c06c3f2 efb5dd3 load on device 'cuda:0' took 19.96 ms  (cached)
Module _linesearch_iterative_kernel__locals__kernel_7b6ae456 37b92b5 load on device 'cuda:0' took 0.68 ms  (cached)
Module _update_constraint_efc__locals__kernel_e953547e e953547 load on device 'cuda:0' took 0.48 ms  (cached)
Module _update_constraint_init_qfrc_constraint_dense__locals__kernel_d92a3413 d92a341 load on device 'cuda:0' took 0.28 ms  (cached)
Module _update_gradient_zero_grad_dot__locals__kernel_e9f8c963 e9f8c96 load on device 'cuda:0' took 0.28 ms  (cached)
Module _update_gradient_grad__locals__kernel_87959044 8795904 load on device 'cuda:0' took 0.30 ms  (cached)
Module _update_gradient_cholesky__locals__kernel_835d0b9f fc3b546 load on device 'cuda:0' took 20.75 ms  (cached)
Module _solve_done__locals__kernel_0c4a4b4d 0c4a4b4 load on device 'cuda:0' took 0.42 ms  (cached)
Module native.controller c0f8ea0 load on device 'cuda:0' took 4.14 ms  (cached)
Module mujoco_warp._src.derivative 8222a58 load on device 'cuda:0' took 0.85 ms  (cached)
Module _next_time_builder__locals___next_time_f604e0b3 f604e0b load on device 'cuda:0' took 0.39 ms  (cached)
Module native.environment c177e75 load on device 'cuda:0' took 6.59 ms  (cached)
{"backend": "native", "environments": 32, "device": "cpu", "setup_seconds": 3.9570694579997507, "warmup": {"sample_seconds": 4.804349142003048, "update_seconds": 0.40092543799983105, "seconds": 5.205274580002879}, "rounds": [{"sample_seconds": 4.773044628000207, "update_seconds": 0.40426390399807133, "seconds": 5.177308531998278}, {"sample_seconds": 5.059320812997612, "update_seconds": 0.4164874839989352, "seconds": 5.475808296996547}], "policy_steps_per_round": 8000, "median_policy_sps": 1501.907869484022, "median_sampling_sps": 1627.2788166807875, "total_seconds": 19.824358599002153, "total_policy_steps": 24000, "gpu_mean": [65.3, 288.0, 24.4745, 63.9], "gpu_peak": [93.0, 309.0, 29.66, 65.0], "gpu_sample_columns": ["util_percent", "memory_MiB", "power_W", "temperature_C"], "ppo": {"n_steps": 250, "batch_size": 250, "n_epochs": 10, "learning_rate": 0.0003, "gamma": 0.99, "gae_lambda": 0.95, "clip_range": 0.2, "clip_range_vf": null, "normalize_advantage": true, "ent_coef": 0, "vf_coef": 0.5, "max_grad_norm": 0.5, "use_sde": false, "target_kl": null, "policy_kwargs": {"net_arch": [64, 64], "log_std_init": 0}}, "losses": {"train/learning_rate": 0.0003, "train/entropy_loss": -4.239334312081337, "train/policy_gradient_loss": -0.005235286388044914, "train/value_loss": 1.5639908826909958, "train/approx_kl": 0.00631315354257822, "train/clip_fraction": 0.04802500026853522, "train/loss": 0.6280350089073181, "train/explained_variance": 0.2326183319091797, "train/std": 0.9937436580657959, "train/n_updates": 30.0, "train/clip_range": 0.2}, "source_sha256": {"wheelleg_warp/benchmark_parallel.py": "82704e929e22d5456929474145815953f86fa377e66db2de4b5adc2e92bc93fb", "wheelleg_warp/fast_physics.py": "abaa4dbb270003a88ab3ee3102787dbc2938fd1e4208775c2ff160acdb1906e8", "wheelleg_ppo/tools/ppo_env.py": "8b282c709f4ed0e7da500fb0e78a1a380b08a5467d4155b9cbe56147bff14296", "wheelleg_warp/native/benchmark.py": "0edbecbd1ee08040ccba28c8758ba691926b5d4db3fc07b95aade19a806d0204", "wheelleg_warp/native/controller.py": "5f8d8584acff5070ad9d7cd45635a78424e0aefe12c20e0290d6134f81310a02", "wheelleg_warp/native/environment.py": "d06064f123067dbab12df69b4dcc673bcf30db5af6f0f907b5aecb055d051441", "wheelleg_warp/native/models.py": "245fee8d5df71ffc8c7c91f126043be8971d634f802422a558c403ebaeff5a84", "wheelleg_warp/native/test_native.py": "b55d8b31f0dbf725b103bb1ea15de8817c3ddc57305e53f48f7df1961ff71398", "wheelleg_warp/native/check_controller.py": "fa963c1231bb77616566c192adda060521518d5444c318dbbc8a259c3f59988f"}, "passed": true, "scope": "固定训练场景库，stage3；无录像/周期评估；包含真实PPO更新；不证明学习效果或原生GPU等价"}
