COMPLETED B1 144
COMPLETED 1609 144
COMPLETED 1610 144
COMPLETED 1611 144
Traceback (most recent call last):
  File "/home/wmt/wheel_leg_robot_work/wheelleg_warp/predict_contact_holdout.py", line 74, in <module>
    p=argparse.ArgumentParser();p.add_argument('command',choices=['freeze','run']);globals()[p.parse_args().command]()
  File "/home/wmt/wheel_leg_robot_work/wheelleg_warp/predict_contact_holdout.py", line 67, in run
    atomic_json(OUT/'completion.json',dict(states=576,cpu_corner_steps=9216,cpu_actual_geometry_steps=576,training_updates=0,records=ledger,groups=groups,
  File "/home/wmt/wheel_leg_robot_work/wheelleg_warp/dashboard/live_env.py", line 13, in atomic_json
    temporary.write_text(json.dumps(obj,ensure_ascii=False,allow_nan=False)+'\n');temporary.replace(path)
  File "/usr/lib/python3.10/json/__init__.py", line 238, in dumps
    **kw).encode(obj)
  File "/usr/lib/python3.10/json/encoder.py", line 199, in encode
    chunks = self.iterencode(o, _one_shot=True)
  File "/usr/lib/python3.10/json/encoder.py", line 257, in iterencode
    return _iterencode(o, 0)
  File "/usr/lib/python3.10/json/encoder.py", line 179, in default
    raise TypeError(f'Object of type {o.__class__.__name__} '
TypeError: Object of type int64 is not JSON serializable
