reduction {"order": 6, "method": "modal", "vmc_condition": 1.3782055460660536, "projection_condition": 20.20539014108477, "omitted_radius": 0.9935566191757785, "max_relative_frf_error": 0.0028123571312865282, "reduced_closed_radius": 0.9989507930323593, "full_closed_radius": 0.9989516950214622, "linear_pass": true}
reduction {"order": 6, "method": "modal", "vmc_condition": 1.4999430560359601, "projection_condition": 20.316571278155383, "omitted_radius": 0.9870654971676265, "max_relative_frf_error": 0.002604862399465738, "reduced_closed_radius": 0.9989220534129091, "full_closed_radius": 0.9989229385579487, "linear_pass": true}
reduction {"order": 6, "method": "modal", "vmc_condition": 1.1692020288503353, "projection_condition": 24.928412986500543, "omitted_radius": 0.986525386712174, "max_relative_frf_error": 0.0028457372278306503, "reduced_closed_radius": 0.998875960691861, "full_closed_radius": 0.9988769768204375, "linear_pass": true}
reduction {"order": 6, "method": "modal", "vmc_condition": 1.0703721088466125, "projection_condition": 26.96332831445564, "omitted_radius": 0.9865003916921553, "max_relative_frf_error": 0.0029245363631001517, "reduced_closed_radius": 0.9988613177526111, "full_closed_radius": 0.9988623451106616, "linear_pass": true}
reduction {"order": 6, "method": "modal", "vmc_condition": 1.898231218528725, "projection_condition": 29.632941238874096, "omitted_radius": 0.9900192987081642, "max_relative_frf_error": 0.003472138238343771, "reduced_closed_radius": 0.9988501522974549, "full_closed_radius": 0.998851314107305, "linear_pass": true}
Warp 1.17.0 initialized:
   CUDA Toolkit 12.9, Driver 13.0
   Devices:
     "cpu"      : "x86_64"
     "cuda:0"   : "NVIDIA GeForce RTX 5060 Laptop GPU" (8 GiB, sm_120, mempool enabled)
   Kernel cache:
     /home/wmt/.cache/warp/1.17.0
reduction {"order": 6, "method": "modal", "vmc_condition": 1.3782055460660536, "projection_condition": 22.807120144044745, "omitted_radius": 0.9935578112614408, "max_relative_frf_error": 0.002848389025117791, "reduced_closed_radius": 0.9989510591868617, "full_closed_radius": 0.998951972942502, "linear_pass": true}
reduction {"order": 6, "method": "modal", "vmc_condition": 1.4999430560359601, "projection_condition": 20.927270009449636, "omitted_radius": 0.9870748210524375, "max_relative_frf_error": 0.0025988345424261435, "reduced_closed_radius": 0.9989220057139586, "full_closed_radius": 0.9989229199995769, "linear_pass": true}
reduction {"order": 6, "method": "modal", "vmc_condition": 1.1692020288503353, "projection_condition": 24.77954529917417, "omitted_radius": 0.9865248329640839, "max_relative_frf_error": 0.0028353847996350056, "reduced_closed_radius": 0.998875822776472, "full_closed_radius": 0.9988768546432709, "linear_pass": true}
reduction {"order": 6, "method": "modal", "vmc_condition": 1.0703721088466125, "projection_condition": 26.86518990156714, "omitted_radius": 0.9865208575083134, "max_relative_frf_error": 0.0029161310892778748, "reduced_closed_radius": 0.9988611909147412, "full_closed_radius": 0.9988622275746445, "linear_pass": true}
reduction {"order": 6, "method": "modal", "vmc_condition": 1.898231218528725, "projection_condition": 30.430514512924493, "omitted_radius": 0.9900095341205083, "max_relative_frf_error": 0.003464656240716812, "reduced_closed_radius": 0.9988503518062063, "full_closed_radius": 0.9988515290564789, "linear_pass": true}
Module native.environment 50f2948 load on device 'cuda:0' took 6.87 ms  (cached)
Module mujoco_warp._src.smooth d04e5a7 load on device 'cuda:0' took 3.66 ms  (cached)
Module _nxn_broadphase__locals__kernel_02fd9011 02fd901 load on device 'cuda:0' took 38.07 ms  (cached)
Module ccd_kernel_builder__locals__ccd_kernel_dc932c87 dc932c8 load on device 'cuda:0' took 1.41 ms  (cached)
Module ccd_kernel_builder__locals__ccd_kernel_dc932c87 0536302 load on device 'cuda:0' took 1.42 ms  (cached)
Module ccd_kernel_builder__locals__ccd_kernel_77faf322 77faf32 load on device 'cuda:0' took 1.13 ms  (cached)
Module ccd_kernel_builder__locals__ccd_kernel_77faf322 6ee6343 load on device 'cuda:0' took 1.14 ms  (cached)
Module ccd_kernel_builder__locals__ccd_kernel_9b00dbf3 9b00dbf load on device 'cuda:0' took 1.17 ms  (cached)
Module ccd_kernel_builder__locals__ccd_kernel_9b00dbf3 4b7a81d load on device 'cuda:0' took 1.11 ms  (cached)
Module _primitive_narrowphase__locals__primitive_narrowphase_29711bf2 29711bf load on device 'cuda:0' took 0.70 ms  (cached)
Module mujoco_warp._src.constraint 8d4d513 load on device 'cuda:0' took 0.27 ms  (cached)
Module _equality_connect__locals__kernel_95a1902a 95a1902 load on device 'cuda:0' took 0.59 ms  (cached)
Module _friction_dof__locals__kernel_22ded5f6 22ded5f load on device 'cuda:0' took 0.53 ms  (cached)
Module _limit_slide_hinge__locals__kernel_24a318de 24a318d load on device 'cuda:0' took 0.46 ms  (cached)
Module _efc_contact_init__locals__kernel_6bd38bb8 6bd38bb load on device 'cuda:0' took 0.49 ms  (cached)
Module _efc_contact_jac_dense__locals__kernel_b0c1fdf8 5fcbd59 load on device 'cuda:0' took 0.41 ms  (cached)
Module _efc_contact_update__locals__kernel_0221ea98 0221ea9 load on device 'cuda:0' took 0.50 ms  (cached)
Module mujoco_warp._src.sensor 830d16a load on device 'cuda:0' took 1.65 ms  (cached)
Module mujoco_warp._src.forward 4b55789 load on device 'cuda:0' took 0.90 ms  (cached)
Module mujoco_warp._src.passive 80f3681 load on device 'cuda:0' took 1.06 ms  (cached)
Module mujoco_warp._src.support a59a7bc load on device 'cuda:0' took 0.29 ms  (cached)
Module mujoco_warp._src.forward a1745d1 load on device 'cuda:0' took 2.25 ms  (cached)
Module _qfrc_smooth__locals__kernel_8b823980 8b82398 load on device 'cuda:0' took 0.24 ms  (cached)
Module _tile_cholesky_factorize_solve_block__locals__kernel_b2df853c 8e521d6 load on device 'cuda:0' took 19.10 ms  (cached)
Module _solve_init_dof__locals__kernel_021c7a0e 021c7a0 load on device 'cuda:0' took 0.42 ms  (cached)
Module mujoco_warp._src.solver 357f443 load on device 'cuda:0' took 1.02 ms  (cached)
Module _solve_init_jaref_kernel__locals__kernel_2eec593e 2eec593 load on device 'cuda:0' took 0.32 ms  (cached)
Module mul_m_kernel__locals___mul_m_f3de1cc7 f3de1cc load on device 'cuda:0' took 0.37 ms  (cached)
Module _update_constraint_efc__locals__kernel_0539aa50 0539aa5 load on device 'cuda:0' took 0.45 ms  (cached)
Module _update_constraint_init_qfrc_constraint_dense__locals__kernel_bd7ca2ec bd7ca2e load on device 'cuda:0' took 0.35 ms  (cached)
Module _update_gradient_zero_grad_dot__locals__kernel_b20934d7 b20934d load on device 'cuda:0' took 0.35 ms  (cached)
Module _update_gradient_grad__locals__kernel_c876081d c876081 load on device 'cuda:0' took 0.34 ms  (cached)
Module _update_gradient_JTDAJ_dense_tiled__locals__kernel_5c94f5d4 f88e687 load on device 'cuda:0' took 0.46 ms  (cached)
Module _update_gradient_cholesky__locals__kernel_6c06c3f2 efb5dd3 load on device 'cuda:0' took 19.68 ms  (cached)
Module _linesearch_iterative_kernel__locals__kernel_7b6ae456 37b92b5 load on device 'cuda:0' took 0.67 ms  (cached)
Module _update_constraint_efc__locals__kernel_e953547e e953547 load on device 'cuda:0' took 0.49 ms  (cached)
Module _update_constraint_init_qfrc_constraint_dense__locals__kernel_d92a3413 d92a341 load on device 'cuda:0' took 0.39 ms  (cached)
Module _update_gradient_zero_grad_dot__locals__kernel_e9f8c963 e9f8c96 load on device 'cuda:0' took 0.27 ms  (cached)
Module _update_gradient_grad__locals__kernel_87959044 8795904 load on device 'cuda:0' took 0.25 ms  (cached)
Module _update_gradient_cholesky__locals__kernel_835d0b9f fc3b546 load on device 'cuda:0' took 20.84 ms  (cached)
Module _solve_done__locals__kernel_0c4a4b4d 0c4a4b4 load on device 'cuda:0' took 0.50 ms  (cached)
Module native.shared_reference ad9d38f load on device 'cuda:0' took 2.32 ms  (cached)
Module native.controller 7b55bc9 load on device 'cuda:0' took 28.70 ms  (cached)
Module mujoco_warp._src.derivative 8222a58 load on device 'cuda:0' took 1.03 ms  (cached)
Module _next_time_builder__locals___next_time_f604e0b3 f604e0b load on device 'cuda:0' took 0.44 ms  (cached)
Module native.environment 7a50645 load on device 'cuda:0' took 4.58 ms  (cached)
CLASSICAL B0 regular {'summary': {'total': 96, 'success_count': 93, 'complete': True, 'mean_yaw_score_deg': 0.4540470591612773}, 'physical': 96, 'design': 96}
reduction {"order": 6, "method": "modal", "vmc_condition": 1.3782055460660536, "projection_condition": 20.20539014108477, "omitted_radius": 0.9935566191757785, "max_relative_frf_error": 0.0028123571312865282, "reduced_closed_radius": 0.9989507930323593, "full_closed_radius": 0.9989516950214622, "linear_pass": true}
reduction {"order": 6, "method": "modal", "vmc_condition": 1.4999430560359601, "projection_condition": 20.316571278155383, "omitted_radius": 0.9870654971676265, "max_relative_frf_error": 0.002604862399465738, "reduced_closed_radius": 0.9989220534129091, "full_closed_radius": 0.9989229385579487, "linear_pass": true}
reduction {"order": 6, "method": "modal", "vmc_condition": 1.1692020288503353, "projection_condition": 24.928412986500543, "omitted_radius": 0.986525386712174, "max_relative_frf_error": 0.0028457372278306503, "reduced_closed_radius": 0.998875960691861, "full_closed_radius": 0.9988769768204375, "linear_pass": true}
reduction {"order": 6, "method": "modal", "vmc_condition": 1.0703721088466125, "projection_condition": 26.96332831445564, "omitted_radius": 0.9865003916921553, "max_relative_frf_error": 0.0029245363631001517, "reduced_closed_radius": 0.9988613177526111, "full_closed_radius": 0.9988623451106616, "linear_pass": true}
reduction {"order": 6, "method": "modal", "vmc_condition": 1.898231218528725, "projection_condition": 29.632941238874096, "omitted_radius": 0.9900192987081642, "max_relative_frf_error": 0.003472138238343771, "reduced_closed_radius": 0.9988501522974549, "full_closed_radius": 0.998851314107305, "linear_pass": true}
Module _nxn_broadphase__locals__kernel_3c5b1076 3c5b107 load on device 'cuda:0' took 0.41 ms  (cached)
CLASSICAL B0 controlled {'summary': {'total': 40, 'success_count': 28, 'complete': True, 'mean_yaw_score_deg': 1.1838800545149994}, 'physical': 40, 'design': 40}
reduction {"order": 6, "method": "modal", "vmc_condition": 1.3782055460660536, "projection_condition": 20.20539014108477, "omitted_radius": 0.9935566191757785, "max_relative_frf_error": 0.0028123571312865282, "reduced_closed_radius": 0.9989507930323593, "full_closed_radius": 0.9989516950214622, "linear_pass": true}
reduction {"order": 6, "method": "modal", "vmc_condition": 1.4999430560359601, "projection_condition": 20.316571278155383, "omitted_radius": 0.9870654971676265, "max_relative_frf_error": 0.002604862399465738, "reduced_closed_radius": 0.9989220534129091, "full_closed_radius": 0.9989229385579487, "linear_pass": true}
reduction {"order": 6, "method": "modal", "vmc_condition": 1.1692020288503353, "projection_condition": 24.928412986500543, "omitted_radius": 0.986525386712174, "max_relative_frf_error": 0.0028457372278306503, "reduced_closed_radius": 0.998875960691861, "full_closed_radius": 0.9988769768204375, "linear_pass": true}
reduction {"order": 6, "method": "modal", "vmc_condition": 1.0703721088466125, "projection_condition": 26.96332831445564, "omitted_radius": 0.9865003916921553, "max_relative_frf_error": 0.0029245363631001517, "reduced_closed_radius": 0.9988613177526111, "full_closed_radius": 0.9988623451106616, "linear_pass": true}
reduction {"order": 6, "method": "modal", "vmc_condition": 1.898231218528725, "projection_condition": 29.632941238874096, "omitted_radius": 0.9900192987081642, "max_relative_frf_error": 0.003472138238343771, "reduced_closed_radius": 0.9988501522974549, "full_closed_radius": 0.998851314107305, "linear_pass": true}
CLASSICAL B1 regular {'summary': {'total': 96, 'success_count': 91, 'complete': True, 'mean_yaw_score_deg': 0.35128402641666084}, 'physical': 96, 'design': 96}
reduction {"order": 6, "method": "modal", "vmc_condition": 1.3782055460660536, "projection_condition": 20.20539014108477, "omitted_radius": 0.9935566191757785, "max_relative_frf_error": 0.0028123571312865282, "reduced_closed_radius": 0.9989507930323593, "full_closed_radius": 0.9989516950214622, "linear_pass": true}
reduction {"order": 6, "method": "modal", "vmc_condition": 1.4999430560359601, "projection_condition": 20.316571278155383, "omitted_radius": 0.9870654971676265, "max_relative_frf_error": 0.002604862399465738, "reduced_closed_radius": 0.9989220534129091, "full_closed_radius": 0.9989229385579487, "linear_pass": true}
reduction {"order": 6, "method": "modal", "vmc_condition": 1.1692020288503353, "projection_condition": 24.928412986500543, "omitted_radius": 0.986525386712174, "max_relative_frf_error": 0.0028457372278306503, "reduced_closed_radius": 0.998875960691861, "full_closed_radius": 0.9988769768204375, "linear_pass": true}
reduction {"order": 6, "method": "modal", "vmc_condition": 1.0703721088466125, "projection_condition": 26.96332831445564, "omitted_radius": 0.9865003916921553, "max_relative_frf_error": 0.0029245363631001517, "reduced_closed_radius": 0.9988613177526111, "full_closed_radius": 0.9988623451106616, "linear_pass": true}
reduction {"order": 6, "method": "modal", "vmc_condition": 1.898231218528725, "projection_condition": 29.632941238874096, "omitted_radius": 0.9900192987081642, "max_relative_frf_error": 0.003472138238343771, "reduced_closed_radius": 0.9988501522974549, "full_closed_radius": 0.998851314107305, "linear_pass": true}
CLASSICAL B1 controlled {'summary': {'total': 40, 'success_count': 28, 'complete': True, 'mean_yaw_score_deg': 0.9664812723584802}, 'physical': 40, 'design': 40}
reduction {"order": 6, "method": "modal", "vmc_condition": 1.3782055460660536, "projection_condition": 20.20539014108477, "omitted_radius": 0.9935566191757785, "max_relative_frf_error": 0.0028123571312865282, "reduced_closed_radius": 0.9989507930323593, "full_closed_radius": 0.9989516950214622, "linear_pass": true}
reduction {"order": 6, "method": "modal", "vmc_condition": 1.4999430560359601, "projection_condition": 20.316571278155383, "omitted_radius": 0.9870654971676265, "max_relative_frf_error": 0.002604862399465738, "reduced_closed_radius": 0.9989220534129091, "full_closed_radius": 0.9989229385579487, "linear_pass": true}
reduction {"order": 6, "method": "modal", "vmc_condition": 1.1692020288503353, "projection_condition": 24.928412986500543, "omitted_radius": 0.986525386712174, "max_relative_frf_error": 0.0028457372278306503, "reduced_closed_radius": 0.998875960691861, "full_closed_radius": 0.9988769768204375, "linear_pass": true}
reduction {"order": 6, "method": "modal", "vmc_condition": 1.0703721088466125, "projection_condition": 26.96332831445564, "omitted_radius": 0.9865003916921553, "max_relative_frf_error": 0.0029245363631001517, "reduced_closed_radius": 0.9988613177526111, "full_closed_radius": 0.9988623451106616, "linear_pass": true}
reduction {"order": 6, "method": "modal", "vmc_condition": 1.898231218528725, "projection_condition": 29.632941238874096, "omitted_radius": 0.9900192987081642, "max_relative_frf_error": 0.003472138238343771, "reduced_closed_radius": 0.9988501522974549, "full_closed_radius": 0.998851314107305, "linear_pass": true}
CLASSICAL B1-route regular {'summary': {'total': 96, 'success_count': 92, 'complete': True, 'mean_yaw_score_deg': 0.31092242225643224}, 'physical': 96, 'design': 96}
reduction {"order": 6, "method": "modal", "vmc_condition": 1.3782055460660536, "projection_condition": 20.20539014108477, "omitted_radius": 0.9935566191757785, "max_relative_frf_error": 0.0028123571312865282, "reduced_closed_radius": 0.9989507930323593, "full_closed_radius": 0.9989516950214622, "linear_pass": true}
reduction {"order": 6, "method": "modal", "vmc_condition": 1.4999430560359601, "projection_condition": 20.316571278155383, "omitted_radius": 0.9870654971676265, "max_relative_frf_error": 0.002604862399465738, "reduced_closed_radius": 0.9989220534129091, "full_closed_radius": 0.9989229385579487, "linear_pass": true}
reduction {"order": 6, "method": "modal", "vmc_condition": 1.1692020288503353, "projection_condition": 24.928412986500543, "omitted_radius": 0.986525386712174, "max_relative_frf_error": 0.0028457372278306503, "reduced_closed_radius": 0.998875960691861, "full_closed_radius": 0.9988769768204375, "linear_pass": true}
reduction {"order": 6, "method": "modal", "vmc_condition": 1.0703721088466125, "projection_condition": 26.96332831445564, "omitted_radius": 0.9865003916921553, "max_relative_frf_error": 0.0029245363631001517, "reduced_closed_radius": 0.9988613177526111, "full_closed_radius": 0.9988623451106616, "linear_pass": true}
reduction {"order": 6, "method": "modal", "vmc_condition": 1.898231218528725, "projection_condition": 29.632941238874096, "omitted_radius": 0.9900192987081642, "max_relative_frf_error": 0.003472138238343771, "reduced_closed_radius": 0.9988501522974549, "full_closed_radius": 0.998851314107305, "linear_pass": true}
CLASSICAL B1-route controlled {'summary': {'total': 40, 'success_count': 28, 'complete': True, 'mean_yaw_score_deg': 0.9222054147538996}, 'physical': 40, 'design': 40}
