PASS366 wrong latent memory/proxy rejection; accepted-Nom zero and active projection
RECEIVED366 6301003_B0_zero 14994 physical steps
RECEIVED366 6301003_CartLive3_zero 14994 physical steps
RECEIVED366 6301003_CartReset3_zero 14994 physical steps
RECEIVED366 6301003_CartLive3_sine 14996 physical steps
RECEIVED366 6301003_CartReset3_sine 14997 physical steps
RECEIVED366 6301005_B0_zero 14992 physical steps
RECEIVED366 6301005_CartLive3_zero 14992 physical steps
RECEIVED366 6301005_CartReset3_zero 14992 physical steps
RECEIVED366 6301005_CartLive3_sine 14995 physical steps
RECEIVED366 6301005_CartReset3_sine 14994 physical steps
RECEIVED366 6301033_B0_zero 14824 physical steps
RECEIVED366 6301033_CartLive3_zero 14824 physical steps
RECEIVED366 6301033_CartReset3_zero 14824 physical steps
RECEIVED366 6301033_CartLive3_sine 14819 physical steps
RECEIVED366 6301033_CartReset3_sine 14819 physical steps
RECEIVED366 6301037_B0_zero 14810 physical steps
RECEIVED366 6301037_CartLive3_zero 14810 physical steps
RECEIVED366 6301037_CartReset3_zero 14810 physical steps
RECEIVED366 6301037_CartLive3_sine 14820 physical steps
RECEIVED366 6301037_CartReset3_sine 14823 physical steps
