Warp 1.17.0 initialized:
   CUDA Toolkit 12.9, Driver 13.0
   Devices:
     "cpu"      : "x86_64"
     "cuda:0"   : "NVIDIA GeForce RTX 5060 Laptop GPU" (8 GiB, sm_120, mempool enabled)
   Kernel cache:
     /home/wmt/.cache/warp/1.17.0
reduction {"order": 6, "method": "modal", "vmc_condition": 1.4999430560359601, "projection_condition": 20.927270009449636, "omitted_radius": 0.9870748210524375, "max_relative_frf_error": 0.0025988345424261435, "reduced_closed_radius": 0.9989220057139586, "full_closed_radius": 0.9989229199995769, "linear_pass": true}
reduction {"order": 6, "method": "modal", "vmc_condition": 1.1692020288503353, "projection_condition": 24.77954529917417, "omitted_radius": 0.9865248329640839, "max_relative_frf_error": 0.0028353847996350056, "reduced_closed_radius": 0.998875822776472, "full_closed_radius": 0.9988768546432709, "linear_pass": true}
reduction {"order": 6, "method": "modal", "vmc_condition": 1.0703721088466125, "projection_condition": 26.86518990156714, "omitted_radius": 0.9865208575083134, "max_relative_frf_error": 0.0029161310892778748, "reduced_closed_radius": 0.9988611909147412, "full_closed_radius": 0.9988622275746445, "linear_pass": true}
reduction {"order": 6, "method": "modal", "vmc_condition": 1.898231218528725, "projection_condition": 30.430514512924493, "omitted_radius": 0.9900095341205083, "max_relative_frf_error": 0.003464656240716812, "reduced_closed_radius": 0.9988503518062063, "full_closed_radius": 0.9988515290564789, "linear_pass": true}
Traceback (most recent call last):
  File "/home/wmt/wheel_leg_robot_work/wheelleg_warp/test_fast_physics.py", line 50, in <module>
    if __name__=='__main__':run()
  File "/home/wmt/wheel_leg_robot_work/wheelleg_warp/test_fast_physics.py", line 20, in run
    env.reset(seed=1609)
  File "/home/wmt/wheel_leg_robot_work/wheelleg_warp/fast_physics.py", line 79, in reset
    self.physics=PackedPhysics(self.env.model,self.env.data)
  File "/home/wmt/wheel_leg_robot_work/wheelleg_warp/fast_physics.py", line 48, in __init__
    wp.launch(pack,size,[self.data,self.output,model.nq,model.nv,model.nsensordata,model.nu,model.nbody])
  File "/home/wmt/wheel_leg_robot_work/.venv/lib/python3.10/site-packages/warp/_src/context.py", line 11292, in launch
    module_exec = kernel.module.load(device, block_dim)
  File "/home/wmt/wheel_leg_robot_work/.venv/lib/python3.10/site-packages/warp/_src/context.py", line 4683, in load
    module_hash = self.get_module_hash(active_block_dim)
  File "/home/wmt/wheel_leg_robot_work/.venv/lib/python3.10/site-packages/warp/_src/codegen.py", line 1732, in locked_call
    return func(*args, **kwargs)
  File "/home/wmt/wheel_leg_robot_work/.venv/lib/python3.10/site-packages/warp/_src/context.py", line 4189, in get_module_hash
    self.hashers[block_dim] = ModuleHasher(self._get_live_kernels(), options)
  File "/home/wmt/wheel_leg_robot_work/.venv/lib/python3.10/site-packages/warp/_src/context.py", line 2859, in __init__
    kernel.hash = self.hash_kernel(kernel, default_grid_stride)
  File "/home/wmt/wheel_leg_robot_work/.venv/lib/python3.10/site-packages/warp/_src/context.py", line 2898, in hash_kernel
    self._hash_kernel_identity(ch, kernel)
  File "/home/wmt/wheel_leg_robot_work/.venv/lib/python3.10/site-packages/warp/_src/context.py", line 2919, in _hash_kernel_identity
    ch.update(self.hash_adjoint(kernel.adj))
  File "/home/wmt/wheel_leg_robot_work/.venv/lib/python3.10/site-packages/warp/_src/context.py", line 3028, in hash_adjoint
    s = f"{arg}:{warp._src.types.get_type_code(arg_type)}"
  File "/home/wmt/wheel_leg_robot_work/.venv/lib/python3.10/site-packages/warp/_src/types.py", line 8328, in get_type_code
    raise TypeError(f"Unrecognized type '{arg_type}'")
TypeError: Unrecognized type '<class 'mujoco_warp._src.types.Data'>'
