reduction {"order": 6, "vmc_condition": 1.4999430554205029, "frequencies_hz": [0.2, 0.5, 1.0, 2.0, 5.0], "relative_frf_errors": [0.0769583732969054, 0.06874310315613191, 0.20023878128302755, 0.13389618300866507, 0.14886978474950466], "omitted_radius": 0.9870763227800186, "reduced_closed_radius": 0.9989113868108487, "full_closed_radius": 0.9989705681350578, "linear_pass": false}
reduction {"order": 6, "vmc_condition": 1.1692020298128338, "frequencies_hz": [0.2, 0.5, 1.0, 2.0, 5.0], "relative_frf_errors": [0.07571433046228947, 0.062107635319373126, 0.11518196393987802, 0.15986276742124975, 0.19034658924296807], "omitted_radius": 0.9865966622827597, "reduced_closed_radius": 0.9988674541175939, "full_closed_radius": 0.9989085297949815, "linear_pass": false}
reduction {"order": 6, "vmc_condition": 1.0703721091732656, "frequencies_hz": [0.2, 0.5, 1.0, 2.0, 5.0], "relative_frf_errors": [0.07508768760101057, 0.08349961597658327, 0.12655022735699742, 0.18549514110526158, 0.2183616657593417], "omitted_radius": 0.986591652665862, "reduced_closed_radius": 0.9988549455918622, "full_closed_radius": 0.9988884770613842, "linear_pass": false}
reduction {"order": 6, "vmc_condition": 1.8982312193313793, "frequencies_hz": [0.2, 0.5, 1.0, 2.0, 5.0], "relative_frf_errors": [0.11452724930454021, 0.14324103012004527, 0.20528218558468397, 0.2806384572765043, 0.3216091179699638], "omitted_radius": 0.9900142345330282, "reduced_closed_radius": 0.9988526135546935, "full_closed_radius": 0.9988716944786835, "linear_pass": false}
jump t= 2.00 z=0.3482 pitch=-0.000 vx=0.00
jump t= 2.25 z=0.3482 pitch=-0.000 vx=-0.00
jump t= 2.50 z=0.3412 pitch=+0.000 vx=0.00
jump t= 2.75 z=0.3325 pitch=+0.000 vx=0.00
jump t= 3.00 z=0.3237 pitch=+0.000 vx=-0.00
jump t= 3.25 z=0.3150 pitch=+0.000 vx=-0.00
jump t= 3.50 z=0.3062 pitch=+0.000 vx=-0.00
jump t= 3.75 z=0.2979 pitch=+0.000 vx=0.00
jump t= 4.00 z=0.2312 pitch=+0.006 vx=0.01
jump t= 4.25 z=0.6527 pitch=-0.003 vx=0.04
jump t= 4.50 z=0.4655 pitch=-0.005 vx=0.04
jump t= 4.75 z=0.2261 pitch=-0.000 vx=-0.00
jump t= 5.00 z=0.3154 pitch=-0.000 vx=-0.00
jump t= 5.25 z=0.3458 pitch=-0.000 vx=-0.00
jump t= 5.50 z=0.3482 pitch=-0.000 vx=0.00
jump t= 5.75 z=0.3482 pitch=-0.000 vx=0.00
jump t= 6.00 z=0.3482 pitch=-0.000 vx=0.00
jump t= 6.25 z=0.3482 pitch=+0.000 vx=0.00
jump t= 6.50 z=0.3482 pitch=+0.000 vx=0.00
jump t= 6.75 z=0.3482 pitch=+0.000 vx=-0.00
jump t= 7.00 z=0.3482 pitch=+0.000 vx=-0.00
jump t= 7.25 z=0.3482 pitch=-0.000 vx=-0.00
jump t= 7.50 z=0.3482 pitch=-0.000 vx=-0.00
jump t= 7.75 z=0.3482 pitch=-0.000 vx=-0.00
jump t= 8.00 z=0.3482 pitch=-0.000 vx=0.00
jump t= 8.25 z=0.3482 pitch=-0.000 vx=0.00
jump t= 8.50 z=0.3482 pitch=-0.000 vx=0.00
jump t= 8.75 z=0.3482 pitch=-0.000 vx=0.00
jump t= 9.00 z=0.3482 pitch=-0.000 vx=-0.00
jump t= 9.25 z=0.3482 pitch=-0.000 vx=-0.00
jump t= 9.50 z=0.3482 pitch=-0.000 vx=-0.00
jump t= 9.75 z=0.3482 pitch=-0.000 vx=-0.00
jump t=10.00 z=0.3482 pitch=-0.000 vx=-0.00
jump t=10.25 z=0.3482 pitch=-0.000 vx=0.00
jump t=10.50 z=0.3482 pitch=-0.000 vx=0.00
jump t=10.75 z=0.3482 pitch=-0.000 vx=0.00
jump t=11.00 z=0.3482 pitch=-0.000 vx=0.00
jump t=11.25 z=0.3482 pitch=-0.000 vx=0.00
jump t=11.50 z=0.3482 pitch=-0.000 vx=-0.00
jump t=11.75 z=0.3482 pitch=-0.000 vx=-0.00
静止跳: 通过 (COM跳高=0.321m, 最大平台俯仰=0.38°, 最大偏航=0.00°, 落点 bx=0.02)
输出/状态有效=True 非轮碰撞=False roll峰值=0.000°
