reduction {"order": 6, "method": "modal", "vmc_condition": 1.3782055460660536, "projection_condition": 20.20539014108477, "omitted_radius": 0.9935566191757785, "max_relative_frf_error": 0.0028123571312865282, "reduced_closed_radius": 0.9989507930323593, "full_closed_radius": 0.9989516950214622, "linear_pass": true}
reduction {"order": 6, "method": "modal", "vmc_condition": 1.4999430560359601, "projection_condition": 20.316571278155383, "omitted_radius": 0.9870654971676265, "max_relative_frf_error": 0.002604862399465738, "reduced_closed_radius": 0.9989220534129091, "full_closed_radius": 0.9989229385579487, "linear_pass": true}
reduction {"order": 6, "method": "modal", "vmc_condition": 1.1692020288503353, "projection_condition": 24.928412986500543, "omitted_radius": 0.986525386712174, "max_relative_frf_error": 0.0028457372278306503, "reduced_closed_radius": 0.998875960691861, "full_closed_radius": 0.9988769768204375, "linear_pass": true}
reduction {"order": 6, "method": "modal", "vmc_condition": 1.0703721088466125, "projection_condition": 26.96332831445564, "omitted_radius": 0.9865003916921553, "max_relative_frf_error": 0.0029245363631001517, "reduced_closed_radius": 0.9988613177526111, "full_closed_radius": 0.9988623451106616, "linear_pass": true}
reduction {"order": 6, "method": "modal", "vmc_condition": 1.898231218528725, "projection_condition": 29.632941238874096, "omitted_radius": 0.9900192987081642, "max_relative_frf_error": 0.003472138238343771, "reduced_closed_radius": 0.9988501522974549, "full_closed_radius": 0.998851314107305, "linear_pass": true}
Warp 1.17.0 initialized:
   CUDA Toolkit 12.9, Driver 13.0
   Devices:
     "cpu"      : "x86_64"
     "cuda:0"   : "NVIDIA GeForce RTX 5060 Laptop GPU" (8 GiB, sm_120, mempool enabled)
   Kernel cache:
     /home/wmt/.cache/warp/1.17.0
reduction {"order": 6, "method": "modal", "vmc_condition": 1.3782055460660536, "projection_condition": 22.807120144044745, "omitted_radius": 0.9935578112614408, "max_relative_frf_error": 0.002848389025117791, "reduced_closed_radius": 0.9989510591868617, "full_closed_radius": 0.998951972942502, "linear_pass": true}
reduction {"order": 6, "method": "modal", "vmc_condition": 1.4999430560359601, "projection_condition": 20.927270009449636, "omitted_radius": 0.9870748210524375, "max_relative_frf_error": 0.0025988345424261435, "reduced_closed_radius": 0.9989220057139586, "full_closed_radius": 0.9989229199995769, "linear_pass": true}
reduction {"order": 6, "method": "modal", "vmc_condition": 1.1692020288503353, "projection_condition": 24.77954529917417, "omitted_radius": 0.9865248329640839, "max_relative_frf_error": 0.0028353847996350056, "reduced_closed_radius": 0.998875822776472, "full_closed_radius": 0.9988768546432709, "linear_pass": true}
reduction {"order": 6, "method": "modal", "vmc_condition": 1.0703721088466125, "projection_condition": 26.86518990156714, "omitted_radius": 0.9865208575083134, "max_relative_frf_error": 0.0029161310892778748, "reduced_closed_radius": 0.9988611909147412, "full_closed_radius": 0.9988622275746445, "linear_pass": true}
reduction {"order": 6, "method": "modal", "vmc_condition": 1.898231218528725, "projection_condition": 30.430514512924493, "omitted_radius": 0.9900095341205083, "max_relative_frf_error": 0.003464656240716812, "reduced_closed_radius": 0.9988503518062063, "full_closed_radius": 0.9988515290564789, "linear_pass": true}
Module native.environment 50f2948 load on device 'cuda:0' took 5.31 ms  (cached)
Module mujoco_warp._src.smooth d04e5a7 load on device 'cuda:0' took 3.42 ms  (cached)
Module _nxn_broadphase__locals__kernel_e53c1aaf e53c1aa load on device 'cuda:0' took 1.38 ms  (cached)
Module ccd_kernel_builder__locals__ccd_kernel_dc932c87 dc932c8 load on device 'cuda:0' took 3.87 ms  (cached)
Module ccd_kernel_builder__locals__ccd_kernel_dc932c87 0536302 load on device 'cuda:0' took 1.33 ms  (cached)
Module ccd_kernel_builder__locals__ccd_kernel_77faf322 77faf32 load on device 'cuda:0' took 1.09 ms  (cached)
Module ccd_kernel_builder__locals__ccd_kernel_77faf322 6ee6343 load on device 'cuda:0' took 1.13 ms  (cached)
Module ccd_kernel_builder__locals__ccd_kernel_9b00dbf3 9b00dbf load on device 'cuda:0' took 1.21 ms  (cached)
Module ccd_kernel_builder__locals__ccd_kernel_9b00dbf3 4b7a81d load on device 'cuda:0' took 1.16 ms  (cached)
Module _primitive_narrowphase__locals__primitive_narrowphase_29711bf2 29711bf load on device 'cuda:0' took 0.61 ms  (cached)
Module mujoco_warp._src.constraint 8d4d513 load on device 'cuda:0' took 0.26 ms  (cached)
Module _equality_connect__locals__kernel_95a1902a 95a1902 load on device 'cuda:0' took 0.54 ms  (cached)
Module _friction_dof__locals__kernel_22ded5f6 22ded5f load on device 'cuda:0' took 4.26 ms  (cached)
Module _limit_slide_hinge__locals__kernel_24a318de 24a318d load on device 'cuda:0' took 0.56 ms  (cached)
Module _efc_contact_init__locals__kernel_6bd38bb8 6bd38bb load on device 'cuda:0' took 0.47 ms  (cached)
Module _efc_contact_jac_dense__locals__kernel_b0c1fdf8 5fcbd59 load on device 'cuda:0' took 0.40 ms  (cached)
Module _efc_contact_update__locals__kernel_0221ea98 0221ea9 load on device 'cuda:0' took 0.47 ms  (cached)
Module mujoco_warp._src.sensor 830d16a load on device 'cuda:0' took 1.59 ms  (cached)
Module mujoco_warp._src.forward 4b55789 load on device 'cuda:0' took 2.48 ms  (cached)
Module mujoco_warp._src.passive 80f3681 load on device 'cuda:0' took 1.00 ms  (cached)
Module mujoco_warp._src.support a59a7bc load on device 'cuda:0' took 0.40 ms  (cached)
Module mujoco_warp._src.forward a1745d1 load on device 'cuda:0' took 0.95 ms  (cached)
Module _qfrc_smooth__locals__kernel_8b823980 8b82398 load on device 'cuda:0' took 0.35 ms  (cached)
Module _tile_cholesky_factorize_solve_block__locals__kernel_b2df853c 8e521d6 load on device 'cuda:0' took 19.42 ms  (cached)
Module _solve_init_dof__locals__kernel_021c7a0e 021c7a0 load on device 'cuda:0' took 0.50 ms  (cached)
Module mujoco_warp._src.solver 357f443 load on device 'cuda:0' took 2.62 ms  (cached)
Module _solve_init_jaref_kernel__locals__kernel_2eec593e 2eec593 load on device 'cuda:0' took 0.43 ms  (cached)
Module mul_m_kernel__locals___mul_m_f3de1cc7 f3de1cc load on device 'cuda:0' took 0.47 ms  (cached)
Module _update_constraint_efc__locals__kernel_0539aa50 0539aa5 load on device 'cuda:0' took 0.45 ms  (cached)
Module _update_constraint_init_qfrc_constraint_dense__locals__kernel_bd7ca2ec bd7ca2e load on device 'cuda:0' took 0.27 ms  (cached)
Module _update_gradient_zero_grad_dot__locals__kernel_b20934d7 b20934d load on device 'cuda:0' took 0.36 ms  (cached)
Module _update_gradient_grad__locals__kernel_c876081d c876081 load on device 'cuda:0' took 0.33 ms  (cached)
Module _update_gradient_JTDAJ_dense_tiled__locals__kernel_5c94f5d4 f88e687 load on device 'cuda:0' took 0.49 ms  (cached)
Module _update_gradient_cholesky__locals__kernel_6c06c3f2 efb5dd3 load on device 'cuda:0' took 22.20 ms  (cached)
Module _linesearch_iterative_kernel__locals__kernel_7b6ae456 37b92b5 load on device 'cuda:0' took 0.67 ms  (cached)
Module _update_constraint_efc__locals__kernel_e953547e e953547 load on device 'cuda:0' took 0.48 ms  (cached)
Module _update_constraint_init_qfrc_constraint_dense__locals__kernel_d92a3413 d92a341 load on device 'cuda:0' took 0.40 ms  (cached)
Module _update_gradient_zero_grad_dot__locals__kernel_e9f8c963 e9f8c96 load on device 'cuda:0' took 0.34 ms  (cached)
Module _update_gradient_grad__locals__kernel_87959044 8795904 load on device 'cuda:0' took 0.41 ms  (cached)
Module _update_gradient_cholesky__locals__kernel_835d0b9f fc3b546 load on device 'cuda:0' took 23.39 ms  (cached)
Module _solve_done__locals__kernel_0c4a4b4d 0c4a4b4 load on device 'cuda:0' took 0.47 ms  (cached)
Module native.shared_reference ad9d38f load on device 'cuda:0' took 2.29 ms  (cached)
Module native.controller f4ac7ce load on device 'cuda:0' took 25.06 ms  (cached)
Module mujoco_warp._src.derivative 8222a58 load on device 'cuda:0' took 0.83 ms  (cached)
Module _next_time_builder__locals___next_time_f604e0b3 f604e0b load on device 'cuda:0' took 0.36 ms  (cached)
Module native.environment 7a50645 load on device 'cuda:0' took 4.60 ms  (cached)
COLLECT 888 same-state snapshots; failures 3
CALIBRATE diff3 {'std': [0.49600424359755896, 0.48324852370252375, 0.2507453683725474], 'log_std': [-0.701170796653569, -0.7272242158336476, -1.3833173234072058], 'nfev': 11, 'all_objective_calls': 35, 'optimizer_success': True, 'optimizer_message': '`xtol` termination condition is satisfied.', 'pilot_rms': [0.002197836998339067, 0.0021780380383564996, 0.002198738254806485, 0.00217901679714017, 0.01505924548408619, 0.0146141760646589], 'calibrated_rms': [0.003016608548264073, 0.002963328615530643, 0.003017841530750513, 0.0029646542638059148, 0.015083379138330216, 0.014637596799402932], 'relative_error_to_target': [0.005124333989150909, 0.0001525649649456451, 0.02096715500297819, -0.025585198636186135, -0.004919945243205048, 0.004956016707723387]}
CALIBRATE virtual6 {'std': [0.37076871101930925, 0.36302649176520085, 0.5232852490131923, 0.45839119574388976, 0.24849403563972422, 0.25073382610799466], 'log_std': [-0.9921768312151513, -1.0132794673107781, -0.64762855439571, -0.7800323202584414, -1.392336435183295, -1.3833633562822754], 'nfev': 10, 'all_objective_calls': 64, 'optimizer_success': True, 'optimizer_message': '`xtol` termination condition is satisfied.', 'pilot_rms': [0.002223980380074581, 0.002200109221216265, 0.002271448138664116, 0.0023204200799669637, 0.015207552800349466, 0.0145410885968157], 'calibrated_rms': [0.003013232484148769, 0.0029421948490188092, 0.002964025180202225, 0.0030212937516195773, 0.01515812594082149, 0.014565334458537587], 'relative_error_to_target': [0.003999440208235061, -0.006980289175294696, 0.002760524286267163, -0.006969080075215461, 1.1247670118841313e-05, -5.212599875514812e-06]}
CALIBRATE torque6 {'std': [0.12533421585899393, 0.12665362803683528, 0.13496510557498287, 0.12570937171891766, 0.24849413942163157, 0.2507337819696317], 'log_std': [-2.076771382857, -2.066299256779446, -2.0027390111770513, -2.073782609928696, -1.3923360175399282, -1.3833635323190214], 'nfev': 5, 'all_objective_calls': 35, 'optimizer_success': True, 'optimizer_message': 'Both `ftol` and `xtol` termination conditions are satisfied.', 'pilot_rms': [0.005530585090185299, 0.0054278893248947, 0.005171036723370087, 0.005570104597352898, 0.015207552800349466, 0.0145410885968157], 'calibrated_rms': [0.003003312539676142, 0.0029647956314715175, 0.00295767118291115, 0.00304451981464812, 0.015158129358195934, 0.014565332991772387], 'relative_error_to_target': [0.0006941463917748969, 0.0006476972794722258, 0.0006109009640802299, 0.0006648015104797622, 1.1473121002136821e-05, -5.313301823628436e-06]}
PASS CONDITIONAL INITIAL ACTION AUDIT {'states': 12, 'draws_per_state': 16, 'substeps': 40, 'modes': 3, 'checked_ticks': [1, 10, 40], 'native_host_command_max_difference_Nm': 2.384185791015625e-07, 'cpu_direct_motor_force_max_error_Nm': 0.0}
