reduction {"order": 6, "vmc_condition": 1.0870865382371138, "frequencies_hz": [0.2, 0.5, 1.0, 2.0, 5.0], "relative_frf_errors": [0.04050022416501507, 0.08200257938090359, 0.18918782931914793, 0.4195713292628756, 0.219028899881124], "omitted_radius": 0.991125050817281, "reduced_closed_radius": 0.998945364177801, "full_closed_radius": 0.99902973971526, "linear_pass": false}
reduction {"order": 6, "vmc_condition": 1.065143583875427, "frequencies_hz": [0.2, 0.5, 1.0, 2.0, 5.0], "relative_frf_errors": [0.045719046370705695, 0.0764981711711535, 0.21045385909805644, 0.36122233310356716, 0.2506617187523018], "omitted_radius": 0.9856587083826848, "reduced_closed_radius": 0.9988731397729749, "full_closed_radius": 0.9989347371032706, "linear_pass": false}
reduction {"order": 6, "vmc_condition": 1.1683748391120024, "frequencies_hz": [0.2, 0.5, 1.0, 2.0, 5.0], "relative_frf_errors": [0.06731066614174817, 0.1332008039207966, 0.3708647652031587, 0.3789855641603544, 0.28681936383366335], "omitted_radius": 0.9855330431509799, "reduced_closed_radius": 0.9988471702984903, "full_closed_radius": 0.9989003491039244, "linear_pass": false}
reduction {"order": 6, "vmc_condition": 1.7090388366247105, "frequencies_hz": [0.2, 0.5, 1.0, 2.0, 5.0], "relative_frf_errors": [0.2510207561334763, 0.41209049188090385, 0.5012833168770686, 0.4709711327152928, 0.38156512049525887], "omitted_radius": 0.9897796943528324, "reduced_closed_radius": 0.99882959453652, "full_closed_radius": 0.9988761089404105, "linear_pass": false}
jump t= 2.00 z=0.1365 pitch=+0.000 vx=-0.00
jump t= 2.25 z=0.1365 pitch=+0.000 vx=-0.00
jump t= 2.50 z=0.1297 pitch=+0.000 vx=0.00
jump t= 2.75 z=0.1209 pitch=+0.000 vx=0.00
jump t= 3.00 z=0.1044 pitch=+0.002 vx=0.00
jump t= 3.25 z=0.2989 pitch=-0.008 vx=0.02
jump t= 3.50 z=0.3067 pitch=-0.007 vx=0.01
jump t= 3.75 z=0.1373 pitch=-0.001 vx=-0.01
jump t= 4.00 z=0.1365 pitch=-0.000 vx=-0.00
jump t= 4.25 z=0.1365 pitch=-0.000 vx=0.01
jump t= 4.50 z=0.1365 pitch=-0.000 vx=0.01
jump t= 4.75 z=0.1365 pitch=-0.000 vx=0.00
jump t= 5.00 z=0.1365 pitch=-0.000 vx=0.00
jump t= 5.25 z=0.1365 pitch=+0.000 vx=0.00
jump t= 5.50 z=0.1365 pitch=+0.000 vx=-0.00
jump t= 5.75 z=0.1365 pitch=+0.000 vx=-0.00
jump t= 6.00 z=0.1365 pitch=+0.000 vx=-0.00
jump t= 6.25 z=0.1365 pitch=+0.000 vx=-0.00
jump t= 6.50 z=0.1365 pitch=-0.000 vx=-0.00
jump t= 6.75 z=0.1365 pitch=-0.000 vx=0.00
jump t= 7.00 z=0.1365 pitch=-0.000 vx=0.00
jump t= 7.25 z=0.1365 pitch=-0.000 vx=0.00
jump t= 7.50 z=0.1365 pitch=-0.000 vx=0.00
jump t= 7.75 z=0.1365 pitch=+0.000 vx=0.00
jump t= 8.00 z=0.1365 pitch=+0.000 vx=-0.00
jump t= 8.25 z=0.1365 pitch=+0.000 vx=-0.00
jump t= 8.50 z=0.1365 pitch=+0.000 vx=-0.00
jump t= 8.75 z=0.1365 pitch=+0.000 vx=-0.00
jump t= 9.00 z=0.1365 pitch=-0.000 vx=-0.00
jump t= 9.25 z=0.1365 pitch=-0.000 vx=0.00
jump t= 9.50 z=0.1365 pitch=-0.000 vx=0.00
jump t= 9.75 z=0.1365 pitch=-0.000 vx=0.00
jump t=10.00 z=0.1365 pitch=-0.000 vx=0.00
jump t=10.25 z=0.1365 pitch=+0.000 vx=0.00
jump t=10.50 z=0.1365 pitch=+0.000 vx=-0.00
jump t=10.75 z=0.1365 pitch=+0.000 vx=-0.00
jump t=11.00 z=0.1365 pitch=+0.000 vx=-0.00
jump t=11.25 z=0.1365 pitch=+0.000 vx=-0.00
jump t=11.50 z=0.1365 pitch=-0.000 vx=-0.00
jump t=11.75 z=0.1365 pitch=-0.000 vx=0.00
静止跳: 通过 (COM跳高=0.201m, 最大平台俯仰=0.93°, 最大偏航=0.00°, 落点 bx=0.01)
输出/状态有效=True 非轮碰撞=False roll峰值=0.000°
