reduction {"order": 6, "vmc_condition": 1.0870864543475844, "frequencies_hz": [0.2, 0.5, 1.0, 2.0, 5.0], "relative_frf_errors": [0.04358594120012413, 0.08499056567765308, 0.1915253220140879, 0.4216522409580331, 0.22940370690763506], "omitted_radius": 0.9911275137350081, "reduced_closed_radius": 0.9989450691672888, "full_closed_radius": 0.9990385651356062, "linear_pass": false}
reduction {"order": 6, "vmc_condition": 1.065143583525862, "frequencies_hz": [0.2, 0.5, 1.0, 2.0, 5.0], "relative_frf_errors": [0.046975379665330455, 0.077333838960014, 0.21093862054413515, 0.3623890904267696, 0.2636298632301851], "omitted_radius": 0.9856569723334456, "reduced_closed_radius": 0.9988729745087364, "full_closed_radius": 0.9989422058306937, "linear_pass": false}
reduction {"order": 6, "vmc_condition": 1.1683748386040131, "frequencies_hz": [0.2, 0.5, 1.0, 2.0, 5.0], "relative_frf_errors": [0.06767972153010902, 0.1332783662192924, 0.3708986169388757, 0.3808404651834657, 0.29943474910847734], "omitted_radius": 0.9855674293723358, "reduced_closed_radius": 0.9988470257056464, "full_closed_radius": 0.9989070504024559, "linear_pass": false}
reduction {"order": 6, "vmc_condition": 1.7090388365331324, "frequencies_hz": [0.2, 0.5, 1.0, 2.0, 5.0], "relative_frf_errors": [0.25110005008154684, 0.41232162172780157, 0.5022502943797316, 0.4753543945455342, 0.3955322504308374], "omitted_radius": 0.9897814044102538, "reduced_closed_radius": 0.9988294527621878, "full_closed_radius": 0.9988820861901153, "linear_pass": false}
jump t= 2.00 z=0.1365 pitch=+0.000 vx=-0.00
jump t= 2.25 z=0.1365 pitch=+0.000 vx=-0.00
jump t= 2.50 z=0.1297 pitch=+0.000 vx=0.00
jump t= 2.75 z=0.1209 pitch=+0.000 vx=0.00
jump t= 3.00 z=0.1044 pitch=+0.002 vx=0.00
jump t= 3.25 z=0.2989 pitch=-0.008 vx=0.02
jump t= 3.50 z=0.3068 pitch=-0.007 vx=0.01
jump t= 3.75 z=0.1373 pitch=-0.001 vx=-0.01
jump t= 4.00 z=0.1365 pitch=-0.000 vx=-0.00
jump t= 4.25 z=0.1365 pitch=-0.000 vx=0.01
jump t= 4.50 z=0.1365 pitch=-0.000 vx=0.01
jump t= 4.75 z=0.1365 pitch=-0.000 vx=0.00
jump t= 5.00 z=0.1365 pitch=-0.000 vx=0.00
jump t= 5.25 z=0.1365 pitch=+0.000 vx=0.00
jump t= 5.50 z=0.1365 pitch=+0.000 vx=-0.00
jump t= 5.75 z=0.1365 pitch=+0.000 vx=-0.00
jump t= 6.00 z=0.1365 pitch=+0.000 vx=-0.00
jump t= 6.25 z=0.1365 pitch=+0.000 vx=-0.00
jump t= 6.50 z=0.1365 pitch=-0.000 vx=-0.00
jump t= 6.75 z=0.1365 pitch=-0.000 vx=0.00
jump t= 7.00 z=0.1365 pitch=-0.000 vx=0.00
jump t= 7.25 z=0.1365 pitch=-0.000 vx=0.00
jump t= 7.50 z=0.1365 pitch=-0.000 vx=0.00
jump t= 7.75 z=0.1365 pitch=+0.000 vx=0.00
jump t= 8.00 z=0.1365 pitch=+0.000 vx=-0.00
jump t= 8.25 z=0.1365 pitch=+0.000 vx=-0.00
jump t= 8.50 z=0.1365 pitch=+0.000 vx=-0.00
jump t= 8.75 z=0.1365 pitch=+0.000 vx=-0.00
jump t= 9.00 z=0.1365 pitch=-0.000 vx=-0.00
jump t= 9.25 z=0.1365 pitch=-0.000 vx=0.00
jump t= 9.50 z=0.1365 pitch=-0.000 vx=0.00
jump t= 9.75 z=0.1365 pitch=-0.000 vx=0.00
jump t=10.00 z=0.1365 pitch=-0.000 vx=0.00
jump t=10.25 z=0.1365 pitch=+0.000 vx=0.00
jump t=10.50 z=0.1365 pitch=+0.000 vx=-0.00
jump t=10.75 z=0.1365 pitch=+0.000 vx=-0.00
jump t=11.00 z=0.1365 pitch=+0.000 vx=-0.00
jump t=11.25 z=0.1365 pitch=+0.000 vx=-0.00
jump t=11.50 z=0.1365 pitch=+0.000 vx=-0.00
jump t=11.75 z=0.1365 pitch=+0.000 vx=0.00
静止跳: 通过 (COM跳高=0.201m, 最大平台俯仰=0.96°, 最大偏航=0.00°, 落点 bx=0.01)
输出/状态有效=True 非轮碰撞=False roll峰值=0.000°
