reduction {"order": 6, "vmc_condition": 1.0870864543475844, "frequencies_hz": [0.2, 0.5, 1.0, 2.0, 5.0], "relative_frf_errors": [0.04358594120012413, 0.08499056567765308, 0.1915253220140879, 0.4216522409580331, 0.22940370690763506], "omitted_radius": 0.9911275137350081, "reduced_closed_radius": 0.9989450691672888, "full_closed_radius": 0.9990385651356062, "linear_pass": false}
reduction {"order": 6, "vmc_condition": 1.065143583525862, "frequencies_hz": [0.2, 0.5, 1.0, 2.0, 5.0], "relative_frf_errors": [0.046975379665330455, 0.077333838960014, 0.21093862054413515, 0.3623890904267696, 0.2636298632301851], "omitted_radius": 0.9856569723334456, "reduced_closed_radius": 0.9988729745087364, "full_closed_radius": 0.9989422058306937, "linear_pass": false}
reduction {"order": 6, "vmc_condition": 1.1683748386040131, "frequencies_hz": [0.2, 0.5, 1.0, 2.0, 5.0], "relative_frf_errors": [0.06767972153010902, 0.1332783662192924, 0.3708986169388757, 0.3808404651834657, 0.29943474910847734], "omitted_radius": 0.9855674293723358, "reduced_closed_radius": 0.9988470257056464, "full_closed_radius": 0.9989070504024559, "linear_pass": false}
reduction {"order": 6, "vmc_condition": 1.7090388365331324, "frequencies_hz": [0.2, 0.5, 1.0, 2.0, 5.0], "relative_frf_errors": [0.25110005008154684, 0.41232162172780157, 0.5022502943797316, 0.4753543945455342, 0.3955322504308374], "omitted_radius": 0.9897814044102538, "reduced_closed_radius": 0.9988294527621878, "full_closed_radius": 0.9988820861901153, "linear_pass": false}
jf t= 4.00 z=0.1367 pitch=+0.005 vx=1.02 bx=2.79
jf t= 4.25 z=0.1316 pitch=+0.006 vx=1.02 bx=3.04
jf t= 4.50 z=0.1229 pitch=+0.006 vx=1.02 bx=3.29
jf t= 4.75 z=0.0929 pitch=+0.020 vx=1.03 bx=3.55
jf t= 5.00 z=0.3362 pitch=+0.019 vx=1.13 bx=3.82
jf t= 5.25 z=0.2659 pitch=+0.013 vx=1.13 bx=4.11
jf t= 5.50 z=0.1369 pitch=+0.006 vx=1.09 bx=4.39
jf t= 5.75 z=0.1367 pitch=+0.006 vx=1.04 bx=4.65
jf t= 6.00 z=0.1367 pitch=+0.006 vx=1.02 bx=4.91
jf t= 6.25 z=0.1367 pitch=+0.005 vx=1.02 bx=5.16
jf t= 6.50 z=0.1367 pitch=+0.005 vx=1.02 bx=5.42
jf t= 6.75 z=0.1367 pitch=+0.005 vx=1.02 bx=5.67
jf t= 7.00 z=0.1367 pitch=+0.005 vx=1.02 bx=5.93
jf t= 7.25 z=0.1367 pitch=+0.005 vx=1.02 bx=6.18
jf t= 7.50 z=0.1367 pitch=+0.005 vx=1.02 bx=6.43
jf t= 7.75 z=0.1367 pitch=+0.005 vx=1.02 bx=6.69
jf t= 8.00 z=0.1367 pitch=+0.005 vx=1.02 bx=6.94
jf t= 8.25 z=0.1367 pitch=+0.005 vx=1.02 bx=7.20
jf t= 8.50 z=0.1367 pitch=+0.005 vx=1.02 bx=7.45
jf t= 8.75 z=0.1367 pitch=+0.005 vx=1.02 bx=7.71
jf t= 9.00 z=0.1367 pitch=+0.005 vx=1.02 bx=7.96
jf t= 9.25 z=0.1367 pitch=+0.005 vx=1.02 bx=8.22
jf t= 9.50 z=0.1367 pitch=+0.005 vx=1.02 bx=8.47
jf t= 9.75 z=0.1367 pitch=+0.005 vx=1.02 bx=8.73
jf t=10.00 z=0.1367 pitch=+0.005 vx=1.02 bx=8.98
jf t=10.25 z=0.1367 pitch=+0.005 vx=1.02 bx=9.23
jf t=10.50 z=0.1367 pitch=+0.005 vx=1.02 bx=9.49
jf t=10.75 z=0.1367 pitch=+0.005 vx=1.02 bx=9.74
jf t=11.00 z=0.1367 pitch=+0.005 vx=1.02 bx=10.00
jf t=11.25 z=0.1367 pitch=+0.005 vx=1.02 bx=10.25
jf t=11.50 z=0.1367 pitch=+0.005 vx=1.02 bx=10.51
jf t=11.75 z=0.1367 pitch=+0.005 vx=1.02 bx=10.76
jf t=12.00 z=0.1367 pitch=+0.005 vx=1.02 bx=11.02
jf t=12.25 z=0.1367 pitch=+0.005 vx=1.02 bx=11.27
jf t=12.50 z=0.1367 pitch=+0.005 vx=1.02 bx=11.53
jf t=12.75 z=0.1367 pitch=+0.005 vx=1.02 bx=11.78
jf t=13.00 z=0.1367 pitch=+0.005 vx=1.02 bx=12.04
jf t=13.25 z=0.1367 pitch=+0.005 vx=1.02 bx=12.29
jf t=13.50 z=0.1367 pitch=+0.005 vx=1.02 bx=12.54
jf t=13.75 z=0.1367 pitch=+0.005 vx=1.02 bx=12.80
jf t=14.00 z=0.1367 pitch=+0.005 vx=1.02 bx=13.05
jf t=14.25 z=0.1367 pitch=+0.005 vx=1.02 bx=13.31
jf t=14.50 z=0.1367 pitch=+0.005 vx=1.02 bx=13.56
jf t=14.75 z=0.1367 pitch=+0.005 vx=1.02 bx=13.82
jf t=15.00 z=0.1367 pitch=+0.005 vx=1.02 bx=14.07
jf t=15.25 z=0.1367 pitch=+0.005 vx=1.02 bx=14.33
jf t=15.50 z=0.1367 pitch=+0.005 vx=1.02 bx=14.58
jf t=15.75 z=0.1367 pitch=+0.005 vx=1.02 bx=14.84
jf t=16.00 z=0.1367 pitch=+0.005 vx=1.02 bx=15.09
jf t=16.25 z=0.1367 pitch=+0.005 vx=1.02 bx=15.34
jf t=16.50 z=0.1367 pitch=+0.005 vx=1.02 bx=15.60
jf t=16.75 z=0.1367 pitch=+0.005 vx=1.02 bx=15.85
jf t=17.00 z=0.1367 pitch=+0.005 vx=1.02 bx=16.11
jf t=17.25 z=0.1367 pitch=+0.005 vx=1.02 bx=16.36
jf t=17.50 z=0.1367 pitch=+0.005 vx=1.02 bx=16.62
jf t=17.75 z=0.1367 pitch=+0.005 vx=1.02 bx=16.87
前进跳: 通过 (起跳速度=1.02m/s, COM跳高=0.203m, 最大平台俯仰=1.57°, 最大偏航=0.00°, bx=17.13)
输出/状态有效=True 非轮碰撞=False roll峰值=0.000°
