reduction {"order": 6, "vmc_condition": 1.0870864543475844, "frequencies_hz": [0.2, 0.5, 1.0, 2.0, 5.0], "relative_frf_errors": [0.04358594120012413, 0.08499056567765308, 0.1915253220140879, 0.4216522409580331, 0.22940370690763506], "omitted_radius": 0.9911275137350081, "reduced_closed_radius": 0.9989450691672888, "full_closed_radius": 0.9990385651356062, "linear_pass": false}
reduction {"order": 6, "vmc_condition": 1.065143583525862, "frequencies_hz": [0.2, 0.5, 1.0, 2.0, 5.0], "relative_frf_errors": [0.046975379665330455, 0.077333838960014, 0.21093862054413515, 0.3623890904267696, 0.2636298632301851], "omitted_radius": 0.9856569723334456, "reduced_closed_radius": 0.9988729745087364, "full_closed_radius": 0.9989422058306937, "linear_pass": false}
reduction {"order": 6, "vmc_condition": 1.1683748386040131, "frequencies_hz": [0.2, 0.5, 1.0, 2.0, 5.0], "relative_frf_errors": [0.06767972153010902, 0.1332783662192924, 0.3708986169388757, 0.3808404651834657, 0.29943474910847734], "omitted_radius": 0.9855674293723358, "reduced_closed_radius": 0.9988470257056464, "full_closed_radius": 0.9989070504024559, "linear_pass": false}
reduction {"order": 6, "vmc_condition": 1.7090388365331324, "frequencies_hz": [0.2, 0.5, 1.0, 2.0, 5.0], "relative_frf_errors": [0.25110005008154684, 0.41232162172780157, 0.5022502943797316, 0.4753543945455342, 0.3955322504308374], "omitted_radius": 0.9897814044102538, "reduced_closed_radius": 0.9988294527621878, "full_closed_radius": 0.9988820861901153, "linear_pass": false}
jb t= 4.00 z=0.1363 roll=-0.000 pitch=-0.005 vx=-1.02 bx=-2.79
jb t= 4.25 z=0.1313 roll=+0.000 pitch=-0.006 vx=-1.02 bx=-3.04
jb t= 4.50 z=0.1225 roll=+0.000 pitch=-0.006 vx=-1.02 bx=-3.29
jb t= 4.75 z=0.0917 roll=+0.000 pitch=-0.019 vx=-1.03 bx=-3.55
jb t= 5.00 z=0.3407 roll=-0.000 pitch=-0.053 vx=-1.10 bx=-3.82
jb t= 5.25 z=0.2855 roll=-0.000 pitch=-0.036 vx=-1.11 bx=-4.10
jb t= 5.50 z=0.1365 roll=+0.000 pitch=-0.008 vx=-1.14 bx=-4.38
jb t= 5.75 z=0.1362 roll=+0.000 pitch=-0.006 vx=-1.05 bx=-4.66
jb t= 6.00 z=0.1363 roll=+0.000 pitch=-0.006 vx=-1.02 bx=-4.92
jb t= 6.25 z=0.1363 roll=+0.000 pitch=-0.006 vx=-1.02 bx=-5.17
jb t= 6.50 z=0.1363 roll=+0.000 pitch=-0.005 vx=-1.02 bx=-5.43
jb t= 6.75 z=0.1363 roll=+0.000 pitch=-0.005 vx=-1.02 bx=-5.68
jb t= 7.00 z=0.1363 roll=+0.000 pitch=-0.005 vx=-1.02 bx=-5.93
jb t= 7.25 z=0.1363 roll=+0.000 pitch=-0.005 vx=-1.02 bx=-6.19
jb t= 7.50 z=0.1363 roll=+0.000 pitch=-0.005 vx=-1.02 bx=-6.44
jb t= 7.75 z=0.1363 roll=+0.000 pitch=-0.005 vx=-1.02 bx=-6.70
jb t= 8.00 z=0.1363 roll=+0.000 pitch=-0.005 vx=-1.02 bx=-6.95
jb t= 8.25 z=0.1363 roll=+0.000 pitch=-0.005 vx=-1.02 bx=-7.21
jb t= 8.50 z=0.1363 roll=+0.000 pitch=-0.005 vx=-1.02 bx=-7.46
jb t= 8.75 z=0.1363 roll=-0.000 pitch=-0.005 vx=-1.02 bx=-7.72
jb t= 9.00 z=0.1363 roll=-0.000 pitch=-0.005 vx=-1.02 bx=-7.97
jb t= 9.25 z=0.1363 roll=-0.000 pitch=-0.005 vx=-1.02 bx=-8.23
jb t= 9.50 z=0.1363 roll=-0.000 pitch=-0.005 vx=-1.02 bx=-8.48
jb t= 9.75 z=0.1363 roll=-0.000 pitch=-0.005 vx=-1.02 bx=-8.73
jb t=10.00 z=0.1363 roll=-0.000 pitch=-0.005 vx=-1.02 bx=-8.99
jb t=10.25 z=0.1363 roll=-0.000 pitch=-0.005 vx=-1.02 bx=-9.24
jb t=10.50 z=0.1363 roll=+0.000 pitch=-0.005 vx=-1.02 bx=-9.50
jb t=10.75 z=0.1363 roll=+0.000 pitch=-0.005 vx=-1.02 bx=-9.75
jb t=11.00 z=0.1363 roll=-0.000 pitch=-0.005 vx=-1.02 bx=-10.01
jb t=11.25 z=0.1363 roll=-0.000 pitch=-0.005 vx=-1.02 bx=-10.26
jb t=11.50 z=0.1363 roll=-0.000 pitch=-0.005 vx=-1.02 bx=-10.52
jb t=11.75 z=0.1363 roll=-0.000 pitch=-0.005 vx=-1.02 bx=-10.77
jb t=12.00 z=0.1363 roll=+0.000 pitch=-0.005 vx=-1.02 bx=-11.03
jb t=12.25 z=0.1363 roll=+0.000 pitch=-0.005 vx=-1.02 bx=-11.28
jb t=12.50 z=0.1363 roll=+0.000 pitch=-0.005 vx=-1.02 bx=-11.53
jb t=12.75 z=0.1363 roll=+0.000 pitch=-0.005 vx=-1.02 bx=-11.79
jb t=13.00 z=0.1363 roll=+0.000 pitch=-0.005 vx=-1.02 bx=-12.04
jb t=13.25 z=0.1363 roll=+0.000 pitch=-0.005 vx=-1.02 bx=-12.30
jb t=13.50 z=0.1363 roll=-0.000 pitch=-0.005 vx=-1.02 bx=-12.55
jb t=13.75 z=0.1363 roll=-0.000 pitch=-0.005 vx=-1.02 bx=-12.81
jb t=14.00 z=0.1363 roll=+0.000 pitch=-0.005 vx=-1.02 bx=-13.06
jb t=14.25 z=0.1363 roll=+0.000 pitch=-0.005 vx=-1.02 bx=-13.32
jb t=14.50 z=0.1363 roll=+0.000 pitch=-0.005 vx=-1.02 bx=-13.57
jb t=14.75 z=0.1363 roll=+0.000 pitch=-0.005 vx=-1.02 bx=-13.83
jb t=15.00 z=0.1363 roll=+0.000 pitch=-0.005 vx=-1.02 bx=-14.08
jb t=15.25 z=0.1363 roll=+0.000 pitch=-0.005 vx=-1.02 bx=-14.34
jb t=15.50 z=0.1363 roll=-0.000 pitch=-0.005 vx=-1.02 bx=-14.59
jb t=15.75 z=0.1363 roll=+0.000 pitch=-0.005 vx=-1.02 bx=-14.84
jb t=16.00 z=0.1363 roll=+0.000 pitch=-0.005 vx=-1.02 bx=-15.10
jb t=16.25 z=0.1363 roll=-0.000 pitch=-0.005 vx=-1.02 bx=-15.35
jb t=16.50 z=0.1363 roll=-0.000 pitch=-0.005 vx=-1.02 bx=-15.61
jb t=16.75 z=0.1363 roll=-0.000 pitch=-0.005 vx=-1.02 bx=-15.86
jb t=17.00 z=0.1363 roll=-0.000 pitch=-0.005 vx=-1.02 bx=-16.12
jb t=17.25 z=0.1363 roll=-0.000 pitch=-0.005 vx=-1.02 bx=-16.37
jb t=17.50 z=0.1363 roll=-0.000 pitch=-0.005 vx=-1.02 bx=-16.63
jb t=17.75 z=0.1363 roll=+0.000 pitch=-0.005 vx=-1.02 bx=-16.88
后退跳: 通过 (起跳速度=-1.02m/s, COM跳高=0.213m, 最大横滚=0.00°, 最大平台俯仰=4.71°, 最大偏航=0.00°, bx=-17.13)
输出/状态有效=True 非轮碰撞=False roll峰值=0.000°
