PASS mass=7.00kg, fixed controller=7.00kg, radius=1.000000000
PASS mass=8.00kg, fixed controller=7.00kg, radius=1.000000046
7.0 stand PASS
7.0 jump PASS
7.0 jumpfwd PASS
7.0 jumpback PASS
7.0 stop PASS
7.0 landing_1_0.0 PASS
7.0 landing_1_0.25 PASS
7.0 landing_1_0.5 PASS
7.0 landing_-1_0.0 PASS
7.0 landing_-1_0.25 PASS
7.0 landing_-1_0.5 PASS
8.0 stand PASS
8.0 jump PASS
8.0 jumpfwd PASS
8.0 jumpback PASS
8.0 stop PASS
8.0 landing_1_0.0 PASS
8.0 landing_1_0.25 PASS
8.0 landing_1_0.5 PASS
8.0 landing_-1_0.0 PASS
8.0 landing_-1_0.25 PASS
8.0 landing_-1_0.5 PASS
