nominal_1.0 True completed [1.392023340146823e-10, 1.2143876658751014, 3.2310438555745584e-09] 0.12930265633725407
nominal_-1.0 True completed [2.209868413396054e-10, 1.0092315626340547, 6.16208911868241e-09] 0.12927530617399396
nominal_-0.5 True completed [1.3920562061266045e-10, 0.2898849606973878, 3.9181586494670525e-09] 0.04855202445200754
nominal_0.5 True completed [1.392034327943626e-10, 0.2525714592449713, 3.332233324397764e-09] 0.04855678636725724
symmetric_-1.0 True completed [0.0003673543033486858, 0.9965413797037156, 0.011065103025852901] 0.1302759820367715
symmetric_1.0 True completed [0.00012119404732701917, 1.2142199251633483, 0.004064799653574973] 0.13017064358799704
legacy_bump_-1.0_l_0.01 True completed [0.5726098762338432, 0.9998031991845395, 2.9519075604592397] 0.12924281603263704
legacy_bump_-1.0_l_0.015 True completed [0.865703011582821, 1.0013560970585513, 4.9480001257412844] 0.12940054929550832
legacy_bump_-1.0_r_0.01 True completed [0.5727995739579314, 0.9998025440580703, 2.9546750278388885] 0.12924288753920302
legacy_bump_-1.0_r_0.015 True completed [0.866434037188652, 1.0013598389100484, 4.950088391641576] 0.1294004190657256
legacy_bump_1.0_l_0.01 True completed [0.5685103660031079, 1.2181883597893002, 2.8786866926355086] 0.12927128405368601
legacy_bump_1.0_l_0.015 True completed [0.8580577289433126, 1.2134355362945506, 4.620877408975355] 0.12940683846884918
legacy_bump_1.0_r_0.01 True completed [0.5687720961153439, 1.2181885329853632, 2.8765616732870987] 0.12927125724162453
legacy_bump_1.0_r_0.015 True completed [0.8572734132617787, 1.2134349340724568, 4.620189606668606] 0.12940708986108956
validation_0 True completed [0.5851302853546928, 0.9948960524088837, 2.3917582343162773] 0.11504511690348716
validation_1 True completed [0.17571395988672076, 1.2682924448714212, 3.0043164237077775] 0.12646018344550042
validation_3 False completed [0.7723954550661412, 0.8189249943902296, 6.1517319716782195] 0.13073843479104108
validation_2 True completed [0.16880238600113576, 0.5758647177915425, 0.7061261901784934] 0.10363553793672875
validation_4 False completed [0.9633477782794279, 0.585416944539849, 5.079191605118665] 0.09229747592407388
validation_5 True completed [0.28480630363990406, 0.30937102883826234, 1.9651899826868964] 0.05651667649483844
validation_6 True completed [0.717557939145469, 0.5131357920205596, 2.949149677344147] 0.10224447004402412
validation_7 True completed [1.0028686845914543, 0.6244757506114509, 4.808420876984081] 0.08891008559303647
validation_8 False completed [0.816233353030923, 0.26187197144677343, 5.718112933132077] 0.07040476661756336
validation_10 True completed [0.773918223558077, 0.5502399770746113, 3.8091124067050948] 0.10125084210703421
validation_9 False completed [0.44036082595841985, 0.31441996156305374, 16.0117557967217] 0.05490893921979633
validation_11 True completed [0.22861489362956072, 0.14586169565509283, 1.2709425540345392] 0.07833397480287337
development_friction True completed [0.11394322395917725, 1.1771629192442508, 0.9815133258020584] 0.12930053028457267
development_solver True completed [0.8580577289433126, 1.2134355362945506, 4.620877408975355] 0.12940683846884918
