nominal_-1.0 False completed [3.719724176650239e-10, 1.0092404730513345, 9.813064400010043e-09] 0.2364831846850285
nominal_1.0 False completed [2.2341161258164126e-10, 1.2143968225734578, 6.8224238338786065e-09] 0.23524217034006953
nominal_-0.5 False completed [7.795268674354464e-11, 0.3142369521646106, 1.923072955050867e-09] 0.08486222404891011
nominal_0.5 False completed [7.175533228607049e-11, 0.3219158910017228, 1.5413232949484403e-09] 0.08494976665343822
symmetric_-1.0 False completed [0.0003664359776492719, 1.0025431103721658, 0.006614289496897407] 0.23646908782954537
symmetric_1.0 False completed [0.002294749593493193, 1.2142244882122808, 0.11961676188535499] 0.23519611127087184
legacy_bump_-1.0_l_0.01 False completed [0.572815947816997, 1.003137706207066, 2.9240525511131548] 0.236246224709887
legacy_bump_-1.0_l_0.015 False completed [0.8653975797163499, 1.0025431103721658, 4.923095277404689] 0.2361809024722528
legacy_bump_-1.0_r_0.015 False completed [0.8661272572544441, 1.0025431103721658, 4.924705959388828] 0.23618076748606812
legacy_bump_-1.0_r_0.01 False completed [0.5726338687695575, 1.0031367262305089, 2.926670460548441] 0.23624626790963266
legacy_bump_1.0_l_0.01 False completed [0.5685401908674645, 1.2181987815517634, 2.882096368513659] 0.23500414086127874
legacy_bump_1.0_l_0.015 False completed [0.8580877446248298, 1.2134405407853557, 4.625175839800854] 0.23492854229002014
legacy_bump_1.0_r_0.01 False completed [0.5687980887787585, 1.2181989645898372, 2.879919978075813] 0.23500412035367943
legacy_bump_1.0_r_0.015 False completed [0.8573247722622167, 1.2134399437482242, 4.624373466984491] 0.23492869248348933
validation_1 False completed [1.9126122302255457, 1.2893126147855716, 4.955809111620647] 0.2326917239549116
validation_0 False completed [0.5935570161275319, 1.0412921274456979, 1.8921273502073659] 0.20934150289541073
validation_3 False completed [1.2693275782671938, 0.8981884009728194, 4.18337286909524] 0.2399189651221104
validation_2 False completed [0.30053908987029454, 0.6414511143708888, 0.7835449750387544] 0.1863728708188219
validation_4 False completed [0.5287721064160391, 0.6183198360231627, 4.669575947310899] 0.16593925494592876
validation_5 False completed [0.2967523265942772, 0.29968088741844706, 1.8716013351386656] 0.09754369847653746
validation_6 False completed [0.9214333323797473, 0.5762784164778654, 2.8801034804544146] 0.1856179613911005
validation_7 False completed [0.9721685731364251, 0.65879349848483, 4.746061794969704] 0.15846608763442535
validation_8 False completed [0.9166687329114068, 0.21965731979703176, 5.432512226334433] 0.12384894736809879
validation_10 False completed [0.9587634573924148, 0.5811641379983906, 2.534126202249786] 0.1842667510510583
validation_11 False completed [0.5482867968633891, 0.2592360933887224, 1.4916351018422869] 0.1394503078854756
validation_9 False completed [0.41984711043095585, 0.2880286203231075, 11.790810998879111] 0.08963728500650767
development_friction False completed [1.215583423943777, 1.2577070868058577, 2.1249713032939286] 0.23624031535866655
development_solver False completed [0.8580877446248298, 1.2134405407853557, 4.625175839800854] 0.23492854229002014
