nominal_-1.0 True completed [6.750669729854845e-11, 1.0092315626340564, 1.55555259545262e-09] 0.1292753061737035
nominal_1.0 True completed [6.75070160781307e-11, 1.2143876658750774, 2.484212538626712e-09] 0.1293026563374503
nominal_0.5 True completed [6.750559859157911e-11, 0.2525714592449593, 1.5178709490230692e-09] 0.048556786367420494
nominal_-0.5 True completed [6.750930677293172e-11, 0.28988496069738817, 2.4395293539380427e-09] 0.04855202445180884
symmetric_-1.0 True completed [0.0003673542796783375, 0.9965413797037549, 0.011065081427189927] 0.1302759820363516
symmetric_1.0 True completed [0.00012119406891449876, 1.214219925163321, 0.004064780084081446] 0.13017064358829256
legacy_bump_-1.0_l_0.015 True completed [0.8657030115822275, 1.0013560970581936, 4.948000124226409] 0.1294005492950868
legacy_bump_-1.0_l_0.01 True completed [0.5726098762327374, 0.9998031991841831, 2.9519075590865973] 0.1292428160322831
legacy_bump_-1.0_r_0.01 True completed [0.5727995739504399, 0.9998025440579492, 2.954675028869249] 0.12924288753894142
legacy_bump_-1.0_r_0.015 True completed [0.8664340371830368, 1.0013598389107827, 4.950088392968351] 0.1294004190654941
legacy_bump_1.0_l_0.01 True completed [0.5685103659982413, 1.2181883597890395, 2.8786866940185467] 0.12927128405391144
legacy_bump_1.0_l_0.015 True completed [0.8580577289405477, 1.2134355362935687, 4.620877410571968] 0.12940683846909845
legacy_bump_1.0_r_0.01 True completed [0.5687720961170207, 1.2181885329855486, 2.876561672118314] 0.12927125724181915
legacy_bump_1.0_r_0.015 True completed [0.8572734132643727, 1.2134349340729604, 4.620189605398798] 0.1294070898612792
validation_0 True completed [0.5934690171255383, 1.0392844927313478, 2.1314377672892264] 0.11507754714791935
validation_1 True completed [0.20791528243336527, 1.2930871734576848, 2.2722430263780193] 0.1268991435434417
validation_3 False completed [0.7678647051032367, 0.8781177805542817, 5.711128844734702] 0.1307376867420012
validation_2 True completed [0.1710110176493519, 0.6414550009370124, 0.674152174693367] 0.10370287490755616
validation_4 False completed [0.9397959475254674, 0.6254931495950323, 5.277416251962763] 0.09230991095765637
validation_5 True completed [0.2968109088269063, 0.30147688803842193, 1.849403212076875] 0.05646849745049883
validation_6 True completed [0.7123076339742075, 0.5543083446681903, 2.815409433781979] 0.10227565473365613
validation_7 True completed [1.0060581703970013, 0.6331590293233811, 4.763325997643912] 0.0888921487691373
validation_8 False completed [0.8157650267716184, 0.2188451207626305, 5.434895350098226] 0.07039437596447853
validation_10 True completed [0.7827348370663034, 0.5785832755755713, 3.4819940564963465] 0.10126239938056952
validation_9 False completed [0.44197000964757727, 0.2891699209361825, 11.984231975681032] 0.053949283492348225
validation_11 True completed [0.22246099925284782, 0.19402367750429106, 1.2010175091168498] 0.07836383944829567
development_friction True completed [0.0849516222673716, 1.2518861263884518, 1.1806610341861774] 0.12935181161255382
development_solver True completed [0.8580577289405477, 1.2134355362935687, 4.620877410571968] 0.12940683846909845
