reduction {"order": 6, "method": "modal", "vmc_condition": 1.3782055460660536, "projection_condition": 20.20539014108477, "omitted_radius": 0.9935566191757785, "max_relative_frf_error": 0.0028123571312865282, "reduced_closed_radius": 0.9989507930323593, "full_closed_radius": 0.9989516950214622, "linear_pass": true}
reduction {"order": 6, "method": "modal", "vmc_condition": 1.4999430560359601, "projection_condition": 20.316571278155383, "omitted_radius": 0.9870654971676265, "max_relative_frf_error": 0.002604862399465738, "reduced_closed_radius": 0.9989220534129091, "full_closed_radius": 0.9989229385579487, "linear_pass": true}
reduction {"order": 6, "method": "modal", "vmc_condition": 1.1692020288503353, "projection_condition": 24.928412986500543, "omitted_radius": 0.986525386712174, "max_relative_frf_error": 0.0028457372278306503, "reduced_closed_radius": 0.998875960691861, "full_closed_radius": 0.9988769768204375, "linear_pass": true}
reduction {"order": 6, "method": "modal", "vmc_condition": 1.0703721088466125, "projection_condition": 26.96332831445564, "omitted_radius": 0.9865003916921553, "max_relative_frf_error": 0.0029245363631001517, "reduced_closed_radius": 0.9988613177526111, "full_closed_radius": 0.9988623451106616, "linear_pass": true}
reduction {"order": 6, "method": "modal", "vmc_condition": 1.898231218528725, "projection_condition": 29.632941238874096, "omitted_radius": 0.9900192987081642, "max_relative_frf_error": 0.003472138238343771, "reduced_closed_radius": 0.9988501522974549, "full_closed_radius": 0.998851314107305, "linear_pass": true}
Warp 1.17.0 initialized:
   CUDA Toolkit 12.9, Driver 13.0
   Devices:
     "cpu"      : "x86_64"
     "cuda:0"   : "NVIDIA GeForce RTX 5060 Laptop GPU" (8 GiB, sm_120, mempool enabled)
   Kernel cache:
     /home/wmt/.cache/warp/1.17.0
Traceback (most recent call last):
  File "/home/wmt/wheel_leg_robot_work/wheelleg_warp/test_torque6.py", line 83, in <module>
    p=argparse.ArgumentParser();p.add_argument('--output',type=Path,required=True);check(p.parse_args().output)
  File "/home/wmt/wheel_leg_robot_work/wheelleg_warp/test_torque6.py", line 17, in check
    envs=[NativeEnv.height115_candidate(n=6,scenario=scenes,residual_mode=m,shared_reference=True)
  File "/home/wmt/wheel_leg_robot_work/wheelleg_warp/test_torque6.py", line 17, in <listcomp>
    envs=[NativeEnv.height115_candidate(n=6,scenario=scenes,residual_mode=m,shared_reference=True)
  File "/home/wmt/wheel_leg_robot_work/wheelleg_warp/native/environment.py", line 496, in height115_candidate
    env=cls(n=n,stage=stage,seed=seed,scenario=scenario,bank_factory=bank_height_115,
  File "/home/wmt/wheel_leg_robot_work/wheelleg_warp/native/environment.py", line 311, in __init__
    self.cpu,self.model,self.data,self.scenarios=bank_factory(n,stage,seed,scenario)
  File "/home/wmt/wheel_leg_robot_work/wheelleg_warp/native/terrain.py", line 216, in bank_height_115
    return bank_height_v3(n,stage,seed,scenarios)
  File "/home/wmt/wheel_leg_robot_work/wheelleg_warp/native/terrain.py", line 210, in bank_height_v3
    raise ValueError('多高度地形场景数量或类型无效')
ValueError: 多高度地形场景数量或类型无效
