Traceback (most recent call last):
  File "/home/wmt/wheel_leg_robot_work/wheelleg_warp/review_packet_odometry.py", line 65, in <module>
    parser=argparse.ArgumentParser();parser.add_argument('--output',type=Path,required=True);run(parser.parse_args().output)
  File "/home/wmt/wheel_leg_robot_work/wheelleg_warp/review_packet_odometry.py", line 38, in run
    np.testing.assert_allclose(estimate,t[:,1],rtol=0,atol=1e-12)
  File "/home/wmt/wheel_leg_robot_work/.venv/lib/python3.10/site-packages/numpy/testing/_private/utils.py", line 1715, in assert_allclose
    assert_array_compare(compare, actual, desired, err_msg=str(err_msg),
  File "/home/wmt/wheel_leg_robot_work/.venv/lib/python3.10/site-packages/numpy/testing/_private/utils.py", line 921, in assert_array_compare
    raise AssertionError(msg)
AssertionError: 
Not equal to tolerance rtol=0, atol=1e-12

Mismatched elements: 253 / 352 (71.9%)
Max absolute difference among violations: 1.06436242e-10
Max relative difference among violations: 3.55539239e-08
 ACTUAL: array([ 0.000000e+00, -3.407816e-08, -1.473493e-07, -3.499841e-07,
       -4.570158e-07, -5.253196e-07, -6.366416e-07, -7.092510e-07,
       -7.842326e-07, -8.481189e-07, -8.858080e-07, -9.461873e-07,...
 DESIRED: array([ 0.000000e+00, -3.407816e-08, -1.473493e-07, -3.499841e-07,
       -4.570158e-07, -5.253197e-07, -6.366416e-07, -7.092510e-07,
       -7.842326e-07, -8.481189e-07, -8.858080e-07, -9.461873e-07,...
