reduction {"order": 6, "vmc_condition": 1.4999430560359601, "frequencies_hz": [0.2, 0.5, 1.0, 2.0, 5.0], "relative_frf_errors": [0.0769678663635834, 0.06879035673768845, 0.20100239215792057, 0.13389897670562675, 0.1488556701614176], "omitted_radius": 0.9870780928750076, "reduced_closed_radius": 0.9989118961917315, "full_closed_radius": 0.9989709800259552, "linear_pass": false}
reduction {"order": 6, "vmc_condition": 1.1692020288503353, "frequencies_hz": [0.2, 0.5, 1.0, 2.0, 5.0], "relative_frf_errors": [0.07571487532191809, 0.0621320217285505, 0.11481529465284997, 0.15982785207399347, 0.19024977341846686], "omitted_radius": 0.9865233723068768, "reduced_closed_radius": 0.9988678294981921, "full_closed_radius": 0.9989088558378151, "linear_pass": false}
reduction {"order": 6, "vmc_condition": 1.0703721088466125, "frequencies_hz": [0.2, 0.5, 1.0, 2.0, 5.0], "relative_frf_errors": [0.0750877557955664, 0.08394205515470121, 0.12646989962430122, 0.18542991127900815, 0.21823202478125348], "omitted_radius": 0.9865179200495401, "reduced_closed_radius": 0.9988552698685782, "full_closed_radius": 0.9988887662361046, "linear_pass": false}
reduction {"order": 6, "vmc_condition": 1.898231218528725, "frequencies_hz": [0.2, 0.5, 1.0, 2.0, 5.0], "relative_frf_errors": [0.11429032461405385, 0.14308283545331574, 0.20520040380009114, 0.28049772062132605, 0.3214122943401084], "omitted_radius": 0.9900145990116557, "reduced_closed_radius": 0.998852868652768, "full_closed_radius": 0.9988719338047325, "linear_pass": false}
jump t= 2.00 z=0.3497 pitch=+0.000 vx=-0.00
jump t= 2.25 z=0.3497 pitch=+0.000 vx=-0.00
jump t= 2.50 z=0.3427 pitch=+0.000 vx=0.00
jump t= 2.75 z=0.3339 pitch=+0.000 vx=0.00
jump t= 3.00 z=0.3252 pitch=+0.000 vx=-0.00
jump t= 3.25 z=0.3164 pitch=+0.000 vx=-0.00
jump t= 3.50 z=0.3077 pitch=+0.000 vx=-0.00
jump t= 3.75 z=0.2992 pitch=+0.000 vx=0.00
jump t= 4.00 z=0.2329 pitch=+0.006 vx=0.01
jump t= 4.25 z=0.6788 pitch=-0.002 vx=0.05
jump t= 4.50 z=0.6535 pitch=-0.004 vx=0.05
jump t= 4.75 z=0.1971 pitch=-0.001 vx=0.00
jump t= 5.00 z=0.2822 pitch=-0.000 vx=-0.00
jump t= 5.25 z=0.3448 pitch=-0.000 vx=-0.00
jump t= 5.50 z=0.3497 pitch=-0.000 vx=0.00
jump t= 5.75 z=0.3497 pitch=-0.000 vx=0.00
jump t= 6.00 z=0.3497 pitch=-0.000 vx=0.00
jump t= 6.25 z=0.3497 pitch=-0.000 vx=0.00
jump t= 6.50 z=0.3497 pitch=+0.000 vx=0.00
jump t= 6.75 z=0.3497 pitch=+0.000 vx=-0.00
jump t= 7.00 z=0.3497 pitch=+0.000 vx=-0.00
jump t= 7.25 z=0.3497 pitch=+0.000 vx=-0.00
jump t= 7.50 z=0.3497 pitch=-0.000 vx=-0.00
jump t= 7.75 z=0.3497 pitch=-0.000 vx=-0.00
jump t= 8.00 z=0.3497 pitch=-0.000 vx=0.00
jump t= 8.25 z=0.3497 pitch=-0.000 vx=0.00
jump t= 8.50 z=0.3497 pitch=-0.000 vx=0.00
jump t= 8.75 z=0.3497 pitch=+0.000 vx=0.00
jump t= 9.00 z=0.3497 pitch=+0.000 vx=0.00
jump t= 9.25 z=0.3497 pitch=+0.000 vx=-0.00
jump t= 9.50 z=0.3497 pitch=+0.000 vx=-0.00
jump t= 9.75 z=0.3497 pitch=+0.000 vx=-0.00
jump t=10.00 z=0.3497 pitch=-0.000 vx=-0.00
jump t=10.25 z=0.3497 pitch=-0.000 vx=-0.00
jump t=10.50 z=0.3497 pitch=-0.000 vx=0.00
jump t=10.75 z=0.3497 pitch=-0.000 vx=0.00
jump t=11.00 z=0.3497 pitch=-0.000 vx=0.00
jump t=11.25 z=0.3497 pitch=+0.000 vx=0.00
jump t=11.50 z=0.3497 pitch=+0.000 vx=0.00
jump t=11.75 z=0.3497 pitch=+0.000 vx=-0.00
静止跳: 通过 (COM跳高=0.396m, 最大平台俯仰=0.40°, 最大偏航=0.00°, 落点 bx=0.03)
输出/状态有效=True 非轮碰撞=False roll峰值=0.000°
