reduction {"order": 6, "method": "modal", "vmc_condition": 1.3782055460660536, "projection_condition": 20.20539014108477, "omitted_radius": 0.9935566191757785, "max_relative_frf_error": 0.0028123571312865282, "reduced_closed_radius": 0.9989507930323593, "full_closed_radius": 0.9989516950214622, "linear_pass": true}
reduction {"order": 6, "method": "modal", "vmc_condition": 1.4999430560359601, "projection_condition": 20.316571278155383, "omitted_radius": 0.9870654971676265, "max_relative_frf_error": 0.002604862399465738, "reduced_closed_radius": 0.9989220534129091, "full_closed_radius": 0.9989229385579487, "linear_pass": true}
reduction {"order": 6, "method": "modal", "vmc_condition": 1.1692020288503353, "projection_condition": 24.928412986500543, "omitted_radius": 0.986525386712174, "max_relative_frf_error": 0.0028457372278306503, "reduced_closed_radius": 0.998875960691861, "full_closed_radius": 0.9988769768204375, "linear_pass": true}
reduction {"order": 6, "method": "modal", "vmc_condition": 1.0703721088466125, "projection_condition": 26.96332831445564, "omitted_radius": 0.9865003916921553, "max_relative_frf_error": 0.0029245363631001517, "reduced_closed_radius": 0.9988613177526111, "full_closed_radius": 0.9988623451106616, "linear_pass": true}
reduction {"order": 6, "method": "modal", "vmc_condition": 1.898231218528725, "projection_condition": 29.632941238874096, "omitted_radius": 0.9900192987081642, "max_relative_frf_error": 0.003472138238343771, "reduced_closed_radius": 0.9988501522974549, "full_closed_radius": 0.998851314107305, "linear_pass": true}
Warp 1.17.0 initialized:
   CUDA Toolkit 12.9, Driver 13.0
   Devices:
     "cpu"      : "x86_64"
     "cuda:0"   : "NVIDIA GeForce RTX 5060 Laptop GPU" (8 GiB, sm_120, mempool enabled)
   Kernel cache:
     /home/wmt/.cache/warp/1.17.0
reduction {"order": 6, "method": "modal", "vmc_condition": 1.3782055460660536, "projection_condition": 22.807120144044745, "omitted_radius": 0.9935578112614408, "max_relative_frf_error": 0.002848389025117791, "reduced_closed_radius": 0.9989510591868617, "full_closed_radius": 0.998951972942502, "linear_pass": true}
reduction {"order": 6, "method": "modal", "vmc_condition": 1.4999430560359601, "projection_condition": 20.927270009449636, "omitted_radius": 0.9870748210524375, "max_relative_frf_error": 0.0025988345424261435, "reduced_closed_radius": 0.9989220057139586, "full_closed_radius": 0.9989229199995769, "linear_pass": true}
reduction {"order": 6, "method": "modal", "vmc_condition": 1.1692020288503353, "projection_condition": 24.77954529917417, "omitted_radius": 0.9865248329640839, "max_relative_frf_error": 0.0028353847996350056, "reduced_closed_radius": 0.998875822776472, "full_closed_radius": 0.9988768546432709, "linear_pass": true}
reduction {"order": 6, "method": "modal", "vmc_condition": 1.0703721088466125, "projection_condition": 26.86518990156714, "omitted_radius": 0.9865208575083134, "max_relative_frf_error": 0.0029161310892778748, "reduced_closed_radius": 0.9988611909147412, "full_closed_radius": 0.9988622275746445, "linear_pass": true}
reduction {"order": 6, "method": "modal", "vmc_condition": 1.898231218528725, "projection_condition": 30.430514512924493, "omitted_radius": 0.9900095341205083, "max_relative_frf_error": 0.003464656240716812, "reduced_closed_radius": 0.9988503518062063, "full_closed_radius": 0.9988515290564789, "linear_pass": true}
Module native.environment 50f2948 load on device 'cuda:0' took 5.76 ms  (cached)
Module mujoco_warp._src.smooth d04e5a7 load on device 'cuda:0' took 3.29 ms  (cached)
Module _nxn_broadphase__locals__kernel_e53c1aaf e53c1aa load on device 'cuda:0' took 0.41 ms  (cached)
Module ccd_kernel_builder__locals__ccd_kernel_dc932c87 dc932c8 load on device 'cuda:0' took 1.50 ms  (cached)
Module ccd_kernel_builder__locals__ccd_kernel_dc932c87 0536302 load on device 'cuda:0' took 1.33 ms  (cached)
Module ccd_kernel_builder__locals__ccd_kernel_77faf322 77faf32 load on device 'cuda:0' took 1.20 ms  (cached)
Module ccd_kernel_builder__locals__ccd_kernel_77faf322 6ee6343 load on device 'cuda:0' took 1.16 ms  (cached)
Module ccd_kernel_builder__locals__ccd_kernel_9b00dbf3 9b00dbf load on device 'cuda:0' took 1.17 ms  (cached)
Module ccd_kernel_builder__locals__ccd_kernel_9b00dbf3 4b7a81d load on device 'cuda:0' took 1.10 ms  (cached)
Module _primitive_narrowphase__locals__primitive_narrowphase_29711bf2 29711bf load on device 'cuda:0' took 0.56 ms  (cached)
Module mujoco_warp._src.constraint 8d4d513 load on device 'cuda:0' took 0.23 ms  (cached)
Module _equality_connect__locals__kernel_95a1902a 95a1902 load on device 'cuda:0' took 0.53 ms  (cached)
Module _friction_dof__locals__kernel_22ded5f6 22ded5f load on device 'cuda:0' took 0.44 ms  (cached)
Module _limit_slide_hinge__locals__kernel_24a318de 24a318d load on device 'cuda:0' took 0.55 ms  (cached)
Module _efc_contact_init__locals__kernel_6bd38bb8 6bd38bb load on device 'cuda:0' took 0.48 ms  (cached)
Module _efc_contact_jac_dense__locals__kernel_b0c1fdf8 5fcbd59 load on device 'cuda:0' took 0.47 ms  (cached)
Module _efc_contact_update__locals__kernel_0221ea98 0221ea9 load on device 'cuda:0' took 0.47 ms  (cached)
Module mujoco_warp._src.sensor 830d16a load on device 'cuda:0' took 1.69 ms  (cached)
Module mujoco_warp._src.forward 4b55789 load on device 'cuda:0' took 1.02 ms  (cached)
Module mujoco_warp._src.passive 80f3681 load on device 'cuda:0' took 1.07 ms  (cached)
Module mujoco_warp._src.support a59a7bc load on device 'cuda:0' took 0.35 ms  (cached)
Module mujoco_warp._src.forward a1745d1 load on device 'cuda:0' took 0.97 ms  (cached)
Module _qfrc_smooth__locals__kernel_8b823980 8b82398 load on device 'cuda:0' took 0.35 ms  (cached)
Module _tile_cholesky_factorize_solve_block__locals__kernel_b2df853c 8e521d6 load on device 'cuda:0' took 20.70 ms  (cached)
Module _solve_init_dof__locals__kernel_021c7a0e 021c7a0 load on device 'cuda:0' took 0.49 ms  (cached)
Module mujoco_warp._src.solver 357f443 load on device 'cuda:0' took 0.91 ms  (cached)
Module _solve_init_jaref_kernel__locals__kernel_2eec593e 2eec593 load on device 'cuda:0' took 3.84 ms  (cached)
Module mul_m_kernel__locals___mul_m_f3de1cc7 f3de1cc load on device 'cuda:0' took 0.56 ms  (cached)
Module _update_constraint_efc__locals__kernel_0539aa50 0539aa5 load on device 'cuda:0' took 0.48 ms  (cached)
Module _update_constraint_init_qfrc_constraint_dense__locals__kernel_bd7ca2ec bd7ca2e load on device 'cuda:0' took 0.35 ms  (cached)
Module _update_gradient_zero_grad_dot__locals__kernel_b20934d7 b20934d load on device 'cuda:0' took 0.33 ms  (cached)
Module _update_gradient_grad__locals__kernel_c876081d c876081 load on device 'cuda:0' took 0.33 ms  (cached)
Module _update_gradient_JTDAJ_dense_tiled__locals__kernel_5c94f5d4 f88e687 load on device 'cuda:0' took 0.51 ms  (cached)
Module _update_gradient_cholesky__locals__kernel_6c06c3f2 efb5dd3 load on device 'cuda:0' took 21.18 ms  (cached)
Module _linesearch_iterative_kernel__locals__kernel_7b6ae456 37b92b5 load on device 'cuda:0' took 0.64 ms  (cached)
Module _update_constraint_efc__locals__kernel_e953547e e953547 load on device 'cuda:0' took 0.48 ms  (cached)
Module _update_constraint_init_qfrc_constraint_dense__locals__kernel_d92a3413 d92a341 load on device 'cuda:0' took 0.36 ms  (cached)
Module _update_gradient_zero_grad_dot__locals__kernel_e9f8c963 e9f8c96 load on device 'cuda:0' took 0.35 ms  (cached)
Module _update_gradient_grad__locals__kernel_87959044 8795904 load on device 'cuda:0' took 0.35 ms  (cached)
Module _update_gradient_cholesky__locals__kernel_835d0b9f fc3b546 load on device 'cuda:0' took 23.12 ms  (cached)
Module _solve_done__locals__kernel_0c4a4b4d 0c4a4b4 load on device 'cuda:0' took 0.37 ms  (cached)
Module native.shared_reference ad9d38f load on device 'cuda:0' took 2.26 ms  (cached)
Module native.controller 565d05e load on device 'cuda:0' took 31.59 ms  (cached)
Module mujoco_warp._src.derivative 8222a58 load on device 'cuda:0' took 2.19 ms  (cached)
Module _next_time_builder__locals___next_time_f604e0b3 f604e0b load on device 'cuda:0' took 0.34 ms  (cached)
Module native.environment 7a50645 load on device 'cuda:0' took 4.66 ms  (cached)
COLLECT 888 same-state snapshots; failures 2
CALIBRATE diff3 {'std': [0.42869208079298604, 0.5144536393965929, 0.2502136206966832], 'log_std': [-0.8470163781567432, -0.6646498358407147, -1.3854402431957433], 'nfev': 9, 'all_objective_calls': 30, 'optimizer_success': True, 'optimizer_message': '`xtol` termination condition is satisfied.', 'pilot_rms': [0.002216155209162529, 0.002196286905410417, 0.0022171126434299064, 0.0021972420817788544, 0.015155818004717806, 0.014707897866706033], 'calibrated_rms': [0.0030360667600545944, 0.0029794487705023256, 0.0030373617013491065, 0.0029807325054043592, 0.01516278536766154, 0.014714659433058993], 'relative_error_to_target': [0.005241750016373947, -0.0009046861294011999, 0.020930872874076023, -0.026430408715728326, -0.004909352236930675, 0.0049426188992873765]}
CALIBRATE virtual6 {'std': [0.4097261767009578, 0.3707822745170789, 0.4980965913670408, 0.4512979728338803, 0.24875763283931124, 0.25098176819671547], 'log_std': [-0.8922662041077404, -0.9921402497850522, -0.6969612621966603, -0.7956274639964507, -1.3912762186330525, -1.3823749791549957], 'nfev': 13, 'all_objective_calls': 73, 'optimizer_success': True, 'optimizer_message': '`xtol` termination condition is satisfied.', 'pilot_rms': [0.00223757598222862, 0.002214288164777136, 0.0022857869604526143, 0.0023342299520931037, 0.015278644416973958, 0.014609593175558303], 'calibrated_rms': [0.0030309068644212285, 0.002964858126119819, 0.0029848162479978713, 0.0030405114083911864, 0.015237731273662554, 0.014642188916104311], 'relative_error_to_target': [0.00353330849439204, -0.0057973510321298605, 0.0032690726572586204, -0.006905368463781203, 9.135253421499456e-06, -6.7794495322015536e-06]}
CALIBRATE torque6 {'std': [0.12554075976359558, 0.12687885119229708, 0.13518880119189675, 0.12591217801375443, 0.24875760617008688, 0.250981613026453], 'log_std': [-2.0751247941467854, -2.0645225754217638, -2.001082950224867, -2.0721706149388495, -1.3912763258427308, -1.3823755974083118], 'nfev': 4, 'all_objective_calls': 28, 'optimizer_success': True, 'optimizer_message': '`xtol` termination condition is satisfied.', 'pilot_rms': [0.005555772242156211, 0.005453355254439335, 0.005196094214355359, 0.005595597451518641, 0.015278644416973958, 0.014609593175558303], 'calibrated_rms': [0.003022291147828285, 0.00298412801607662, 0.002976868815809127, 0.003063931845654872, 0.015237730384272676, 0.014642183769697502], 'relative_error_to_target': [0.0006806446006046851, 0.0006644001969058344, 0.000597748106758722, 0.0007442362871195041, 9.076885283398894e-06, -7.130925117504461e-06]}
PASS CONDITIONAL INITIAL ACTION AUDIT {'states': 12, 'draws_per_state': 16, 'substeps': 40, 'modes': 3, 'checked_ticks': [1, 10, 40], 'native_host_command_max_difference_Nm': 2.384185791015625e-07, 'cpu_direct_motor_force_max_error_Nm': 0.0}
